
> payroll-frontend@0.1.0 build
> vite build

Proxy configuration: {
  isDev: false,
  backendTarget: 'http://localhost:8002',
  isProxyMode: undefined,
  basePath: '/upah/',
  envVars: {
    VITE_BACKEND_HOST: undefined,
    BACKEND_HOST: undefined,
    VITE_BACKEND_PORT: undefined,
    BACKEND_PORT: undefined,
    DEV_MODE: undefined,
    VITE_DEV_MODE: undefined,
    VITE_BASE_PATH: undefined
  }
}
[36mvite v5.4.21 [32mbuilding for production...[36m[39m
transforming...
node.exe : [33m[vite:css] @import must 
precede all other statements (besides @charset 
or empty @layer)
At C:\nvm4w\nodejs\npm.ps1:29 char:3
+   & $NODE_EXE $NPM_CLI_JS $args
+   ~~~~~~~~~~~~~~~~~~~~~~~~~~~~~
    + CategoryInfo          : NotSpecified: ( 
   [33m[vite:css]...r empty @layer):String) [  
  ], RemoteException
    + FullyQualifiedErrorId : NativeCommandErr 
   or
 
293|     GLOBAL PRINT FIX - Import Print 
Optimization
294|     
============================================= 
*/
295|  @import url('./print-optimization.css');
   |  ^^^^^^^^^^^^^^^^^^^^^^^^^^^^^^^^^^^^^^^^
296|  
297|  /* Fallback print styles for any 
component not covered by 
print-optimization.css */[39m
[32mΓ£ô[39m 1980 modules transformed.
[31mx[39m Build failed in 3.04s
[31merror during build:
[31m[vite:esbuild] Transform failed with 1 
error:
D:/Gawean Rebinmas/Monitoring Database/Plantwar
e_Auto_Report/Daftar_Upah_baru/payroll_daftar_u
pah/refactor_production/frontend/src/components
/employee/EmployeeTrendsCharts.jsx:335:9: 
ERROR: The symbol "formatCurrency" has already 
been declared[31m
file: [36mD:/Gawean Rebinmas/Monitoring Databa
se/Plantware_Auto_Report/Daftar_Upah_baru/payro
ll_daftar_upah/refactor_production/frontend/src
/components/employee/EmployeeTrendsCharts.jsx:3
35:9[31m
[33m
[33mThe symbol "formatCurrency" has already 
been declared[33m
333|  
334|  // Helper function for currency 
formatting
335|  function formatCurrency(value, short = 
false) {
   |           ^
336|      if (value === null || value === 
undefined) return '-';
337|      if (short && value >= 1000000) {
[31m
    at failureErrorWithLog (D:\Gawean 
Rebinmas\Monitoring Database\Plantware_Auto_Rep
ort\Daftar_Upah_baru\payroll_daftar_upah\refact
or_production\frontend\node_modules\esbuild\lib
\main.js:1472:15)
    at D:\Gawean Rebinmas\Monitoring Database\P
lantware_Auto_Report\Daftar_Upah_baru\payroll_d
aftar_upah\refactor_production\frontend\node_mo
dules\esbuild\lib\main.js:755:50
    at responseCallbacks.<computed> (D:\Gawean 
Rebinmas\Monitoring Database\Plantware_Auto_Rep
ort\Daftar_Upah_baru\payroll_daftar_upah\refact
or_production\frontend\node_modules\esbuild\lib
\main.js:622:9)
    at handleIncomingPacket (D:\Gawean 
Rebinmas\Monitoring Database\Plantware_Auto_Rep
ort\Daftar_Upah_baru\payroll_daftar_upah\refact
or_production\frontend\node_modules\esbuild\lib
\main.js:677:12)
    at Socket.readFromStdout (D:\Gawean 
Rebinmas\Monitoring Database\Plantware_Auto_Rep
ort\Daftar_Upah_baru\payroll_daftar_upah\refact
or_production\frontend\node_modules\esbuild\lib
\main.js:600:7)
    at Socket.emit (node:events:518:28)
    at addChunk 
(node:internal/streams/readable:561:12)
    at readableAddChunkPushByteMode 
(node:internal/streams/readable:512:3)
    at Readable.push 
(node:internal/streams/readable:392:5)
    at Pipe.onStreamRead 
(node:internal/stream_base_commons:189:23)[39m
