[AuthService] Opening SQLite DB: D:\Gawean Rebinmas\PORTAL_ESTATE\Plantware_Auto_Report\Daftar_Upah_baru\payroll_daftar_upah\refactor_production\backend\data\users.db
[HarvesterService] Staging DB disabled by default as requested
🦊 Elysia is running at 0.0.0.0:8002
Run Mode: prod
Auth Mode: external
Database: db_ptrj @ SERVER_PROFILE_2
[EmployeeHrDataService] Tables ensured successfully
[AuthService] Verifying token. Token starts with: eyJhbGciOi...
[AuthService] Verifying token. Token starts with: eyJhbGciOi...
[AuthService] Verifying token. Token starts with: eyJhbGciOi...
[AuthService] External token verified.
[AuthService] Normalized divisions for user admin: ["PG1A","PG1B","PG2A","PG2B","DME","ARA","ARB1","ARB2","INF","ARC","IJL","STF-OFFICE","SECURITY"] -> ["PG1A","PG1B","PG2A","PG2B","DME","ARA","ARB1","ARB2","INF","ARC","IJL","STF-OFFICE","SECURITY"]
[AuthService] External token verified.
[AuthService] Normalized divisions for user admin: ["PG1A","PG1B","PG2A","PG2B","DME","ARA","ARB1","ARB2","INF","ARC","IJL","STF-OFFICE","SECURITY"] -> ["PG1A","PG1B","PG2A","PG2B","DME","ARA","ARB1","ARB2","INF","ARC","IJL","STF-OFFICE","SECURITY"]
[GangService] fetchGangs triggered - Div: PG2B, Search: undefined, Profile: SERVER_PROFILE_2, DB: db_ptrj
[DivisionConfigService] getGangsForDivision (Enhanced): PG2B, resolved: PG2B, type: real
[AuthService] External token verified.
[AuthService] Normalized divisions for user admin: ["PG1A","PG1B","PG2A","PG2B","DME","ARA","ARB1","ARB2","INF","ARC","IJL","STF-OFFICE","SECURITY"] -> ["PG1A","PG1B","PG2A","PG2B","DME","ARA","ARB1","ARB2","INF","ARC","IJL","STF-OFFICE","SECURITY"]
[AuthService] Verifying token. Token starts with: eyJhbGciOi...
[AuthService] Verifying token. Token starts with: eyJhbGciOi...
[AuthService] Verifying token. Token starts with: eyJhbGciOi...
[AuthService] External token verified.
[AuthService] Normalized divisions for user admin: ["PG1A","PG1B","PG2A","PG2B","DME","ARA","ARB1","ARB2","INF","ARC","IJL","STF-OFFICE","SECURITY"] -> ["PG1A","PG1B","PG2A","PG2B","DME","ARA","ARB1","ARB2","INF","ARC","IJL","STF-OFFICE","SECURITY"]
[AuthService] External token verified.
[AuthService] Normalized divisions for user admin: ["PG1A","PG1B","PG2A","PG2B","DME","ARA","ARB1","ARB2","INF","ARC","IJL","STF-OFFICE","SECURITY"] -> ["PG1A","PG1B","PG2A","PG2B","DME","ARA","ARB1","ARB2","INF","ARC","IJL","STF-OFFICE","SECURITY"]
[AuthService] Verifying token. Token starts with: eyJhbGciOi...
[AuthService] Verifying token. Token starts with: eyJhbGciOi...
[AuthService] Verifying token. Token starts with: eyJhbGciOi...
[AuthService] External token verified.
[AuthService] Normalized divisions for user admin: ["PG1A","PG1B","PG2A","PG2B","DME","ARA","ARB1","ARB2","INF","ARC","IJL","STF-OFFICE","SECURITY"] -> ["PG1A","PG1B","PG2A","PG2B","DME","ARA","ARB1","ARB2","INF","ARC","IJL","STF-OFFICE","SECURITY"]
[AuthService] External token verified.
[AuthService] Normalized divisions for user admin: ["PG1A","PG1B","PG2A","PG2B","DME","ARA","ARB1","ARB2","INF","ARC","IJL","STF-OFFICE","SECURITY"] -> ["PG1A","PG1B","PG2A","PG2B","DME","ARA","ARB1","ARB2","INF","ARC","IJL","STF-OFFICE","SECURITY"]
[AuthService] External token verified.
[AuthService] Normalized divisions for user admin: ["PG1A","PG1B","PG2A","PG2B","DME","ARA","ARB1","ARB2","INF","ARC","IJL","STF-OFFICE","SECURITY"] -> ["PG1A","PG1B","PG2A","PG2B","DME","ARA","ARB1","ARB2","INF","ARC","IJL","STF-OFFICE","SECURITY"]
[GangService] fetchGangs triggered - Div: PG2B, Search: undefined, Profile: SERVER_PROFILE_2, DB: db_ptrj
[DivisionConfigService] getGangsForDivision (Enhanced): PG2B, resolved: PG2B, type: real
[AuthService] Verifying token. Token starts with: eyJhbGciOi...
[AuthService] Verifying token. Token starts with: eyJhbGciOi...
[AuthService] External token verified.
[AuthService] Normalized divisions for user admin: ["PG1A","PG1B","PG2A","PG2B","DME","ARA","ARB1","ARB2","INF","ARC","IJL","STF-OFFICE","SECURITY"] -> ["PG1A","PG1B","PG2A","PG2B","DME","ARA","ARB1","ARB2","INF","ARC","IJL","STF-OFFICE","SECURITY"]
[DivisionConfigService] getGangsForDivision (Enhanced): PG2B, resolved: PG2B, type: real
[AuthService] External token verified.
[AuthService] Normalized divisions for user admin: ["PG1A","PG1B","PG2A","PG2B","DME","ARA","ARB1","ARB2","INF","ARC","IJL","STF-OFFICE","SECURITY"] -> ["PG1A","PG1B","PG2A","PG2B","DME","ARA","ARB1","ARB2","INF","ARC","IJL","STF-OFFICE","SECURITY"]
[AuthService] External token verified.
[AuthService] Normalized divisions for user admin: ["PG1A","PG1B","PG2A","PG2B","DME","ARA","ARB1","ARB2","INF","ARC","IJL","STF-OFFICE","SECURITY"] -> ["PG1A","PG1B","PG2A","PG2B","DME","ARA","ARB1","ARB2","INF","ARC","IJL","STF-OFFICE","SECURITY"]
[AuthService] Verifying token. Token starts with: eyJhbGciOi...
[AuthService] External token verified.
[AuthService] Normalized divisions for user admin: ["PG1A","PG1B","PG2A","PG2B","DME","ARA","ARB1","ARB2","INF","ARC","IJL","STF-OFFICE","SECURITY"] -> ["PG1A","PG1B","PG2A","PG2B","DME","ARA","ARB1","ARB2","INF","ARC","IJL","STF-OFFICE","SECURITY"]
[GangService] divisionConfigService returned 0 gangs for PG2B
[GangService] Returning 0 gangs.
[GangService] divisionConfigService returned 0 gangs for PG2B
[GangService] Returning 0 gangs.
[DivisionConfigService] getGangsForDivision (Enhanced): PG2B, resolved: PG2B, type: real
[DivisionConfigService] getGangsForDivision (Enhanced): PG2B, resolved: PG2B, type: real
[SummaryService] getDivisionSummary for PG2B: 0 gangs
[SummaryService] Gang codes: []
[SummaryService] getDivisionSummary for PG2B: 0 gangs
[SummaryService] Gang codes: []
[AuthService] Verifying token. Token starts with: eyJhbGciOi...
[AuthService] External token verified.
[AuthService] Normalized divisions for user admin: ["PG1A","PG1B","PG2A","PG2B","DME","ARA","ARB1","ARB2","INF","ARC","IJL","STF-OFFICE","SECURITY"] -> ["PG1A","PG1B","PG2A","PG2B","DME","ARA","ARB1","ARB2","INF","ARC","IJL","STF-OFFICE","SECURITY"]
[DivisionConfigService] getGangsForDivision (Enhanced): PG2B, resolved: PG2B, type: real
[AuthService] Verifying token. Token starts with: eyJhbGciOi...
[AuthService] Verifying token. Token starts with: eyJhbGciOi...
[AuthService] External token verified.
[AuthService] Normalized divisions for user admin: ["PG1A","PG1B","PG2A","PG2B","DME","ARA","ARB1","ARB2","INF","ARC","IJL","STF-OFFICE","SECURITY"] -> ["PG1A","PG1B","PG2A","PG2B","DME","ARA","ARB1","ARB2","INF","ARC","IJL","STF-OFFICE","SECURITY"]
[AuthService] External token verified.
[AuthService] Normalized divisions for user admin: ["PG1A","PG1B","PG2A","PG2B","DME","ARA","ARB1","ARB2","INF","ARC","IJL","STF-OFFICE","SECURITY"] -> ["PG1A","PG1B","PG2A","PG2B","DME","ARA","ARB1","ARB2","INF","ARC","IJL","STF-OFFICE","SECURITY"]
[AuthService] Verifying token. Token starts with: eyJhbGciOi...
[AuthService] Verifying token. Token starts with: eyJhbGciOi...
[AuthService] Verifying token. Token starts with: eyJhbGciOi...
[AuthService] Verifying token. Token starts with: eyJhbGciOi...
[AuthService] External token verified.
[AuthService] Normalized divisions for user admin: ["PG1A","PG1B","PG2A","PG2B","DME","ARA","ARB1","ARB2","INF","ARC","IJL","STF-OFFICE","SECURITY"] -> ["PG1A","PG1B","PG2A","PG2B","DME","ARA","ARB1","ARB2","INF","ARC","IJL","STF-OFFICE","SECURITY"]
[AuthService] External token verified.
[AuthService] Normalized divisions for user admin: ["PG1A","PG1B","PG2A","PG2B","DME","ARA","ARB1","ARB2","INF","ARC","IJL","STF-OFFICE","SECURITY"] -> ["PG1A","PG1B","PG2A","PG2B","DME","ARA","ARB1","ARB2","INF","ARC","IJL","STF-OFFICE","SECURITY"]
[DivisionConfigService] getGangsForDivision (Enhanced): PG2B, resolved: PG2B, type: real
[AuthService] External token verified.
[AuthService] Normalized divisions for user admin: ["PG1A","PG1B","PG2A","PG2B","DME","ARA","ARB1","ARB2","INF","ARC","IJL","STF-OFFICE","SECURITY"] -> ["PG1A","PG1B","PG2A","PG2B","DME","ARA","ARB1","ARB2","INF","ARC","IJL","STF-OFFICE","SECURITY"]
[AuthService] Verifying token. Token starts with: eyJhbGciOi...
[AuthService] External token verified.
[AuthService] Normalized divisions for user admin: ["PG1A","PG1B","PG2A","PG2B","DME","ARA","ARB1","ARB2","INF","ARC","IJL","STF-OFFICE","SECURITY"] -> ["PG1A","PG1B","PG2A","PG2B","DME","ARA","ARB1","ARB2","INF","ARC","IJL","STF-OFFICE","SECURITY"]
[AuthService] Verifying token. Token starts with: eyJhbGciOi...
[AuthService] External token verified.
[AuthService] Normalized divisions for user admin: ["PG1A","PG1B","PG2A","PG2B","DME","ARA","ARB1","ARB2","INF","ARC","IJL","STF-OFFICE","SECURITY"] -> ["PG1A","PG1B","PG2A","PG2B","DME","ARA","ARB1","ARB2","INF","ARC","IJL","STF-OFFICE","SECURITY"]
[AuthService] External token verified.
[AuthService] Normalized divisions for user admin: ["PG1A","PG1B","PG2A","PG2B","DME","ARA","ARB1","ARB2","INF","ARC","IJL","STF-OFFICE","SECURITY"] -> ["PG1A","PG1B","PG2A","PG2B","DME","ARA","ARB1","ARB2","INF","ARC","IJL","STF-OFFICE","SECURITY"]
[GangService] fetchGangs triggered - Div: PG2B, Search: undefined, Profile: SERVER_PROFILE_2, DB: db_ptrj
[DivisionConfigService] getGangsForDivision (Enhanced): PG2B, resolved: PG2B, type: real
[AuthService] Verifying token. Token starts with: eyJhbGciOi...
[AuthService] External token verified.
[AuthService] Normalized divisions for user admin: ["PG1A","PG1B","PG2A","PG2B","DME","ARA","ARB1","ARB2","INF","ARC","IJL","STF-OFFICE","SECURITY"] -> ["PG1A","PG1B","PG2A","PG2B","DME","ARA","ARB1","ARB2","INF","ARC","IJL","STF-OFFICE","SECURITY"]
[AuthService] Verifying token. Token starts with: eyJhbGciOi...
[AuthService] External token verified.
[AuthService] Normalized divisions for user admin: ["PG1A","PG1B","PG2A","PG2B","DME","ARA","ARB1","ARB2","INF","ARC","IJL","STF-OFFICE","SECURITY"] -> ["PG1A","PG1B","PG2A","PG2B","DME","ARA","ARB1","ARB2","INF","ARC","IJL","STF-OFFICE","SECURITY"]
[SummaryService] getDivisionSummary for PG2B: 0 gangs
[SummaryService] Gang codes: []
[DivisionConfigService] getGangsForDivision (Enhanced): PG2B, resolved: PG2B, type: real
[GangService] divisionConfigService returned 0 gangs for PG2B
[GangService] Returning 0 gangs.
[DivisionConfigService] getGangsForDivision (Enhanced): PG2B, resolved: PG2B, type: real
[DivisionConfigService] getGangsForDivision (Enhanced): PG2B, resolved: PG2B, type: real
[SummaryService] getDivisionSummary for PG2B: 0 gangs
[SummaryService] Gang codes: []
[SummaryService] getDivisionSummary for PG2B: 0 gangs
[SummaryService] Gang codes: []
[SummaryService] getDivisionSummary for PG2B: 0 gangs
[SummaryService] Gang codes: []
[AuthService] Verifying token. Token starts with: eyJhbGciOi...
[AuthService] External token verified.
[AuthService] Normalized divisions for user admin: ["PG1A","PG1B","PG2A","PG2B","DME","ARA","ARB1","ARB2","INF","ARC","IJL","STF-OFFICE","SECURITY"] -> ["PG1A","PG1B","PG2A","PG2B","DME","ARA","ARB1","ARB2","INF","ARC","IJL","STF-OFFICE","SECURITY"]
[AuthService] Verifying token. Token starts with: eyJhbGciOi...
[AuthService] Verifying token. Token starts with: eyJhbGciOi...
[AuthService] Verifying token. Token starts with: eyJhbGciOi...
[AuthService] External token verified.
[AuthService] Normalized divisions for user admin: ["PG1A","PG1B","PG2A","PG2B","DME","ARA","ARB1","ARB2","INF","ARC","IJL","STF-OFFICE","SECURITY"] -> ["PG1A","PG1B","PG2A","PG2B","DME","ARA","ARB1","ARB2","INF","ARC","IJL","STF-OFFICE","SECURITY"]
[AuthService] Verifying token. Token starts with: eyJhbGciOi...
[AuthService] Verifying token. Token starts with: eyJhbGciOi...
[AuthService] External token verified.
[AuthService] Normalized divisions for user admin: ["PG1A","PG1B","PG2A","PG2B","DME","ARA","ARB1","ARB2","INF","ARC","IJL","STF-OFFICE","SECURITY"] -> ["PG1A","PG1B","PG2A","PG2B","DME","ARA","ARB1","ARB2","INF","ARC","IJL","STF-OFFICE","SECURITY"]
[AuthService] External token verified.
[AuthService] Normalized divisions for user admin: ["PG1A","PG1B","PG2A","PG2B","DME","ARA","ARB1","ARB2","INF","ARC","IJL","STF-OFFICE","SECURITY"] -> ["PG1A","PG1B","PG2A","PG2B","DME","ARA","ARB1","ARB2","INF","ARC","IJL","STF-OFFICE","SECURITY"]
[AuthService] External token verified.
[AuthService] Normalized divisions for user admin: ["PG1A","PG1B","PG2A","PG2B","DME","ARA","ARB1","ARB2","INF","ARC","IJL","STF-OFFICE","SECURITY"] -> ["PG1A","PG1B","PG2A","PG2B","DME","ARA","ARB1","ARB2","INF","ARC","IJL","STF-OFFICE","SECURITY"]
[AuthService] External token verified.
[AuthService] Normalized divisions for user admin: ["PG1A","PG1B","PG2A","PG2B","DME","ARA","ARB1","ARB2","INF","ARC","IJL","STF-OFFICE","SECURITY"] -> ["PG1A","PG1B","PG2A","PG2B","DME","ARA","ARB1","ARB2","INF","ARC","IJL","STF-OFFICE","SECURITY"]
[DivisionConfigService] getGangsForDivision (Enhanced): PG2B, resolved: PG2B, type: real
[AuthService] Verifying token. Token starts with: eyJhbGciOi...
[AuthService] Verifying token. Token starts with: eyJhbGciOi...
[AuthService] External token verified.
[AuthService] Normalized divisions for user admin: ["PG1A","PG1B","PG2A","PG2B","DME","ARA","ARB1","ARB2","INF","ARC","IJL","STF-OFFICE","SECURITY"] -> ["PG1A","PG1B","PG2A","PG2B","DME","ARA","ARB1","ARB2","INF","ARC","IJL","STF-OFFICE","SECURITY"]
[AuthService] External token verified.
[AuthService] Normalized divisions for user admin: ["PG1A","PG1B","PG2A","PG2B","DME","ARA","ARB1","ARB2","INF","ARC","IJL","STF-OFFICE","SECURITY"] -> ["PG1A","PG1B","PG2A","PG2B","DME","ARA","ARB1","ARB2","INF","ARC","IJL","STF-OFFICE","SECURITY"]
[GangService] fetchGangs triggered - Div: PG2B, Search: undefined, Profile: SERVER_PROFILE_2, DB: db_ptrj
[DivisionConfigService] getGangsForDivision (Enhanced): PG2B, resolved: PG2B, type: real
[AuthService] Verifying token. Token starts with: eyJhbGciOi...
[AuthService] External token verified.
[AuthService] Normalized divisions for user admin: ["PG1A","PG1B","PG2A","PG2B","DME","ARA","ARB1","ARB2","INF","ARC","IJL","STF-OFFICE","SECURITY"] -> ["PG1A","PG1B","PG2A","PG2B","DME","ARA","ARB1","ARB2","INF","ARC","IJL","STF-OFFICE","SECURITY"]
[AuthService] Verifying token. Token starts with: eyJhbGciOi...
[AuthService] External token verified.
[AuthService] Normalized divisions for user admin: ["PG1A","PG1B","PG2A","PG2B","DME","ARA","ARB1","ARB2","INF","ARC","IJL","STF-OFFICE","SECURITY"] -> ["PG1A","PG1B","PG2A","PG2B","DME","ARA","ARB1","ARB2","INF","ARC","IJL","STF-OFFICE","SECURITY"]
[DivisionConfigService] getGangsForDivision (Enhanced): PG2B, resolved: PG2B, type: real
[GangService] divisionConfigService returned 0 gangs for PG2B
[GangService] Returning 0 gangs.
[DivisionConfigService] getGangsForDivision (Enhanced): PG2B, resolved: PG2B, type: real
[DivisionConfigService] getGangsForDivision (Enhanced): PG2B, resolved: PG2B, type: real
[SummaryService] getDivisionSummary for PG2B: 0 gangs
[SummaryService] Gang codes: []
[SummaryService] getDivisionSummary for PG2B: 0 gangs
[SummaryService] Gang codes: []
[SummaryService] getDivisionSummary for PG2B: 0 gangs
[SummaryService] Gang codes: []
[AuthService] Verifying token. Token starts with: eyJhbGciOi...
[AuthService] Verifying token. Token starts with: eyJhbGciOi...
[AuthService] Verifying token. Token starts with: eyJhbGciOi...
[AuthService] Verifying token. Token starts with: eyJhbGciOi...
[AuthService] Verifying token. Token starts with: eyJhbGciOi...
[AuthService] Verifying token. Token starts with: eyJhbGciOi...
[AuthService] External token verified.
[AuthService] Normalized divisions for user admin: ["PG1A","PG1B","PG2A","PG2B","DME","ARA","ARB1","ARB2","INF","ARC","IJL","STF-OFFICE","SECURITY"] -> ["PG1A","PG1B","PG2A","PG2B","DME","ARA","ARB1","ARB2","INF","ARC","IJL","STF-OFFICE","SECURITY"]
[AuthService] External token verified.
[AuthService] Normalized divisions for user admin: ["PG1A","PG1B","PG2A","PG2B","DME","ARA","ARB1","ARB2","INF","ARC","IJL","STF-OFFICE","SECURITY"] -> ["PG1A","PG1B","PG2A","PG2B","DME","ARA","ARB1","ARB2","INF","ARC","IJL","STF-OFFICE","SECURITY"]
[AuthService] External token verified.
[AuthService] Normalized divisions for user admin: ["PG1A","PG1B","PG2A","PG2B","DME","ARA","ARB1","ARB2","INF","ARC","IJL","STF-OFFICE","SECURITY"] -> ["PG1A","PG1B","PG2A","PG2B","DME","ARA","ARB1","ARB2","INF","ARC","IJL","STF-OFFICE","SECURITY"]
[DivisionConfigService] getGangsForDivision (Enhanced): PG2B, resolved: PG2B, type: real
[AuthService] Verifying token. Token starts with: eyJhbGciOi...
[AuthService] External token verified.
[AuthService] Normalized divisions for user admin: ["PG1A","PG1B","PG2A","PG2B","DME","ARA","ARB1","ARB2","INF","ARC","IJL","STF-OFFICE","SECURITY"] -> ["PG1A","PG1B","PG2A","PG2B","DME","ARA","ARB1","ARB2","INF","ARC","IJL","STF-OFFICE","SECURITY"]
[AuthService] External token verified.
[AuthService] Normalized divisions for user admin: ["PG1A","PG1B","PG2A","PG2B","DME","ARA","ARB1","ARB2","INF","ARC","IJL","STF-OFFICE","SECURITY"] -> ["PG1A","PG1B","PG2A","PG2B","DME","ARA","ARB1","ARB2","INF","ARC","IJL","STF-OFFICE","SECURITY"]
[AuthService] External token verified.
[AuthService] Normalized divisions for user admin: ["PG1A","PG1B","PG2A","PG2B","DME","ARA","ARB1","ARB2","INF","ARC","IJL","STF-OFFICE","SECURITY"] -> ["PG1A","PG1B","PG2A","PG2B","DME","ARA","ARB1","ARB2","INF","ARC","IJL","STF-OFFICE","SECURITY"]
[AuthService] External token verified.
[AuthService] Normalized divisions for user admin: ["PG1A","PG1B","PG2A","PG2B","DME","ARA","ARB1","ARB2","INF","ARC","IJL","STF-OFFICE","SECURITY"] -> ["PG1A","PG1B","PG2A","PG2B","DME","ARA","ARB1","ARB2","INF","ARC","IJL","STF-OFFICE","SECURITY"]
[AuthService] Verifying token. Token starts with: eyJhbGciOi...
[AuthService] External token verified.
[AuthService] Normalized divisions for user admin: ["PG1A","PG1B","PG2A","PG2B","DME","ARA","ARB1","ARB2","INF","ARC","IJL","STF-OFFICE","SECURITY"] -> ["PG1A","PG1B","PG2A","PG2B","DME","ARA","ARB1","ARB2","INF","ARC","IJL","STF-OFFICE","SECURITY"]
[GangService] fetchGangs triggered - Div: PG2B, Search: undefined, Profile: SERVER_PROFILE_2, DB: db_ptrj
[DivisionConfigService] getGangsForDivision (Enhanced): PG2B, resolved: PG2B, type: real
[AuthService] Verifying token. Token starts with: eyJhbGciOi...
[AuthService] External token verified.
[AuthService] Normalized divisions for user admin: ["PG1A","PG1B","PG2A","PG2B","DME","ARA","ARB1","ARB2","INF","ARC","IJL","STF-OFFICE","SECURITY"] -> ["PG1A","PG1B","PG2A","PG2B","DME","ARA","ARB1","ARB2","INF","ARC","IJL","STF-OFFICE","SECURITY"]
[AuthService] Verifying token. Token starts with: eyJhbGciOi...
[AuthService] External token verified.
[AuthService] Normalized divisions for user admin: ["PG1A","PG1B","PG2A","PG2B","DME","ARA","ARB1","ARB2","INF","ARC","IJL","STF-OFFICE","SECURITY"] -> ["PG1A","PG1B","PG2A","PG2B","DME","ARA","ARB1","ARB2","INF","ARC","IJL","STF-OFFICE","SECURITY"]
[DivisionConfigService] getGangsForDivision (Enhanced): PG2B, resolved: PG2B, type: real
[GangService] divisionConfigService returned 0 gangs for PG2B
[GangService] Returning 0 gangs.
[DivisionConfigService] getGangsForDivision (Enhanced): PG2B, resolved: PG2B, type: real
[DivisionConfigService] getGangsForDivision (Enhanced): PG2B, resolved: PG2B, type: real
[SummaryService] getDivisionSummary for PG2B: 0 gangs
[SummaryService] Gang codes: []
[SummaryService] getDivisionSummary for PG2B: 0 gangs
[SummaryService] Gang codes: []
[SummaryService] getDivisionSummary for PG2B: 0 gangs
[SummaryService] Gang codes: []
[AuthService] Verifying token. Token starts with: eyJhbGciOi...
[AuthService] Verifying token. Token starts with: eyJhbGciOi...
[AuthService] External token verified.
[AuthService] Normalized divisions for user admin: ["PG1A","PG1B","PG2A","PG2B","DME","ARA","ARB1","ARB2","INF","ARC","IJL","STF-OFFICE","SECURITY"] -> ["PG1A","PG1B","PG2A","PG2B","DME","ARA","ARB1","ARB2","INF","ARC","IJL","STF-OFFICE","SECURITY"]
[AuthService] Verifying token. Token starts with: eyJhbGciOi...
[AuthService] Verifying token. Token starts with: eyJhbGciOi...
[AuthService] External token verified.
[AuthService] Normalized divisions for user admin: ["PG1A","PG1B","PG2A","PG2B","DME","ARA","ARB1","ARB2","INF","ARC","IJL","STF-OFFICE","SECURITY"] -> ["PG1A","PG1B","PG2A","PG2B","DME","ARA","ARB1","ARB2","INF","ARC","IJL","STF-OFFICE","SECURITY"]
[AuthService] Verifying token. Token starts with: eyJhbGciOi...
[AuthService] Verifying token. Token starts with: eyJhbGciOi...
[AuthService] External token verified.
[AuthService] Normalized divisions for user admin: ["PG1A","PG1B","PG2A","PG2B","DME","ARA","ARB1","ARB2","INF","ARC","IJL","STF-OFFICE","SECURITY"] -> ["PG1A","PG1B","PG2A","PG2B","DME","ARA","ARB1","ARB2","INF","ARC","IJL","STF-OFFICE","SECURITY"]
[AuthService] External token verified.
[AuthService] Normalized divisions for user admin: ["PG1A","PG1B","PG2A","PG2B","DME","ARA","ARB1","ARB2","INF","ARC","IJL","STF-OFFICE","SECURITY"] -> ["PG1A","PG1B","PG2A","PG2B","DME","ARA","ARB1","ARB2","INF","ARC","IJL","STF-OFFICE","SECURITY"]
[DivisionConfigService] getGangsForDivision (Enhanced): PG2B, resolved: PG2B, type: real
[AuthService] External token verified.
[AuthService] Normalized divisions for user admin: ["PG1A","PG1B","PG2A","PG2B","DME","ARA","ARB1","ARB2","INF","ARC","IJL","STF-OFFICE","SECURITY"] -> ["PG1A","PG1B","PG2A","PG2B","DME","ARA","ARB1","ARB2","INF","ARC","IJL","STF-OFFICE","SECURITY"]
[AuthService] Verifying token. Token starts with: eyJhbGciOi...
[AuthService] Verifying token. Token starts with: eyJhbGciOi...
[AuthService] External token verified.
[AuthService] Normalized divisions for user admin: ["PG1A","PG1B","PG2A","PG2B","DME","ARA","ARB1","ARB2","INF","ARC","IJL","STF-OFFICE","SECURITY"] -> ["PG1A","PG1B","PG2A","PG2B","DME","ARA","ARB1","ARB2","INF","ARC","IJL","STF-OFFICE","SECURITY"]
[AuthService] External token verified.
[AuthService] Normalized divisions for user admin: ["PG1A","PG1B","PG2A","PG2B","DME","ARA","ARB1","ARB2","INF","ARC","IJL","STF-OFFICE","SECURITY"] -> ["PG1A","PG1B","PG2A","PG2B","DME","ARA","ARB1","ARB2","INF","ARC","IJL","STF-OFFICE","SECURITY"]
[AuthService] External token verified.
[AuthService] Normalized divisions for user admin: ["PG1A","PG1B","PG2A","PG2B","DME","ARA","ARB1","ARB2","INF","ARC","IJL","STF-OFFICE","SECURITY"] -> ["PG1A","PG1B","PG2A","PG2B","DME","ARA","ARB1","ARB2","INF","ARC","IJL","STF-OFFICE","SECURITY"]
[GangService] fetchGangs triggered - Div: PG2B, Search: undefined, Profile: SERVER_PROFILE_2, DB: db_ptrj
[DivisionConfigService] getGangsForDivision (Enhanced): PG2B, resolved: PG2B, type: real
[AuthService] Verifying token. Token starts with: eyJhbGciOi...
[AuthService] External token verified.
[AuthService] Normalized divisions for user admin: ["PG1A","PG1B","PG2A","PG2B","DME","ARA","ARB1","ARB2","INF","ARC","IJL","STF-OFFICE","SECURITY"] -> ["PG1A","PG1B","PG2A","PG2B","DME","ARA","ARB1","ARB2","INF","ARC","IJL","STF-OFFICE","SECURITY"]
[AuthService] Verifying token. Token starts with: eyJhbGciOi...
[AuthService] External token verified.
[AuthService] Normalized divisions for user admin: ["PG1A","PG1B","PG2A","PG2B","DME","ARA","ARB1","ARB2","INF","ARC","IJL","STF-OFFICE","SECURITY"] -> ["PG1A","PG1B","PG2A","PG2B","DME","ARA","ARB1","ARB2","INF","ARC","IJL","STF-OFFICE","SECURITY"]
[DivisionConfigService] getGangsForDivision (Enhanced): PG2B, resolved: PG2B, type: real
[GangService] divisionConfigService returned 0 gangs for PG2B
[GangService] Returning 0 gangs.
[DivisionConfigService] getGangsForDivision (Enhanced): PG2B, resolved: PG2B, type: real
[DivisionConfigService] getGangsForDivision (Enhanced): PG2B, resolved: PG2B, type: real
[SummaryService] getDivisionSummary for PG2B: 0 gangs
[SummaryService] Gang codes: []
[SummaryService] getDivisionSummary for PG2B: 0 gangs
[SummaryService] Gang codes: []
[SummaryService] getDivisionSummary for PG2B: 0 gangs
[SummaryService] Gang codes: []
[AuthService] Verifying token. Token starts with: eyJhbGciOi...
[AuthService] External token verified.
[AuthService] Normalized divisions for user admin: ["PG1A","PG1B","PG2A","PG2B","DME","ARA","ARB1","ARB2","INF","ARC","IJL","STF-OFFICE","SECURITY"] -> ["PG1A","PG1B","PG2A","PG2B","DME","ARA","ARB1","ARB2","INF","ARC","IJL","STF-OFFICE","SECURITY"]
[AuthService] Verifying token. Token starts with: eyJhbGciOi...
[AuthService] Verifying token. Token starts with: eyJhbGciOi...
[AuthService] Verifying token. Token starts with: eyJhbGciOi...
[AuthService] External token verified.
[AuthService] Normalized divisions for user admin: ["PG1A","PG1B","PG2A","PG2B","DME","ARA","ARB1","ARB2","INF","ARC","IJL","STF-OFFICE","SECURITY"] -> ["PG1A","PG1B","PG2A","PG2B","DME","ARA","ARB1","ARB2","INF","ARC","IJL","STF-OFFICE","SECURITY"]
[AuthService] Verifying token. Token starts with: eyJhbGciOi...
[AuthService] Verifying token. Token starts with: eyJhbGciOi...
[AuthService] External token verified.
[AuthService] Normalized divisions for user admin: ["PG1A","PG1B","PG2A","PG2B","DME","ARA","ARB1","ARB2","INF","ARC","IJL","STF-OFFICE","SECURITY"] -> ["PG1A","PG1B","PG2A","PG2B","DME","ARA","ARB1","ARB2","INF","ARC","IJL","STF-OFFICE","SECURITY"]
[DivisionConfigService] getGangsForDivision (Enhanced): PG2B, resolved: PG2B, type: real
[AuthService] External token verified.
[AuthService] Normalized divisions for user admin: ["PG1A","PG1B","PG2A","PG2B","DME","ARA","ARB1","ARB2","INF","ARC","IJL","STF-OFFICE","SECURITY"] -> ["PG1A","PG1B","PG2A","PG2B","DME","ARA","ARB1","ARB2","INF","ARC","IJL","STF-OFFICE","SECURITY"]
[AuthService] Verifying token. Token starts with: eyJhbGciOi...
[AuthService] External token verified.
[AuthService] Normalized divisions for user admin: ["PG1A","PG1B","PG2A","PG2B","DME","ARA","ARB1","ARB2","INF","ARC","IJL","STF-OFFICE","SECURITY"] -> ["PG1A","PG1B","PG2A","PG2B","DME","ARA","ARB1","ARB2","INF","ARC","IJL","STF-OFFICE","SECURITY"]
[AuthService] External token verified.
[AuthService] Normalized divisions for user admin: ["PG1A","PG1B","PG2A","PG2B","DME","ARA","ARB1","ARB2","INF","ARC","IJL","STF-OFFICE","SECURITY"] -> ["PG1A","PG1B","PG2A","PG2B","DME","ARA","ARB1","ARB2","INF","ARC","IJL","STF-OFFICE","SECURITY"]
[AuthService] Verifying token. Token starts with: eyJhbGciOi...
[AuthService] External token verified.
[AuthService] Normalized divisions for user admin: ["PG1A","PG1B","PG2A","PG2B","DME","ARA","ARB1","ARB2","INF","ARC","IJL","STF-OFFICE","SECURITY"] -> ["PG1A","PG1B","PG2A","PG2B","DME","ARA","ARB1","ARB2","INF","ARC","IJL","STF-OFFICE","SECURITY"]
[AuthService] External token verified.
[AuthService] Normalized divisions for user admin: ["PG1A","PG1B","PG2A","PG2B","DME","ARA","ARB1","ARB2","INF","ARC","IJL","STF-OFFICE","SECURITY"] -> ["PG1A","PG1B","PG2A","PG2B","DME","ARA","ARB1","ARB2","INF","ARC","IJL","STF-OFFICE","SECURITY"]
[GangService] fetchGangs triggered - Div: PG2B, Search: undefined, Profile: SERVER_PROFILE_2, DB: db_ptrj
[DivisionConfigService] getGangsForDivision (Enhanced): PG2B, resolved: PG2B, type: real
[AuthService] Verifying token. Token starts with: eyJhbGciOi...
[AuthService] External token verified.
[AuthService] Normalized divisions for user admin: ["PG1A","PG1B","PG2A","PG2B","DME","ARA","ARB1","ARB2","INF","ARC","IJL","STF-OFFICE","SECURITY"] -> ["PG1A","PG1B","PG2A","PG2B","DME","ARA","ARB1","ARB2","INF","ARC","IJL","STF-OFFICE","SECURITY"]
[AuthService] Verifying token. Token starts with: eyJhbGciOi...
[AuthService] External token verified.
[AuthService] Normalized divisions for user admin: ["PG1A","PG1B","PG2A","PG2B","DME","ARA","ARB1","ARB2","INF","ARC","IJL","STF-OFFICE","SECURITY"] -> ["PG1A","PG1B","PG2A","PG2B","DME","ARA","ARB1","ARB2","INF","ARC","IJL","STF-OFFICE","SECURITY"]
[DivisionConfigService] getGangsForDivision (Enhanced): PG2B, resolved: PG2B, type: real
[GangService] divisionConfigService returned 0 gangs for PG2B
[GangService] Returning 0 gangs.
[DivisionConfigService] getGangsForDivision (Enhanced): PG2B, resolved: PG2B, type: real
[DivisionConfigService] getGangsForDivision (Enhanced): PG2B, resolved: PG2B, type: real
[SummaryService] getDivisionSummary for PG2B: 0 gangs
[SummaryService] Gang codes: []
[SummaryService] getDivisionSummary for PG2B: 0 gangs
[SummaryService] Gang codes: []
[SummaryService] getDivisionSummary for PG2B: 0 gangs
[SummaryService] Gang codes: []
