$ bun run src/index.ts
[Logger] Failed to initialize log file: 51 |                 require("fs").mkdirSync(logDir, { recursive: true });
52 |             }
53 | 
54 |             // Clear log file on startup if configured
55 |             if (this.clearLogsOnStartup && existsSync(this.logFilePath)) {
56 |                 require("fs").unlinkSync(this.logFilePath);
                                   ^
EPERM: operation not permitted, unlink 'D:\Gawean Rebinmas\PORTAL_ESTATE\Plantware_Auto_Report\Daftar_Upah_baru\payroll_daftar_upah\refactor_production\backend\logs\error.log'
    path: "D:\\Gawean Rebinmas\\PORTAL_ESTATE\\Plantware_Auto_Report\\Daftar_Upah_baru\\payroll_daftar_upah\\refactor_production\\backend\\logs\\error.log",
 syscall: "unlink",
   errno: -1,
    code: "EPERM"

      at initializeLogFile (D:\Gawean Rebinmas\PORTAL_ESTATE\Plantware_Auto_Report\Daftar_Upah_baru\payroll_daftar_upah\refactor_production\backend\src\utils\logger.ts:56:31)
      at new Logger (D:\Gawean Rebinmas\PORTAL_ESTATE\Plantware_Auto_Report\Daftar_Upah_baru\payroll_daftar_upah\refactor_production\backend\src\utils\logger.ts:40:14)
      at D:\Gawean Rebinmas\PORTAL_ESTATE\Plantware_Auto_Report\Daftar_Upah_baru\payroll_daftar_upah\refactor_production\backend\src\utils\logger.ts:183:16
      at loadAndEvaluateModule (2:1)

[04:39:41.925] [ERROR] [DB_TRANSACTION] Transaction request failed Error: Unable to connect. Is the computer able to access the url?
[04:39:41.929] [ERROR] [DB] Query failed (Attempt 1/4) Error: Unable to connect. Is the computer able to access the url?
[04:39:41.930] [ERROR] [DB] Query failed (Attempt 1/4) Error: Unable to connect. Is the computer able to access the url?
[04:39:42.437] [ERROR] [DB] Query failed (Attempt 2/4) Error: Unable to connect. Is the computer able to access the url?
[04:39:42.443] [ERROR] [DB] Query failed (Attempt 2/4) Error: Unable to connect. Is the computer able to access the url?
[04:39:43.442] [ERROR] [DB] Query failed (Attempt 3/4) Error: Unable to connect. Is the computer able to access the url?
[04:39:43.453] [ERROR] [DB] Query failed (Attempt 3/4) Error: Unable to connect. Is the computer able to access the url?
[04:39:45.457] [ERROR] [DB] Query failed (Attempt 4/4) Error: Unable to connect. Is the computer able to access the url?
[04:39:45.460] [ERROR] [OtherIncomes] Init table error: Error: Unable to connect. Is the computer able to access the url?
[04:39:45.461] [ERROR] [DB] Query failed (Attempt 4/4) Error: Unable to connect. Is the computer able to access the url?
[HistoryDatabaseService] Migration failed: Unable to connect. Is the computer able to access the url?
[04:39:45.463] [ERROR] [Init] Failed to migrate new_nik column Error: Unable to connect. Is the computer able to access the url?
[06:55:14.229] [ERROR] [DB] Query failed (Attempt 1/4) Error: Unable to connect. Is the computer able to access the url?
[06:55:14.235] [ERROR] [DB] Query failed (Attempt 1/4) Error: Unable to connect. Is the computer able to access the url?
[06:55:14.236] [ERROR] [DB] Query failed (Attempt 1/4) Error: Unable to connect. Is the computer able to access the url?
[06:55:14.738] [ERROR] [DB] Query failed (Attempt 2/4) Error: Unable to connect. Is the computer able to access the url?
[06:55:14.741] [ERROR] [DB] Query failed (Attempt 2/4) Error: Unable to connect. Is the computer able to access the url?
[06:55:14.742] [ERROR] [DB] Query failed (Attempt 2/4) Error: Unable to connect. Is the computer able to access the url?
[06:55:15.737] [ERROR] [DB] Query failed (Attempt 3/4) Error: Unable to connect. Is the computer able to access the url?
[06:55:15.741] [ERROR] [DB] Query failed (Attempt 3/4) Error: Unable to connect. Is the computer able to access the url?
[06:55:15.752] [ERROR] [DB] Query failed (Attempt 3/4) Error: Unable to connect. Is the computer able to access the url?
[06:55:17.747] [ERROR] [DB] Query failed (Attempt 4/4) Error: Unable to connect. Is the computer able to access the url?
[06:55:17.757] [ERROR] [DB] Query failed (Attempt 4/4) Error: Unable to connect. Is the computer able to access the url?
[06:55:17.758] [ERROR] [SummaryService] Failed to get metadata for aggregation: Error: Unable to connect. Is the computer able to access the url?
[06:55:17.763] [ERROR] [DB] Query failed (Attempt 4/4) Error: Unable to connect. Is the computer able to access the url?
[06:55:17.764] [ERROR] [DB] Query failed (Attempt 1/4) Error: Unable to connect. Is the computer able to access the url?
[06:55:17.765] [ERROR] [DB] Query failed (Attempt 1/4) Error: Unable to connect. Is the computer able to access the url?
[06:55:17.766] [ERROR] [DB] Query failed (Attempt 1/4) Error: Unable to connect. Is the computer able to access the url?
[06:55:17.767] [ERROR] [DB] Query failed (Attempt 1/4) Error: Unable to connect. Is the computer able to access the url?
[06:55:18.274] [ERROR] [DB] Query failed (Attempt 2/4) Error: Unable to connect. Is the computer able to access the url?
[06:55:18.284] [ERROR] [DB] Query failed (Attempt 2/4) Error: Unable to connect. Is the computer able to access the url?
[06:55:18.284] [ERROR] [DB] Query failed (Attempt 2/4) Error: Unable to connect. Is the computer able to access the url?
[06:55:18.285] [ERROR] [DB] Query failed (Attempt 2/4) Error: Unable to connect. Is the computer able to access the url?
[06:55:19.288] [ERROR] [DB] Query failed (Attempt 3/4) Error: Unable to connect. Is the computer able to access the url?
[06:55:19.298] [ERROR] [DB] Query failed (Attempt 3/4) Error: Unable to connect. Is the computer able to access the url?
[06:55:19.298] [ERROR] [DB] Query failed (Attempt 3/4) Error: Unable to connect. Is the computer able to access the url?
[06:55:19.299] [ERROR] [DB] Query failed (Attempt 3/4) Error: Unable to connect. Is the computer able to access the url?
[06:55:21.306] [ERROR] [DB] Query failed (Attempt 4/4) Error: Unable to connect. Is the computer able to access the url?
[SummaryRoutes] Error in all-divisions report: 136 |                 }
137 | 
138 |                 const controller = new AbortController();
139 |                 const timeoutId = setTimeout(() => controller.abort(), queryTimeout * 1000);
140 | 
141 |                 const response = await fetch(`${this.baseUrl}/v1/query`, {
                                             ^
error: Unable to connect. Is the computer able to access the url?
  path: "http://10.0.0.110:8001/v1/query",
 errno: 0,
  code: "ConnectionRefused"

      at query (D:\Gawean Rebinmas\PORTAL_ESTATE\Plantware_Auto_Report\Daftar_Upah_baru\payroll_daftar_upah\refactor_production\backend\src\db\client.ts:141:40)
      at getAllDivisionsPremiTotals (D:\Gawean Rebinmas\PORTAL_ESTATE\Plantware_Auto_Report\Daftar_Upah_baru\payroll_daftar_upah\refactor_production\backend\src\services\summaryService.ts:396:44)
      at D:\Gawean Rebinmas\PORTAL_ESTATE\Plantware_Auto_Report\Daftar_Upah_baru\payroll_daftar_upah\refactor_production\backend\src\api\summary.ts:361:30
      at handle (file:///D:/Gawean%20Rebinmas/PORTAL_ESTATE/Plantware_Auto_Report/Daftar_Upah_baru/payroll_daftar_upah/refactor_production/backend/node_modules/elysia/dist/bun/index.js:21:47)

[SummaryRoutes] Error details: {
  message: "Unable to connect. Is the computer able to access the url?",
  stack: "Error: Unable to connect. Is the computer able to access the url?\n    at async query (D:\\Gawean Rebinmas\\PORTAL_ESTATE\\Plantware_Auto_Report\\Daftar_Upah_baru\\payroll_daftar_upah\\refactor_production\\backend\\src\\db\\client.ts:141:40)\n    at async getAllDivisionsPremiTotals (D:\\Gawean Rebinmas\\PORTAL_ESTATE\\Plantware_Auto_Report\\Daftar_Upah_baru\\payroll_daftar_upah\\refactor_production\\backend\\src\\services\\summaryService.ts:227:84)\n    at async <anonymous> (D:\\Gawean Rebinmas\\PORTAL_ESTATE\\Plantware_",
  month: 4,
  year: 2026,
  includeVirtual: true,
}
[06:55:21.317] [WARN] [HTTP] SLOW GET /payroll/summary/all-divisions 7097ms
[06:55:21.317] [ERROR] [DB] Query failed (Attempt 4/4) Error: Unable to connect. Is the computer able to access the url?
[06:55:21.318] [ERROR] [SummaryService] Failed to get metadata for aggregation: Error: Unable to connect. Is the computer able to access the url?
[06:55:21.319] [ERROR] [DB] Query failed (Attempt 4/4) Error: Unable to connect. Is the computer able to access the url?
[06:55:21.319] [ERROR] [DB] Query failed (Attempt 4/4) Error: Unable to connect. Is the computer able to access the url?
[06:55:21.319] [ERROR] [SummaryService] Failed to fetch tonase from mill: Error: "Unable to connect. Is the computer able to access the url?"
[06:55:21.320] [ERROR] [DB] Query failed (Attempt 1/4) Error: Unable to connect. Is the computer able to access the url?
[06:55:21.826] [ERROR] [DB] Query failed (Attempt 2/4) Error: Unable to connect. Is the computer able to access the url?
[06:55:22.851] [ERROR] [DB] Query failed (Attempt 3/4) Error: Unable to connect. Is the computer able to access the url?
[06:55:24.892] [ERROR] [DB] Query failed (Attempt 4/4) Error: Unable to connect. Is the computer able to access the url?
[06:55:25.211] [ERROR] [DB] Query failed (Attempt 1/4) Error: Unable to connect. Is the computer able to access the url?
[06:55:25.213] [ERROR] [DB] Query failed (Attempt 1/4) Error: Unable to connect. Is the computer able to access the url?
[06:55:25.215] [ERROR] [DB] Query failed (Attempt 1/4) Error: Unable to connect. Is the computer able to access the url?
[06:55:25.235] [ERROR] [DB] Query failed (Attempt 1/4) Error: Unable to connect. Is the computer able to access the url?
[06:55:25.246] [ERROR] [DB] Query failed (Attempt 1/4) Error: Unable to connect. Is the computer able to access the url?
[06:55:25.718] [ERROR] [DB] Query failed (Attempt 2/4) Error: Unable to connect. Is the computer able to access the url?
[06:55:25.729] [ERROR] [DB] Query failed (Attempt 2/4) Error: Unable to connect. Is the computer able to access the url?
[06:55:25.730] [ERROR] [DB] Query failed (Attempt 2/4) Error: Unable to connect. Is the computer able to access the url?
[06:55:25.748] [ERROR] [DB] Query failed (Attempt 2/4) Error: Unable to connect. Is the computer able to access the url?
[06:55:25.753] [ERROR] [DB] Query failed (Attempt 2/4) Error: Unable to connect. Is the computer able to access the url?
[06:55:26.763] [ERROR] [DB] Query failed (Attempt 3/4) Error: Unable to connect. Is the computer able to access the url?
[06:55:26.766] [ERROR] [DB] Query failed (Attempt 3/4) Error: Unable to connect. Is the computer able to access the url?
[06:55:26.766] [ERROR] [DB] Query failed (Attempt 3/4) Error: Unable to connect. Is the computer able to access the url?
[06:55:26.767] [ERROR] [DB] Query failed (Attempt 3/4) Error: Unable to connect. Is the computer able to access the url?
[06:55:26.767] [ERROR] [DB] Query failed (Attempt 3/4) Error: Unable to connect. Is the computer able to access the url?
[06:55:28.766] [ERROR] [DB] Query failed (Attempt 4/4) Error: Unable to connect. Is the computer able to access the url?
[06:55:28.768] [ERROR] [DB] Query failed (Attempt 4/4) Error: Unable to connect. Is the computer able to access the url?
[06:55:28.769] [ERROR] [SummaryService] Failed to get metadata for aggregation: Error: Unable to connect. Is the computer able to access the url?
[06:55:28.770] [ERROR] [DB] Query failed (Attempt 4/4) Error: Unable to connect. Is the computer able to access the url?
[06:55:28.770] [ERROR] [DB] Query failed (Attempt 4/4) Error: Unable to connect. Is the computer able to access the url?
[CurrentPeriodService] PR_TASKREG query failed, falling back to aggregation history: Unable to connect. Is the computer able to access the url?
[06:55:28.771] [ERROR] [DB] Query failed (Attempt 4/4) Error: Unable to connect. Is the computer able to access the url?
[DivisionConfigService] Discovery failed for PG2A: 136 |                 }
137 | 
138 |                 const controller = new AbortController();
139 |                 const timeoutId = setTimeout(() => controller.abort(), queryTimeout * 1000);
140 | 
141 |                 const response = await fetch(`${this.baseUrl}/v1/query`, {
                                             ^
error: Unable to connect. Is the computer able to access the url?
  path: "http://10.0.0.110:8001/v1/query",
 errno: 0,
  code: "ConnectionRefused"

      at query (D:\Gawean Rebinmas\PORTAL_ESTATE\Plantware_Auto_Report\Daftar_Upah_baru\payroll_daftar_upah\refactor_production\backend\src\db\client.ts:141:40)
      at getGangsForDivision (D:\Gawean Rebinmas\PORTAL_ESTATE\Plantware_Auto_Report\Daftar_Upah_baru\payroll_daftar_upah\refactor_production\backend\src\services\config\DivisionConfigService.ts:611:41)
      at fetchGangs (D:\Gawean Rebinmas\PORTAL_ESTATE\Plantware_Auto_Report\Daftar_Upah_baru\payroll_daftar_upah\refactor_production\backend\src\services\gangService.ts:358:55)
      at D:\Gawean Rebinmas\PORTAL_ESTATE\Plantware_Auto_Report\Daftar_Upah_baru\payroll_daftar_upah\refactor_production\backend\src\api\payroll.ts:327:49
      at handle (file:///D:/Gawean%20Rebinmas/PORTAL_ESTATE/Plantware_Auto_Report/Daftar_Upah_baru/payroll_daftar_upah/refactor_production/backend/node_modules/elysia/dist/bun/index.js:21:47)

[06:55:28.772] [WARN] [HTTP] SLOW GET /payroll/gangs 3532ms
[06:55:28.773] [ERROR] [DB] Query failed (Attempt 1/4) Error: Unable to connect. Is the computer able to access the url?
[06:55:28.774] [ERROR] [DB] Query failed (Attempt 1/4) Error: Unable to connect. Is the computer able to access the url?
[06:55:28.775] [ERROR] [DB] Query failed (Attempt 1/4) Error: Unable to connect. Is the computer able to access the url?
[06:55:28.775] [ERROR] [DB] Query failed (Attempt 1/4) Error: Unable to connect. Is the computer able to access the url?
[06:55:28.776] [ERROR] [DB] Query failed (Attempt 1/4) Error: Unable to connect. Is the computer able to access the url?
[06:55:29.290] [ERROR] [DB] Query failed (Attempt 2/4) Error: Unable to connect. Is the computer able to access the url?
[06:55:29.291] [ERROR] [DB] Query failed (Attempt 2/4) Error: Unable to connect. Is the computer able to access the url?
[06:55:29.291] [ERROR] [DB] Query failed (Attempt 2/4) Error: Unable to connect. Is the computer able to access the url?
[06:55:29.291] [ERROR] [DB] Query failed (Attempt 2/4) Error: Unable to connect. Is the computer able to access the url?
[06:55:29.292] [ERROR] [DB] Query failed (Attempt 2/4) Error: Unable to connect. Is the computer able to access the url?
[06:55:30.316] [ERROR] [DB] Query failed (Attempt 3/4) Error: Unable to connect. Is the computer able to access the url?
[06:55:30.317] [ERROR] [DB] Query failed (Attempt 3/4) Error: Unable to connect. Is the computer able to access the url?
[06:55:30.317] [ERROR] [DB] Query failed (Attempt 3/4) Error: Unable to connect. Is the computer able to access the url?
[06:55:30.318] [ERROR] [DB] Query failed (Attempt 3/4) Error: Unable to connect. Is the computer able to access the url?
[06:55:30.318] [ERROR] [DB] Query failed (Attempt 3/4) Error: Unable to connect. Is the computer able to access the url?
[06:55:32.338] [ERROR] [DB] Query failed (Attempt 4/4) Error: Unable to connect. Is the computer able to access the url?
[SummaryRoutes] Error in all-divisions report: 136 |                 }
137 | 
138 |                 const controller = new AbortController();
139 |                 const timeoutId = setTimeout(() => controller.abort(), queryTimeout * 1000);
140 | 
141 |                 const response = await fetch(`${this.baseUrl}/v1/query`, {
                                             ^
error: Unable to connect. Is the computer able to access the url?
  path: "http://10.0.0.110:8001/v1/query",
 errno: 0,
  code: "ConnectionRefused"

      at query (D:\Gawean Rebinmas\PORTAL_ESTATE\Plantware_Auto_Report\Daftar_Upah_baru\payroll_daftar_upah\refactor_production\backend\src\db\client.ts:141:40)
      at getAllDivisionsPremiTotals (D:\Gawean Rebinmas\PORTAL_ESTATE\Plantware_Auto_Report\Daftar_Upah_baru\payroll_daftar_upah\refactor_production\backend\src\services\summaryService.ts:396:44)
      at D:\Gawean Rebinmas\PORTAL_ESTATE\Plantware_Auto_Report\Daftar_Upah_baru\payroll_daftar_upah\refactor_production\backend\src\api\summary.ts:361:30
      at handle (file:///D:/Gawean%20Rebinmas/PORTAL_ESTATE/Plantware_Auto_Report/Daftar_Upah_baru/payroll_daftar_upah/refactor_production/backend/node_modules/elysia/dist/bun/index.js:21:47)

[SummaryRoutes] Error details: {
  message: "Unable to connect. Is the computer able to access the url?",
  stack: "Error: Unable to connect. Is the computer able to access the url?\n    at async query (D:\\Gawean Rebinmas\\PORTAL_ESTATE\\Plantware_Auto_Report\\Daftar_Upah_baru\\payroll_daftar_upah\\refactor_production\\backend\\src\\db\\client.ts:141:40)\n    at async getAllDivisionsPremiTotals (D:\\Gawean Rebinmas\\PORTAL_ESTATE\\Plantware_Auto_Report\\Daftar_Upah_baru\\payroll_daftar_upah\\refactor_production\\backend\\src\\services\\summaryService.ts:227:84)\n    at async <anonymous> (D:\\Gawean Rebinmas\\PORTAL_ESTATE\\Plantware_",
  month: NaN,
  year: NaN,
  includeVirtual: true,
}
[06:55:32.340] [WARN] [HTTP] SLOW GET /payroll/summary/all-divisions 7129ms
[06:55:32.340] [ERROR] [DB] Query failed (Attempt 4/4) Error: Unable to connect. Is the computer able to access the url?
[06:55:32.341] [ERROR] [SummaryService] Failed to get metadata for aggregation: Error: Unable to connect. Is the computer able to access the url?
[06:55:32.342] [ERROR] [DB] Query failed (Attempt 4/4) Error: Unable to connect. Is the computer able to access the url?
[06:55:32.342] [ERROR] [DB] Query failed (Attempt 4/4) Error: Unable to connect. Is the computer able to access the url?
[06:55:32.343] [ERROR] [SummaryService] Failed to fetch tonase from mill: Error: "Unable to connect. Is the computer able to access the url?"
[06:55:32.343] [ERROR] [DB] Query failed (Attempt 4/4) Error: Unable to connect. Is the computer able to access the url?
[CurrentPeriodService] Aggregation history query failed, using config fallback: Unable to connect. Is the computer able to access the url?
[06:55:32.344] [WARN] [HTTP] SLOW GET /payroll/current-period 7112ms
[06:55:32.345] [ERROR] [DB] Query failed (Attempt 1/4) Error: Unable to connect. Is the computer able to access the url?
[06:55:32.369] [ERROR] [DB] Query failed (Attempt 1/4) Error: Unable to connect. Is the computer able to access the url?
[06:55:32.370] [ERROR] [DB] Query failed (Attempt 1/4) Error: Unable to connect. Is the computer able to access the url?
[06:55:32.371] [ERROR] [DB] Query failed (Attempt 1/4) Error: Unable to connect. Is the computer able to access the url?
[06:55:32.852] [ERROR] [DB] Query failed (Attempt 2/4) Error: Unable to connect. Is the computer able to access the url?
[06:55:32.883] [ERROR] [DB] Query failed (Attempt 2/4) Error: Unable to connect. Is the computer able to access the url?
[06:55:32.885] [ERROR] [DB] Query failed (Attempt 2/4) Error: Unable to connect. Is the computer able to access the url?
[06:55:32.886] [ERROR] [DB] Query failed (Attempt 2/4) Error: Unable to connect. Is the computer able to access the url?
[06:55:33.876] [ERROR] [DB] Query failed (Attempt 3/4) Error: Unable to connect. Is the computer able to access the url?
[06:55:33.908] [ERROR] [DB] Query failed (Attempt 3/4) Error: Unable to connect. Is the computer able to access the url?
[06:55:33.911] [ERROR] [DB] Query failed (Attempt 3/4) Error: Unable to connect. Is the computer able to access the url?
[06:55:33.911] [ERROR] [DB] Query failed (Attempt 3/4) Error: Unable to connect. Is the computer able to access the url?
[06:55:35.899] [ERROR] [DB] Query failed (Attempt 4/4) Error: Unable to connect. Is the computer able to access the url?
[06:55:35.928] [ERROR] [DB] Query failed (Attempt 4/4) Error: Unable to connect. Is the computer able to access the url?
[06:55:35.930] [ERROR] [SummaryService] Failed to get metadata for aggregation: Error: Unable to connect. Is the computer able to access the url?
[06:55:35.931] [ERROR] [DB] Query failed (Attempt 4/4) Error: Unable to connect. Is the computer able to access the url?
[06:55:35.931] [ERROR] [DB] Query failed (Attempt 4/4) Error: Unable to connect. Is the computer able to access the url?
[06:55:35.932] [ERROR] [DB] Query failed (Attempt 1/4) Error: Unable to connect. Is the computer able to access the url?
[06:55:35.933] [ERROR] [DB] Query failed (Attempt 1/4) Error: Unable to connect. Is the computer able to access the url?
[06:55:35.933] [ERROR] [DB] Query failed (Attempt 1/4) Error: Unable to connect. Is the computer able to access the url?
[06:55:35.934] [ERROR] [DB] Query failed (Attempt 1/4) Error: Unable to connect. Is the computer able to access the url?
[06:55:36.450] [ERROR] [DB] Query failed (Attempt 2/4) Error: Unable to connect. Is the computer able to access the url?
[06:55:36.451] [ERROR] [DB] Query failed (Attempt 2/4) Error: Unable to connect. Is the computer able to access the url?
[06:55:36.452] [ERROR] [DB] Query failed (Attempt 2/4) Error: Unable to connect. Is the computer able to access the url?
[06:55:36.452] [ERROR] [DB] Query failed (Attempt 2/4) Error: Unable to connect. Is the computer able to access the url?
[06:55:37.469] [ERROR] [DB] Query failed (Attempt 3/4) Error: Unable to connect. Is the computer able to access the url?
[06:55:37.472] [ERROR] [DB] Query failed (Attempt 3/4) Error: Unable to connect. Is the computer able to access the url?
[06:55:37.472] [ERROR] [DB] Query failed (Attempt 3/4) Error: Unable to connect. Is the computer able to access the url?
[06:55:37.473] [ERROR] [DB] Query failed (Attempt 3/4) Error: Unable to connect. Is the computer able to access the url?
[06:55:39.470] [ERROR] [DB] Query failed (Attempt 4/4) Error: Unable to connect. Is the computer able to access the url?
[SummaryRoutes] Error in all-divisions report: 136 |                 }
137 | 
138 |                 const controller = new AbortController();
139 |                 const timeoutId = setTimeout(() => controller.abort(), queryTimeout * 1000);
140 | 
141 |                 const response = await fetch(`${this.baseUrl}/v1/query`, {
                                             ^
error: Unable to connect. Is the computer able to access the url?
  path: "http://10.0.0.110:8001/v1/query",
 errno: 0,
  code: "ConnectionRefused"

      at query (D:\Gawean Rebinmas\PORTAL_ESTATE\Plantware_Auto_Report\Daftar_Upah_baru\payroll_daftar_upah\refactor_production\backend\src\db\client.ts:141:40)
      at getAllDivisionsPremiTotals (D:\Gawean Rebinmas\PORTAL_ESTATE\Plantware_Auto_Report\Daftar_Upah_baru\payroll_daftar_upah\refactor_production\backend\src\services\summaryService.ts:396:44)
      at D:\Gawean Rebinmas\PORTAL_ESTATE\Plantware_Auto_Report\Daftar_Upah_baru\payroll_daftar_upah\refactor_production\backend\src\api\summary.ts:361:30
      at handle (file:///D:/Gawean%20Rebinmas/PORTAL_ESTATE/Plantware_Auto_Report/Daftar_Upah_baru/payroll_daftar_upah/refactor_production/backend/node_modules/elysia/dist/bun/index.js:21:47)

[SummaryRoutes] Error details: {
  message: "Unable to connect. Is the computer able to access the url?",
  stack: "Error: Unable to connect. Is the computer able to access the url?\n    at async query (D:\\Gawean Rebinmas\\PORTAL_ESTATE\\Plantware_Auto_Report\\Daftar_Upah_baru\\payroll_daftar_upah\\refactor_production\\backend\\src\\db\\client.ts:141:40)\n    at async getAllDivisionsPremiTotals (D:\\Gawean Rebinmas\\PORTAL_ESTATE\\Plantware_Auto_Report\\Daftar_Upah_baru\\payroll_daftar_upah\\refactor_production\\backend\\src\\services\\summaryService.ts:227:84)\n    at async <anonymous> (D:\\Gawean Rebinmas\\PORTAL_ESTATE\\Plantware_",
  month: 12,
  year: 2026,
  includeVirtual: true,
}
[06:55:39.473] [WARN] [HTTP] SLOW GET /payroll/summary/all-divisions 7106ms
[06:55:39.474] [ERROR] [DB] Query failed (Attempt 4/4) Error: Unable to connect. Is the computer able to access the url?
[06:55:39.474] [ERROR] [SummaryService] Failed to get metadata for aggregation: Error: Unable to connect. Is the computer able to access the url?
[06:55:39.476] [ERROR] [DB] Query failed (Attempt 4/4) Error: Unable to connect. Is the computer able to access the url?
[06:55:39.477] [ERROR] [DB] Query failed (Attempt 4/4) Error: Unable to connect. Is the computer able to access the url?
[06:55:39.477] [ERROR] [SummaryService] Failed to fetch tonase from mill: Error: "Unable to connect. Is the computer able to access the url?"
[06:55:39.477] [ERROR] [DB] Query failed (Attempt 1/4) Error: Unable to connect. Is the computer able to access the url?
[06:55:39.984] [ERROR] [DB] Query failed (Attempt 2/4) Error: Unable to connect. Is the computer able to access the url?
[06:55:41.054] [ERROR] [DB] Query failed (Attempt 3/4) Error: Unable to connect. Is the computer able to access the url?
[06:55:43.085] [ERROR] [DB] Query failed (Attempt 4/4) Error: Unable to connect. Is the computer able to access the url?
[06:56:57.051] [ERROR] [DB] Query failed (Attempt 1/4) Error: Unable to connect. Is the computer able to access the url?
[06:56:57.068] [ERROR] [DB] Query failed (Attempt 1/4) Error: Unable to connect. Is the computer able to access the url?
[06:56:57.119] [ERROR] [DB] Query failed (Attempt 1/4) Error: Unable to connect. Is the computer able to access the url?
[06:56:57.561] [ERROR] [DB] Query failed (Attempt 2/4) Error: Unable to connect. Is the computer able to access the url?
[06:56:57.564] [ERROR] [DB] Query failed (Attempt 2/4) Error: Unable to connect. Is the computer able to access the url?
[06:56:57.637] [ERROR] [DB] Query failed (Attempt 2/4) Error: Unable to connect. Is the computer able to access the url?
[06:56:58.585] [ERROR] [DB] Query failed (Attempt 3/4) Error: Unable to connect. Is the computer able to access the url?
[06:56:58.595] [ERROR] [DB] Query failed (Attempt 3/4) Error: Unable to connect. Is the computer able to access the url?
[06:56:58.675] [ERROR] [DB] Query failed (Attempt 3/4) Error: Unable to connect. Is the computer able to access the url?
[06:57:00.608] [ERROR] [DB] Query failed (Attempt 4/4) Error: Unable to connect. Is the computer able to access the url?
Failed to get rates for JABATAN: 136 |                 }
137 | 
138 |                 const controller = new AbortController();
139 |                 const timeoutId = setTimeout(() => controller.abort(), queryTimeout * 1000);
140 | 
141 |                 const response = await fetch(`${this.baseUrl}/v1/query`, {
                                             ^
error: Unable to connect. Is the computer able to access the url?
  path: "http://10.0.0.110:8001/v1/query",
 errno: 0,
  code: "ConnectionRefused"

      at query (D:\Gawean Rebinmas\PORTAL_ESTATE\Plantware_Auto_Report\Daftar_Upah_baru\payroll_daftar_upah\refactor_production\backend\src\db\client.ts:141:40)
      at getRates (D:\Gawean Rebinmas\PORTAL_ESTATE\Plantware_Auto_Report\Daftar_Upah_baru\payroll_daftar_upah\refactor_production\backend\src\services\tunjanganService.ts:80:21)
      at D:\Gawean Rebinmas\PORTAL_ESTATE\Plantware_Auto_Report\Daftar_Upah_baru\payroll_daftar_upah\refactor_production\backend\src\api\tunjangan.ts:12:55
      at handle (file:///D:/Gawean%20Rebinmas/PORTAL_ESTATE/Plantware_Auto_Report/Daftar_Upah_baru/payroll_daftar_upah/refactor_production/backend/node_modules/elysia/dist/bun/index.js:12:47)

[06:57:00.611] [WARN] [HTTP] SLOW GET /tunjangan/rates 3564ms
[06:57:00.612] [ERROR] [DB] Query failed (Attempt 4/4) Error: Unable to connect. Is the computer able to access the url?
[DivisionConfigService] Discovery failed for PG2A: 136 |                 }
137 | 
138 |                 const controller = new AbortController();
139 |                 const timeoutId = setTimeout(() => controller.abort(), queryTimeout * 1000);
140 | 
141 |                 const response = await fetch(`${this.baseUrl}/v1/query`, {
                                             ^
error: Unable to connect. Is the computer able to access the url?
  path: "http://10.0.0.110:8001/v1/query",
 errno: 0,
  code: "ConnectionRefused"

      at query (D:\Gawean Rebinmas\PORTAL_ESTATE\Plantware_Auto_Report\Daftar_Upah_baru\payroll_daftar_upah\refactor_production\backend\src\db\client.ts:141:40)
      at getGangsForDivision (D:\Gawean Rebinmas\PORTAL_ESTATE\Plantware_Auto_Report\Daftar_Upah_baru\payroll_daftar_upah\refactor_production\backend\src\services\config\DivisionConfigService.ts:611:41)
      at fetchGangs (D:\Gawean Rebinmas\PORTAL_ESTATE\Plantware_Auto_Report\Daftar_Upah_baru\payroll_daftar_upah\refactor_production\backend\src\services\gangService.ts:358:55)
      at D:\Gawean Rebinmas\PORTAL_ESTATE\Plantware_Auto_Report\Daftar_Upah_baru\payroll_daftar_upah\refactor_production\backend\src\api\payroll.ts:327:49
      at handle (file:///D:/Gawean%20Rebinmas/PORTAL_ESTATE/Plantware_Auto_Report/Daftar_Upah_baru/payroll_daftar_upah/refactor_production/backend/node_modules/elysia/dist/bun/index.js:21:47)

[06:57:00.614] [WARN] [HTTP] SLOW GET /payroll/gangs 3548ms
[06:57:00.657] [ERROR] [DB] Query failed (Attempt 1/4) Error: Unable to connect. Is the computer able to access the url?
[06:57:00.698] [ERROR] [DB] Query failed (Attempt 4/4) Error: Unable to connect. Is the computer able to access the url?
[DivisionConfigService] Discovery failed for PG2A: 136 |                 }
137 | 
138 |                 const controller = new AbortController();
139 |                 const timeoutId = setTimeout(() => controller.abort(), queryTimeout * 1000);
140 | 
141 |                 const response = await fetch(`${this.baseUrl}/v1/query`, {
                                             ^
error: Unable to connect. Is the computer able to access the url?
  path: "http://10.0.0.110:8001/v1/query",
 errno: 0,
  code: "ConnectionRefused"

      at query (D:\Gawean Rebinmas\PORTAL_ESTATE\Plantware_Auto_Report\Daftar_Upah_baru\payroll_daftar_upah\refactor_production\backend\src\db\client.ts:141:40)
      at getGangsForDivision (D:\Gawean Rebinmas\PORTAL_ESTATE\Plantware_Auto_Report\Daftar_Upah_baru\payroll_daftar_upah\refactor_production\backend\src\services\config\DivisionConfigService.ts:611:41)
      at fetchGangs (D:\Gawean Rebinmas\PORTAL_ESTATE\Plantware_Auto_Report\Daftar_Upah_baru\payroll_daftar_upah\refactor_production\backend\src\services\gangService.ts:358:55)

[06:57:00.705] [ERROR] [DB] Query failed (Attempt 1/4) Error: Unable to connect. Is the computer able to access the url?
[06:57:01.161] [ERROR] [DB] Query failed (Attempt 2/4) Error: Unable to connect. Is the computer able to access the url?
[06:57:01.218] [ERROR] [DB] Query failed (Attempt 2/4) Error: Unable to connect. Is the computer able to access the url?
[06:57:02.183] [ERROR] [DB] Query failed (Attempt 3/4) Error: Unable to connect. Is the computer able to access the url?
[06:57:02.227] [ERROR] [DB] Query failed (Attempt 3/4) Error: Unable to connect. Is the computer able to access the url?
[06:57:04.187] [ERROR] [DB] Query failed (Attempt 4/4) Error: Unable to connect. Is the computer able to access the url?
[DivisionConfigService] Discovery failed for PG2A: 136 |                 }
137 | 
138 |                 const controller = new AbortController();
139 |                 const timeoutId = setTimeout(() => controller.abort(), queryTimeout * 1000);
140 | 
141 |                 const response = await fetch(`${this.baseUrl}/v1/query`, {
                                             ^
error: Unable to connect. Is the computer able to access the url?
  path: "http://10.0.0.110:8001/v1/query",
 errno: 0,
  code: "ConnectionRefused"

      at query (D:\Gawean Rebinmas\PORTAL_ESTATE\Plantware_Auto_Report\Daftar_Upah_baru\payroll_daftar_upah\refactor_production\backend\src\db\client.ts:141:40)
      at getGangsForDivision (D:\Gawean Rebinmas\PORTAL_ESTATE\Plantware_Auto_Report\Daftar_Upah_baru\payroll_daftar_upah\refactor_production\backend\src\services\config\DivisionConfigService.ts:611:41)
      at fetchGangs (D:\Gawean Rebinmas\PORTAL_ESTATE\Plantware_Auto_Report\Daftar_Upah_baru\payroll_daftar_upah\refactor_production\backend\src\services\gangService.ts:358:55)

[06:57:04.198] [ERROR] [DB] Query failed (Attempt 1/4) Error: Unable to connect. Is the computer able to access the url?
[06:57:04.242] [ERROR] [DB] Query failed (Attempt 4/4) Error: Unable to connect. Is the computer able to access the url?
[DataExtractor] Current employee query failed: Unable to connect. Is the computer able to access the url?
[Stream] Error: 2408 |                 `);
2409 | 
2410 |                 console.log(`[DataExtractor] Live active query returned ${rows.length} rows`);
2411 |             } catch (error: any) {
2412 |                 console.error(`[DataExtractor] Current employee query failed: ${error.message}`);
2413 |                 throw new Error(`Failed to fetch employee data: ${error.message}`);
                                 ^
error: Failed to fetch employee data: Unable to connect. Is the computer able to access the url?
      at getEmployees (D:\Gawean Rebinmas\PORTAL_ESTATE\Plantware_Auto_Report\Daftar_Upah_baru\payroll_daftar_upah\refactor_production\backend\src\services\dataExtractorService.ts:2413:27)

[06:57:04.721] [ERROR] [DB] Query failed (Attempt 2/4) Error: Unable to connect. Is the computer able to access the url?
[06:57:05.730] [ERROR] [DB] Query failed (Attempt 3/4) Error: Unable to connect. Is the computer able to access the url?
[06:57:07.748] [ERROR] [DB] Query failed (Attempt 4/4) Error: Unable to connect. Is the computer able to access the url?
[DataExtractor] Current employee query failed: Unable to connect. Is the computer able to access the url?
[Stream] Error: 2408 |                 `);
2409 | 
2410 |                 console.log(`[DataExtractor] Live active query returned ${rows.length} rows`);
2411 |             } catch (error: any) {
2412 |                 console.error(`[DataExtractor] Current employee query failed: ${error.message}`);
2413 |                 throw new Error(`Failed to fetch employee data: ${error.message}`);
                                 ^
error: Failed to fetch employee data: Unable to connect. Is the computer able to access the url?
      at getEmployees (D:\Gawean Rebinmas\PORTAL_ESTATE\Plantware_Auto_Report\Daftar_Upah_baru\payroll_daftar_upah\refactor_production\backend\src\services\dataExtractorService.ts:2413:27)

[06:57:07.816] [ERROR] [DB] Query failed (Attempt 1/4) Error: Unable to connect. Is the computer able to access the url?
[06:57:08.319] [ERROR] [DB] Query failed (Attempt 2/4) Error: Unable to connect. Is the computer able to access the url?
[06:57:09.348] [ERROR] [DB] Query failed (Attempt 3/4) Error: Unable to connect. Is the computer able to access the url?
[06:57:11.363] [ERROR] [DB] Query failed (Attempt 4/4) Error: Unable to connect. Is the computer able to access the url?
[DivisionConfigService] Discovery failed for PG2A: 136 |                 }
137 | 
138 |                 const controller = new AbortController();
139 |                 const timeoutId = setTimeout(() => controller.abort(), queryTimeout * 1000);
140 | 
141 |                 const response = await fetch(`${this.baseUrl}/v1/query`, {
                                             ^
error: Unable to connect. Is the computer able to access the url?
  path: "http://10.0.0.110:8001/v1/query",
 errno: 0,
  code: "ConnectionRefused"

      at query (D:\Gawean Rebinmas\PORTAL_ESTATE\Plantware_Auto_Report\Daftar_Upah_baru\payroll_daftar_upah\refactor_production\backend\src\db\client.ts:141:40)
      at getGangsForDivision (D:\Gawean Rebinmas\PORTAL_ESTATE\Plantware_Auto_Report\Daftar_Upah_baru\payroll_daftar_upah\refactor_production\backend\src\services\config\DivisionConfigService.ts:611:41)
      at fetchGangs (D:\Gawean Rebinmas\PORTAL_ESTATE\Plantware_Auto_Report\Daftar_Upah_baru\payroll_daftar_upah\refactor_production\backend\src\services\gangService.ts:358:55)
      at extractPayrollData (D:\Gawean Rebinmas\PORTAL_ESTATE\Plantware_Auto_Report\Daftar_Upah_baru\payroll_daftar_upah\refactor_production\backend\src\services\dataExtractorService.ts:2214:44)
      at D:\Gawean Rebinmas\PORTAL_ESTATE\Plantware_Auto_Report\Daftar_Upah_baru\payroll_daftar_upah\refactor_production\backend\src\api\payroll.ts:2823:42
      at handle (file:///D:/Gawean%20Rebinmas/PORTAL_ESTATE/Plantware_Auto_Report/Daftar_Upah_baru/payroll_daftar_upah/refactor_production/backend/node_modules/elysia/dist/bun/index.js:21:47)

[06:57:11.370] [ERROR] [DB] Query failed (Attempt 1/4) Error: Unable to connect. Is the computer able to access the url?
[06:57:11.885] [ERROR] [DB] Query failed (Attempt 2/4) Error: Unable to connect. Is the computer able to access the url?
[06:57:12.907] [ERROR] [DB] Query failed (Attempt 3/4) Error: Unable to connect. Is the computer able to access the url?
[06:57:14.915] [ERROR] [DB] Query failed (Attempt 4/4) Error: Unable to connect. Is the computer able to access the url?
[DataExtractor] Current employee query failed: Unable to connect. Is the computer able to access the url?
[PayrollRoutes] locked/report/raw-tree error: 2408 |                 `);
2409 | 
2410 |                 console.log(`[DataExtractor] Live active query returned ${rows.length} rows`);
2411 |             } catch (error: any) {
2412 |                 console.error(`[DataExtractor] Current employee query failed: ${error.message}`);
2413 |                 throw new Error(`Failed to fetch employee data: ${error.message}`);
                                 ^
error: Failed to fetch employee data: Unable to connect. Is the computer able to access the url?
      at getEmployees (D:\Gawean Rebinmas\PORTAL_ESTATE\Plantware_Auto_Report\Daftar_Upah_baru\payroll_daftar_upah\refactor_production\backend\src\services\dataExtractorService.ts:2413:27)
      at async extractPayrollData (D:\Gawean Rebinmas\PORTAL_ESTATE\Plantware_Auto_Report\Daftar_Upah_baru\payroll_daftar_upah\refactor_production\backend\src\services\dataExtractorService.ts:918:36)
      at async <anonymous> (D:\Gawean Rebinmas\PORTAL_ESTATE\Plantware_Auto_Report\Daftar_Upah_baru\payroll_daftar_upah\refactor_production\backend\src\api\payroll.ts:1885:55)
      at async handle (file:///D:/Gawean%20Rebinmas/PORTAL_ESTATE/Plantware_Auto_Report/Daftar_Upah_baru/payroll_daftar_upah/refactor_production/backend/node_modules/elysia/dist/bun/index.js:21:47)

[06:57:14.930] [WARN] [HTTP] SLOW GET /payroll/locked/report/raw-tree 7126ms
error: script "start" exited with code 1
