$ bun run src/index.ts
[Logger] Failed to initialize log file: 51 |                 require("fs").mkdirSync(logDir, { recursive: true });
52 |             }
53 | 
54 |             // Clear log file on startup if configured
55 |             if (this.clearLogsOnStartup && existsSync(this.logFilePath)) {
56 |                 require("fs").unlinkSync(this.logFilePath);
                                   ^
EPERM: operation not permitted, unlink 'D:\Gawean Rebinmas\PORTAL_ESTATE\Plantware_Auto_Report\Daftar_Upah_baru\payroll_daftar_upah\refactor_production\backend\logs\error.log'
    path: "D:\\Gawean Rebinmas\\PORTAL_ESTATE\\Plantware_Auto_Report\\Daftar_Upah_baru\\payroll_daftar_upah\\refactor_production\\backend\\logs\\error.log",
 syscall: "unlink",
   errno: -1,
    code: "EPERM"

      at initializeLogFile (D:\Gawean Rebinmas\PORTAL_ESTATE\Plantware_Auto_Report\Daftar_Upah_baru\payroll_daftar_upah\refactor_production\backend\src\utils\logger.ts:56:31)
      at new Logger (D:\Gawean Rebinmas\PORTAL_ESTATE\Plantware_Auto_Report\Daftar_Upah_baru\payroll_daftar_upah\refactor_production\backend\src\utils\logger.ts:40:14)
      at D:\Gawean Rebinmas\PORTAL_ESTATE\Plantware_Auto_Report\Daftar_Upah_baru\payroll_daftar_upah\refactor_production\backend\src\utils\logger.ts:183:16
      at loadAndEvaluateModule (2:1)

[14:18:25.470] [ERROR] [DB_TRANSACTION] Transaction request failed Error: Unable to connect. Is the computer able to access the url?
[14:18:25.473] [ERROR] [DB] Query failed (Attempt 1/4) Error: Unable to connect. Is the computer able to access the url?
[14:18:25.474] [ERROR] [DB] Query failed (Attempt 1/4) Error: Unable to connect. Is the computer able to access the url?
[14:18:25.985] [ERROR] [DB] Query failed (Attempt 2/4) Error: Unable to connect. Is the computer able to access the url?
[14:18:25.987] [ERROR] [DB] Query failed (Attempt 2/4) Error: Unable to connect. Is the computer able to access the url?
[14:18:26.990] [ERROR] [DB] Query failed (Attempt 3/4) Error: Unable to connect. Is the computer able to access the url?
[14:18:26.992] [ERROR] [DB] Query failed (Attempt 3/4) Error: Unable to connect. Is the computer able to access the url?
[14:18:29.008] [ERROR] [DB] Query failed (Attempt 4/4) Error: Unable to connect. Is the computer able to access the url?
[14:18:29.020] [ERROR] [OtherIncomes] Init table error: Error: Unable to connect. Is the computer able to access the url?
[14:18:29.021] [ERROR] [DB] Query failed (Attempt 4/4) Error: Unable to connect. Is the computer able to access the url?
[HistoryDatabaseService] Migration failed: Unable to connect. Is the computer able to access the url?
[14:18:29.025] [ERROR] [Init] Failed to migrate new_nik column Error: Unable to connect. Is the computer able to access the url?
[01:14:24.687] [ERROR] [DB] Query failed (Attempt 1/4) Error: Unable to connect. Is the computer able to access the url?
[01:14:24.695] [ERROR] [DB] Query failed (Attempt 1/4) Error: Unable to connect. Is the computer able to access the url?
[01:14:24.731] [ERROR] [DB] Query failed (Attempt 1/4) Error: Unable to connect. Is the computer able to access the url?
[01:14:24.736] [ERROR] [DB] Query failed (Attempt 1/4) Error: Unable to connect. Is the computer able to access the url?
[01:14:25.199] [ERROR] [DB] Query failed (Attempt 2/4) Error: Unable to connect. Is the computer able to access the url?
[01:14:25.211] [ERROR] [DB] Query failed (Attempt 2/4) Error: Unable to connect. Is the computer able to access the url?
[01:14:25.235] [ERROR] [DB] Query failed (Attempt 2/4) Error: Unable to connect. Is the computer able to access the url?
[01:14:25.237] [ERROR] [DB] Query failed (Attempt 2/4) Error: Unable to connect. Is the computer able to access the url?
[01:14:25.801] [ERROR] [DB] Query failed (Attempt 1/4) Error: Unable to connect. Is the computer able to access the url?
[01:14:25.822] [ERROR] [DB] Query failed (Attempt 1/4) Error: Unable to connect. Is the computer able to access the url?
[01:14:25.824] [ERROR] [DB] Query failed (Attempt 1/4) Error: Unable to connect. Is the computer able to access the url?
[01:14:25.836] [ERROR] [DB] Query failed (Attempt 1/4) Error: Unable to connect. Is the computer able to access the url?
[01:14:25.838] [ERROR] [DB] Query failed (Attempt 1/4) Error: Unable to connect. Is the computer able to access the url?
[01:14:25.867] [ERROR] [DB] Query failed (Attempt 1/4) Error: Unable to connect. Is the computer able to access the url?
[01:14:26.211] [ERROR] [DB] Query failed (Attempt 3/4) Error: Unable to connect. Is the computer able to access the url?
[01:14:26.227] [ERROR] [DB] Query failed (Attempt 3/4) Error: Unable to connect. Is the computer able to access the url?
[01:14:26.242] [ERROR] [DB] Query failed (Attempt 3/4) Error: Unable to connect. Is the computer able to access the url?
[01:14:26.245] [ERROR] [DB] Query failed (Attempt 3/4) Error: Unable to connect. Is the computer able to access the url?
[01:14:26.318] [ERROR] [DB] Query failed (Attempt 2/4) Error: Unable to connect. Is the computer able to access the url?
[01:14:26.334] [ERROR] [DB] Query failed (Attempt 2/4) Error: Unable to connect. Is the computer able to access the url?
[01:14:26.336] [ERROR] [DB] Query failed (Attempt 2/4) Error: Unable to connect. Is the computer able to access the url?
[01:14:26.350] [ERROR] [DB] Query failed (Attempt 2/4) Error: Unable to connect. Is the computer able to access the url?
[01:14:26.352] [ERROR] [DB] Query failed (Attempt 2/4) Error: Unable to connect. Is the computer able to access the url?
[01:14:26.380] [ERROR] [DB] Query failed (Attempt 2/4) Error: Unable to connect. Is the computer able to access the url?
[01:14:27.340] [ERROR] [DB] Query failed (Attempt 3/4) Error: Unable to connect. Is the computer able to access the url?
[01:14:27.353] [ERROR] [DB] Query failed (Attempt 3/4) Error: Unable to connect. Is the computer able to access the url?
[01:14:27.356] [ERROR] [DB] Query failed (Attempt 3/4) Error: Unable to connect. Is the computer able to access the url?
[01:14:27.357] [ERROR] [DB] Query failed (Attempt 3/4) Error: Unable to connect. Is the computer able to access the url?
[01:14:27.370] [ERROR] [DB] Query failed (Attempt 3/4) Error: Unable to connect. Is the computer able to access the url?
[01:14:27.402] [ERROR] [DB] Query failed (Attempt 3/4) Error: Unable to connect. Is the computer able to access the url?
[01:14:28.234] [ERROR] [DB] Query failed (Attempt 4/4) Error: Unable to connect. Is the computer able to access the url?
[01:14:28.244] [ERROR] [DB] Query failed (Attempt 4/4) Error: Unable to connect. Is the computer able to access the url?
[AggregationDivisions] Error: 136 |                 }
137 | 
138 |                 const controller = new AbortController();
139 |                 const timeoutId = setTimeout(() => controller.abort(), queryTimeout * 1000);
140 | 
141 |                 const response = await fetch(`${this.baseUrl}/v1/query`, {
                                             ^
error: Unable to connect. Is the computer able to access the url?
  path: "http://10.0.0.110:8001/v1/query",
 errno: 0,
  code: "ConnectionRefused"

      at query (D:\Gawean Rebinmas\PORTAL_ESTATE\Plantware_Auto_Report\Daftar_Upah_baru\payroll_daftar_upah\refactor_production\backend\src\db\client.ts:141:40)
      at D:\Gawean Rebinmas\PORTAL_ESTATE\Plantware_Auto_Report\Daftar_Upah_baru\payroll_daftar_upah\refactor_production\backend\src\api\aggregationSeederRoutes.ts:646:47
      at handle (file:///D:/Gawean%20Rebinmas/PORTAL_ESTATE/Plantware_Auto_Report/Daftar_Upah_baru/payroll_daftar_upah/refactor_production/backend/node_modules/elysia/dist/bun/index.js:11:47)

[01:14:28.247] [WARN] [HTTP] SLOW GET /payroll/aggregation/divisions 3585ms
[01:14:28.250] [ERROR] [DB] Query failed (Attempt 4/4) Error: Unable to connect. Is the computer able to access the url?
[CurrentPeriodService] PR_TASKREG query failed, falling back to aggregation history: Unable to connect. Is the computer able to access the url?
[01:14:28.251] [ERROR] [DB] Query failed (Attempt 4/4) Error: Unable to connect. Is the computer able to access the url?
[DivisionConfigService] Discovery failed for PG2B: 136 |                 }
137 | 
138 |                 const controller = new AbortController();
139 |                 const timeoutId = setTimeout(() => controller.abort(), queryTimeout * 1000);
140 | 
141 |                 const response = await fetch(`${this.baseUrl}/v1/query`, {
                                             ^
error: Unable to connect. Is the computer able to access the url?
  path: "http://10.0.0.110:8001/v1/query",
 errno: 0,
  code: "ConnectionRefused"

      at query (D:\Gawean Rebinmas\PORTAL_ESTATE\Plantware_Auto_Report\Daftar_Upah_baru\payroll_daftar_upah\refactor_production\backend\src\db\client.ts:141:40)
      at getGangsForDivision (D:\Gawean Rebinmas\PORTAL_ESTATE\Plantware_Auto_Report\Daftar_Upah_baru\payroll_daftar_upah\refactor_production\backend\src\services\config\DivisionConfigService.ts:611:41)
      at fetchGangs (D:\Gawean Rebinmas\PORTAL_ESTATE\Plantware_Auto_Report\Daftar_Upah_baru\payroll_daftar_upah\refactor_production\backend\src\services\gangService.ts:358:55)
      at D:\Gawean Rebinmas\PORTAL_ESTATE\Plantware_Auto_Report\Daftar_Upah_baru\payroll_daftar_upah\refactor_production\backend\src\api\payroll.ts:327:49
      at handle (file:///D:/Gawean%20Rebinmas/PORTAL_ESTATE/Plantware_Auto_Report/Daftar_Upah_baru/payroll_daftar_upah/refactor_production/backend/node_modules/elysia/dist/bun/index.js:21:47)

[01:14:28.252] [WARN] [HTTP] SLOW GET /payroll/gangs 3528ms
[01:14:28.253] [ERROR] [DB] Query failed (Attempt 1/4) Error: Unable to connect. Is the computer able to access the url?
[01:14:28.765] [ERROR] [DB] Query failed (Attempt 2/4) Error: Unable to connect. Is the computer able to access the url?
[01:14:29.345] [ERROR] [DB] Query failed (Attempt 4/4) Error: Unable to connect. Is the computer able to access the url?
[01:14:29.358] [ERROR] [SummaryService] Failed to get gang descriptions from history_hr_gang: Error: Unable to connect. Is the computer able to access the url?
[01:14:29.359] [WARN] [HTTP] SLOW GET /payroll/summary/gang-descriptions 3560ms
[01:14:29.360] [ERROR] [DB] Query failed (Attempt 4/4) Error: Unable to connect. Is the computer able to access the url?
[CurrentPeriodService] PR_TASKREG query failed, falling back to aggregation history: Unable to connect. Is the computer able to access the url?
[01:14:29.363] [ERROR] [DB] Query failed (Attempt 4/4) Error: Unable to connect. Is the computer able to access the url?
[DivisionConfigService] Discovery failed for PG2B: 136 |                 }
137 | 
138 |                 const controller = new AbortController();
139 |                 const timeoutId = setTimeout(() => controller.abort(), queryTimeout * 1000);
140 | 
141 |                 const response = await fetch(`${this.baseUrl}/v1/query`, {
                                             ^
error: Unable to connect. Is the computer able to access the url?
  path: "http://10.0.0.110:8001/v1/query",
 errno: 0,
  code: "ConnectionRefused"

      at query (D:\Gawean Rebinmas\PORTAL_ESTATE\Plantware_Auto_Report\Daftar_Upah_baru\payroll_daftar_upah\refactor_production\backend\src\db\client.ts:141:40)
      at getGangsForDivision (D:\Gawean Rebinmas\PORTAL_ESTATE\Plantware_Auto_Report\Daftar_Upah_baru\payroll_daftar_upah\refactor_production\backend\src\services\config\DivisionConfigService.ts:611:41)
      at fetchGangs (D:\Gawean Rebinmas\PORTAL_ESTATE\Plantware_Auto_Report\Daftar_Upah_baru\payroll_daftar_upah\refactor_production\backend\src\services\gangService.ts:358:55)
      at D:\Gawean Rebinmas\PORTAL_ESTATE\Plantware_Auto_Report\Daftar_Upah_baru\payroll_daftar_upah\refactor_production\backend\src\api\payroll.ts:327:49
      at handle (file:///D:/Gawean%20Rebinmas/PORTAL_ESTATE/Plantware_Auto_Report/Daftar_Upah_baru/payroll_daftar_upah/refactor_production/backend/node_modules/elysia/dist/bun/index.js:21:47)

[01:14:29.364] [WARN] [HTTP] SLOW GET /payroll/gangs 3544ms
[01:14:29.366] [ERROR] [DB] Query failed (Attempt 4/4) Error: Unable to connect. Is the computer able to access the url?
[DivisionConfigService] Discovery failed for PG2B: 136 |                 }
137 | 
138 |                 const controller = new AbortController();
139 |                 const timeoutId = setTimeout(() => controller.abort(), queryTimeout * 1000);
140 | 
141 |                 const response = await fetch(`${this.baseUrl}/v1/query`, {
                                             ^
error: Unable to connect. Is the computer able to access the url?
  path: "http://10.0.0.110:8001/v1/query",
 errno: 0,
  code: "ConnectionRefused"

      at query (D:\Gawean Rebinmas\PORTAL_ESTATE\Plantware_Auto_Report\Daftar_Upah_baru\payroll_daftar_upah\refactor_production\backend\src\db\client.ts:141:40)
      at getGangsForDivision (D:\Gawean Rebinmas\PORTAL_ESTATE\Plantware_Auto_Report\Daftar_Upah_baru\payroll_daftar_upah\refactor_production\backend\src\services\config\DivisionConfigService.ts:611:41)
      at getAvailablePeriods (D:\Gawean Rebinmas\PORTAL_ESTATE\Plantware_Auto_Report\Daftar_Upah_baru\payroll_daftar_upah\refactor_production\backend\src\services\summaryService.ts:970:16)
      at D:\Gawean Rebinmas\PORTAL_ESTATE\Plantware_Auto_Report\Daftar_Upah_baru\payroll_daftar_upah\refactor_production\backend\src\api\summary.ts:287:26
      at handle (file:///D:/Gawean%20Rebinmas/PORTAL_ESTATE/Plantware_Auto_Report/Daftar_Upah_baru/payroll_daftar_upah/refactor_production/backend/node_modules/elysia/dist/bun/index.js:21:47)

[01:14:29.370] [ERROR] [DB] Query failed (Attempt 1/4) Error: Unable to connect. Is the computer able to access the url?
[01:14:29.371] [ERROR] [DB] Query failed (Attempt 1/4) Error: Unable to connect. Is the computer able to access the url?
[01:14:29.376] [ERROR] [DB] Query failed (Attempt 4/4) Error: Unable to connect. Is the computer able to access the url?
[01:14:29.377] [ERROR] [SummaryService] Failed to get gang descriptions from history_hr_gang: Error: Unable to connect. Is the computer able to access the url?
[01:14:29.378] [ERROR] [DB] Query failed (Attempt 1/4) Error: Unable to connect. Is the computer able to access the url?
[01:14:29.423] [ERROR] [DB] Query failed (Attempt 4/4) Error: Unable to connect. Is the computer able to access the url?
[01:14:29.423] [ERROR] [SummaryService] Failed to get gang descriptions from history_hr_gang: Error: Unable to connect. Is the computer able to access the url?
[01:14:29.425] [ERROR] [DB] Query failed (Attempt 1/4) Error: Unable to connect. Is the computer able to access the url?
[01:14:29.795] [ERROR] [DB] Query failed (Attempt 3/4) Error: Unable to connect. Is the computer able to access the url?
[01:14:29.886] [ERROR] [DB] Query failed (Attempt 2/4) Error: Unable to connect. Is the computer able to access the url?
[01:14:29.895] [ERROR] [DB] Query failed (Attempt 2/4) Error: Unable to connect. Is the computer able to access the url?
[01:14:29.895] [ERROR] [DB] Query failed (Attempt 2/4) Error: Unable to connect. Is the computer able to access the url?
[01:14:29.931] [ERROR] [DB] Query failed (Attempt 2/4) Error: Unable to connect. Is the computer able to access the url?
[01:14:30.917] [ERROR] [DB] Query failed (Attempt 3/4) Error: Unable to connect. Is the computer able to access the url?
[01:14:30.928] [ERROR] [DB] Query failed (Attempt 3/4) Error: Unable to connect. Is the computer able to access the url?
[01:14:30.929] [ERROR] [DB] Query failed (Attempt 3/4) Error: Unable to connect. Is the computer able to access the url?
[01:14:30.943] [ERROR] [DB] Query failed (Attempt 3/4) Error: Unable to connect. Is the computer able to access the url?
[01:14:31.804] [ERROR] [DB] Query failed (Attempt 4/4) Error: Unable to connect. Is the computer able to access the url?
[CurrentPeriodService] Aggregation history query failed, using config fallback: Unable to connect. Is the computer able to access the url?
[01:14:31.816] [WARN] [HTTP] SLOW GET /payroll/current-period 7094ms
[01:14:32.940] [ERROR] [DB] Query failed (Attempt 4/4) Error: Unable to connect. Is the computer able to access the url?
[CurrentPeriodService] Aggregation history query failed, using config fallback: Unable to connect. Is the computer able to access the url?
[01:14:32.951] [WARN] [HTTP] SLOW GET /payroll/current-period 7133ms
[01:14:32.951] [ERROR] [DB] Query failed (Attempt 4/4) Error: Unable to connect. Is the computer able to access the url?
[01:14:32.954] [ERROR] [DB] Query failed (Attempt 4/4) Error: Unable to connect. Is the computer able to access the url?
[DivisionConfigService] Discovery failed for PG2B: 136 |                 }
137 | 
138 |                 const controller = new AbortController();
139 |                 const timeoutId = setTimeout(() => controller.abort(), queryTimeout * 1000);
140 | 
141 |                 const response = await fetch(`${this.baseUrl}/v1/query`, {
                                             ^
error: Unable to connect. Is the computer able to access the url?
  path: "http://10.0.0.110:8001/v1/query",
 errno: 0,
  code: "ConnectionRefused"

      at query (D:\Gawean Rebinmas\PORTAL_ESTATE\Plantware_Auto_Report\Daftar_Upah_baru\payroll_daftar_upah\refactor_production\backend\src\db\client.ts:141:40)
      at getGangsForDivision (D:\Gawean Rebinmas\PORTAL_ESTATE\Plantware_Auto_Report\Daftar_Upah_baru\payroll_daftar_upah\refactor_production\backend\src\services\config\DivisionConfigService.ts:611:41)
      at getDivisionSummary (D:\Gawean Rebinmas\PORTAL_ESTATE\Plantware_Auto_Report\Daftar_Upah_baru\payroll_daftar_upah\refactor_production\backend\src\services\summaryService.ts:1342:52)
      at D:\Gawean Rebinmas\PORTAL_ESTATE\Plantware_Auto_Report\Daftar_Upah_baru\payroll_daftar_upah\refactor_production\backend\src\api\summary.ts:427:11
      at handle (file:///D:/Gawean%20Rebinmas/PORTAL_ESTATE/Plantware_Auto_Report/Daftar_Upah_baru/payroll_daftar_upah/refactor_production/backend/node_modules/elysia/dist/bun/index.js:21:47)

[01:14:32.956] [ERROR] [DB] Query failed (Attempt 4/4) Error: Unable to connect. Is the computer able to access the url?
[DivisionConfigService] Discovery failed for PG2B: 136 |                 }
137 | 
138 |                 const controller = new AbortController();
139 |                 const timeoutId = setTimeout(() => controller.abort(), queryTimeout * 1000);
140 | 
141 |                 const response = await fetch(`${this.baseUrl}/v1/query`, {
                                             ^
error: Unable to connect. Is the computer able to access the url?
  path: "http://10.0.0.110:8001/v1/query",
 errno: 0,
  code: "ConnectionRefused"

      at query (D:\Gawean Rebinmas\PORTAL_ESTATE\Plantware_Auto_Report\Daftar_Upah_baru\payroll_daftar_upah\refactor_production\backend\src\db\client.ts:141:40)
      at getGangsForDivision (D:\Gawean Rebinmas\PORTAL_ESTATE\Plantware_Auto_Report\Daftar_Upah_baru\payroll_daftar_upah\refactor_production\backend\src\services\config\DivisionConfigService.ts:611:41)
      at getDivisionSummary (D:\Gawean Rebinmas\PORTAL_ESTATE\Plantware_Auto_Report\Daftar_Upah_baru\payroll_daftar_upah\refactor_production\backend\src\services\summaryService.ts:1342:52)
      at D:\Gawean Rebinmas\PORTAL_ESTATE\Plantware_Auto_Report\Daftar_Upah_baru\payroll_daftar_upah\refactor_production\backend\src\api\summary.ts:427:11
      at handle (file:///D:/Gawean%20Rebinmas/PORTAL_ESTATE/Plantware_Auto_Report/Daftar_Upah_baru/payroll_daftar_upah/refactor_production/backend/node_modules/elysia/dist/bun/index.js:21:47)

[01:14:32.958] [ERROR] [DB] Query failed (Attempt 1/4) Error: Unable to connect. Is the computer able to access the url?
[01:14:32.959] [ERROR] [DB] Query failed (Attempt 1/4) Error: Unable to connect. Is the computer able to access the url?
[01:14:32.986] [ERROR] [DB] Query failed (Attempt 1/4) Error: Unable to connect. Is the computer able to access the url?
[01:14:33.460] [ERROR] [DB] Query failed (Attempt 2/4) Error: Unable to connect. Is the computer able to access the url?
[01:14:33.470] [ERROR] [DB] Query failed (Attempt 2/4) Error: Unable to connect. Is the computer able to access the url?
[01:14:33.487] [ERROR] [DB] Query failed (Attempt 2/4) Error: Unable to connect. Is the computer able to access the url?
[01:14:34.470] [ERROR] [DB] Query failed (Attempt 3/4) Error: Unable to connect. Is the computer able to access the url?
[01:14:34.480] [ERROR] [DB] Query failed (Attempt 3/4) Error: Unable to connect. Is the computer able to access the url?
[01:14:34.483] [ERROR] [DB] Query failed (Attempt 3/4) Error: Unable to connect. Is the computer able to access the url?
[01:14:36.489] [ERROR] [DB] Query failed (Attempt 4/4) Error: Unable to connect. Is the computer able to access the url?
[01:14:36.498] [ERROR] [DB] Query failed (Attempt 4/4) Error: Unable to connect. Is the computer able to access the url?
[01:14:36.499] [ERROR] [DB] Query failed (Attempt 4/4) Error: Unable to connect. Is the computer able to access the url?
[01:14:36.500] [ERROR] [SummaryService] Failed to get gang descriptions from history_hr_gang: Error: Unable to connect. Is the computer able to access the url?
[01:14:36.501] [ERROR] [DB] Query failed (Attempt 1/4) Error: Unable to connect. Is the computer able to access the url?
[01:14:37.009] [ERROR] [DB] Query failed (Attempt 2/4) Error: Unable to connect. Is the computer able to access the url?
[01:14:38.027] [ERROR] [DB] Query failed (Attempt 3/4) Error: Unable to connect. Is the computer able to access the url?
[01:14:38.919] [ERROR] [DB] Query failed (Attempt 1/4) Error: Unable to connect. Is the computer able to access the url?
[01:14:38.929] [ERROR] [DB] Query failed (Attempt 1/4) Error: Unable to connect. Is the computer able to access the url?
[01:14:38.930] [ERROR] [DB] Query failed (Attempt 1/4) Error: Unable to connect. Is the computer able to access the url?
[01:14:38.940] [ERROR] [DB] Query failed (Attempt 1/4) Error: Unable to connect. Is the computer able to access the url?
[01:14:38.944] [ERROR] [DB] Query failed (Attempt 1/4) Error: Unable to connect. Is the computer able to access the url?
[01:14:38.949] [ERROR] [DB] Query failed (Attempt 1/4) Error: Unable to connect. Is the computer able to access the url?
[01:14:39.427] [ERROR] [DB] Query failed (Attempt 2/4) Error: Unable to connect. Is the computer able to access the url?
[01:14:39.443] [ERROR] [DB] Query failed (Attempt 2/4) Error: Unable to connect. Is the computer able to access the url?
[01:14:39.446] [ERROR] [DB] Query failed (Attempt 2/4) Error: Unable to connect. Is the computer able to access the url?
[01:14:39.446] [ERROR] [DB] Query failed (Attempt 2/4) Error: Unable to connect. Is the computer able to access the url?
[01:14:39.459] [ERROR] [DB] Query failed (Attempt 2/4) Error: Unable to connect. Is the computer able to access the url?
[01:14:39.462] [ERROR] [DB] Query failed (Attempt 2/4) Error: Unable to connect. Is the computer able to access the url?
[01:14:40.040] [ERROR] [DB] Query failed (Attempt 4/4) Error: Unable to connect. Is the computer able to access the url?
[DivisionConfigService] Discovery failed for PG2B: 136 |                 }
137 | 
138 |                 const controller = new AbortController();
139 |                 const timeoutId = setTimeout(() => controller.abort(), queryTimeout * 1000);
140 | 
141 |                 const response = await fetch(`${this.baseUrl}/v1/query`, {
                                             ^
error: Unable to connect. Is the computer able to access the url?
  path: "http://10.0.0.110:8001/v1/query",
 errno: 0,
  code: "ConnectionRefused"

      at query (D:\Gawean Rebinmas\PORTAL_ESTATE\Plantware_Auto_Report\Daftar_Upah_baru\payroll_daftar_upah\refactor_production\backend\src\db\client.ts:141:40)
      at getGangsForDivision (D:\Gawean Rebinmas\PORTAL_ESTATE\Plantware_Auto_Report\Daftar_Upah_baru\payroll_daftar_upah\refactor_production\backend\src\services\config\DivisionConfigService.ts:611:41)
      at getDivisionSummary (D:\Gawean Rebinmas\PORTAL_ESTATE\Plantware_Auto_Report\Daftar_Upah_baru\payroll_daftar_upah\refactor_production\backend\src\services\summaryService.ts:1342:52)
      at D:\Gawean Rebinmas\PORTAL_ESTATE\Plantware_Auto_Report\Daftar_Upah_baru\payroll_daftar_upah\refactor_production\backend\src\api\summary.ts:427:11
      at handle (file:///D:/Gawean%20Rebinmas/PORTAL_ESTATE/Plantware_Auto_Report/Daftar_Upah_baru/payroll_daftar_upah/refactor_production/backend/node_modules/elysia/dist/bun/index.js:21:47)

[01:14:40.052] [ERROR] [DB] Query failed (Attempt 1/4) Error: Unable to connect. Is the computer able to access the url?
[01:14:40.459] [ERROR] [DB] Query failed (Attempt 3/4) Error: Unable to connect. Is the computer able to access the url?
[01:14:40.471] [ERROR] [DB] Query failed (Attempt 3/4) Error: Unable to connect. Is the computer able to access the url?
[01:14:40.472] [ERROR] [DB] Query failed (Attempt 3/4) Error: Unable to connect. Is the computer able to access the url?
[01:14:40.474] [ERROR] [DB] Query failed (Attempt 3/4) Error: Unable to connect. Is the computer able to access the url?
[01:14:40.485] [ERROR] [DB] Query failed (Attempt 3/4) Error: Unable to connect. Is the computer able to access the url?
[01:14:40.487] [ERROR] [DB] Query failed (Attempt 3/4) Error: Unable to connect. Is the computer able to access the url?
[01:14:40.561] [ERROR] [DB] Query failed (Attempt 2/4) Error: Unable to connect. Is the computer able to access the url?
[01:14:41.565] [ERROR] [DB] Query failed (Attempt 3/4) Error: Unable to connect. Is the computer able to access the url?
[01:14:42.478] [ERROR] [DB] Query failed (Attempt 4/4) Error: Unable to connect. Is the computer able to access the url?
[01:14:42.488] [ERROR] [SummaryService] Failed to get gang descriptions from history_hr_gang: Error: Unable to connect. Is the computer able to access the url?
[01:14:42.489] [WARN] [HTTP] SLOW GET /payroll/summary/gang-descriptions 3571ms
[01:14:42.490] [ERROR] [DB] Query failed (Attempt 4/4) Error: Unable to connect. Is the computer able to access the url?
[DivisionConfigService] Discovery failed for PG2B: 136 |                 }
137 | 
138 |                 const controller = new AbortController();
139 |                 const timeoutId = setTimeout(() => controller.abort(), queryTimeout * 1000);
140 | 
141 |                 const response = await fetch(`${this.baseUrl}/v1/query`, {
                                             ^
error: Unable to connect. Is the computer able to access the url?
  path: "http://10.0.0.110:8001/v1/query",
 errno: 0,
  code: "ConnectionRefused"

      at query (D:\Gawean Rebinmas\PORTAL_ESTATE\Plantware_Auto_Report\Daftar_Upah_baru\payroll_daftar_upah\refactor_production\backend\src\db\client.ts:141:40)
      at getGangsForDivision (D:\Gawean Rebinmas\PORTAL_ESTATE\Plantware_Auto_Report\Daftar_Upah_baru\payroll_daftar_upah\refactor_production\backend\src\services\config\DivisionConfigService.ts:611:41)
      at getAvailablePeriods (D:\Gawean Rebinmas\PORTAL_ESTATE\Plantware_Auto_Report\Daftar_Upah_baru\payroll_daftar_upah\refactor_production\backend\src\services\summaryService.ts:970:16)
      at D:\Gawean Rebinmas\PORTAL_ESTATE\Plantware_Auto_Report\Daftar_Upah_baru\payroll_daftar_upah\refactor_production\backend\src\api\summary.ts:287:26
      at handle (file:///D:/Gawean%20Rebinmas/PORTAL_ESTATE/Plantware_Auto_Report/Daftar_Upah_baru/payroll_daftar_upah/refactor_production/backend/node_modules/elysia/dist/bun/index.js:21:47)

[01:14:42.491] [ERROR] [DB] Query failed (Attempt 4/4) Error: Unable to connect. Is the computer able to access the url?
[01:14:42.492] [ERROR] [SummaryService] Failed to get gang descriptions from history_hr_gang: Error: Unable to connect. Is the computer able to access the url?
[01:14:42.493] [ERROR] [DB] Query failed (Attempt 4/4) Error: Unable to connect. Is the computer able to access the url?
[DivisionConfigService] Discovery failed for PG2B: 136 |                 }
137 | 
138 |                 const controller = new AbortController();
139 |                 const timeoutId = setTimeout(() => controller.abort(), queryTimeout * 1000);
140 | 
141 |                 const response = await fetch(`${this.baseUrl}/v1/query`, {
                                             ^
error: Unable to connect. Is the computer able to access the url?
  path: "http://10.0.0.110:8001/v1/query",
 errno: 0,
  code: "ConnectionRefused"

      at query (D:\Gawean Rebinmas\PORTAL_ESTATE\Plantware_Auto_Report\Daftar_Upah_baru\payroll_daftar_upah\refactor_production\backend\src\db\client.ts:141:40)
      at getGangsForDivision (D:\Gawean Rebinmas\PORTAL_ESTATE\Plantware_Auto_Report\Daftar_Upah_baru\payroll_daftar_upah\refactor_production\backend\src\services\config\DivisionConfigService.ts:611:41)
      at fetchGangs (D:\Gawean Rebinmas\PORTAL_ESTATE\Plantware_Auto_Report\Daftar_Upah_baru\payroll_daftar_upah\refactor_production\backend\src\services\gangService.ts:358:55)
      at D:\Gawean Rebinmas\PORTAL_ESTATE\Plantware_Auto_Report\Daftar_Upah_baru\payroll_daftar_upah\refactor_production\backend\src\api\payroll.ts:327:49
      at handle (file:///D:/Gawean%20Rebinmas/PORTAL_ESTATE/Plantware_Auto_Report/Daftar_Upah_baru/payroll_daftar_upah/refactor_production/backend/node_modules/elysia/dist/bun/index.js:21:47)

[01:14:42.495] [WARN] [HTTP] SLOW GET /payroll/gangs 3557ms
[01:14:42.496] [ERROR] [DB] Query failed (Attempt 1/4) Error: Unable to connect. Is the computer able to access the url?
[01:14:42.497] [ERROR] [DB] Query failed (Attempt 1/4) Error: Unable to connect. Is the computer able to access the url?
[01:14:42.507] [ERROR] [DB] Query failed (Attempt 4/4) Error: Unable to connect. Is the computer able to access the url?
[01:14:42.508] [ERROR] [SummaryService] Failed to get gang descriptions from history_hr_gang: Error: Unable to connect. Is the computer able to access the url?
[01:14:42.509] [ERROR] [DB] Query failed (Attempt 4/4) Error: Unable to connect. Is the computer able to access the url?
[01:14:42.510] [ERROR] [SummaryService] Failed to get gang descriptions from history_hr_gang: Error: Unable to connect. Is the computer able to access the url?
[01:14:42.511] [ERROR] [DB] Query failed (Attempt 1/4) Error: Unable to connect. Is the computer able to access the url?
[01:14:42.512] [ERROR] [DB] Query failed (Attempt 1/4) Error: Unable to connect. Is the computer able to access the url?
[01:14:43.015] [ERROR] [DB] Query failed (Attempt 2/4) Error: Unable to connect. Is the computer able to access the url?
[01:14:43.026] [ERROR] [DB] Query failed (Attempt 2/4) Error: Unable to connect. Is the computer able to access the url?
[01:14:43.027] [ERROR] [DB] Query failed (Attempt 2/4) Error: Unable to connect. Is the computer able to access the url?
[01:14:43.028] [ERROR] [DB] Query failed (Attempt 2/4) Error: Unable to connect. Is the computer able to access the url?
[01:14:43.576] [ERROR] [DB] Query failed (Attempt 4/4) Error: Unable to connect. Is the computer able to access the url?
[01:14:44.048] [ERROR] [DB] Query failed (Attempt 3/4) Error: Unable to connect. Is the computer able to access the url?
[01:14:44.057] [ERROR] [DB] Query failed (Attempt 3/4) Error: Unable to connect. Is the computer able to access the url?
[01:14:44.058] [ERROR] [DB] Query failed (Attempt 3/4) Error: Unable to connect. Is the computer able to access the url?
[01:14:44.059] [ERROR] [DB] Query failed (Attempt 3/4) Error: Unable to connect. Is the computer able to access the url?
[01:14:46.075] [ERROR] [DB] Query failed (Attempt 4/4) Error: Unable to connect. Is the computer able to access the url?
[01:14:46.088] [ERROR] [DB] Query failed (Attempt 4/4) Error: Unable to connect. Is the computer able to access the url?
[DivisionConfigService] Discovery failed for PG2B: 136 |                 }
137 | 
138 |                 const controller = new AbortController();
139 |                 const timeoutId = setTimeout(() => controller.abort(), queryTimeout * 1000);
140 | 
141 |                 const response = await fetch(`${this.baseUrl}/v1/query`, {
                                             ^
error: Unable to connect. Is the computer able to access the url?
  path: "http://10.0.0.110:8001/v1/query",
 errno: 0,
  code: "ConnectionRefused"

      at query (D:\Gawean Rebinmas\PORTAL_ESTATE\Plantware_Auto_Report\Daftar_Upah_baru\payroll_daftar_upah\refactor_production\backend\src\db\client.ts:141:40)
      at getGangsForDivision (D:\Gawean Rebinmas\PORTAL_ESTATE\Plantware_Auto_Report\Daftar_Upah_baru\payroll_daftar_upah\refactor_production\backend\src\services\config\DivisionConfigService.ts:611:41)
      at getDivisionSummary (D:\Gawean Rebinmas\PORTAL_ESTATE\Plantware_Auto_Report\Daftar_Upah_baru\payroll_daftar_upah\refactor_production\backend\src\services\summaryService.ts:1342:52)
      at D:\Gawean Rebinmas\PORTAL_ESTATE\Plantware_Auto_Report\Daftar_Upah_baru\payroll_daftar_upah\refactor_production\backend\src\api\summary.ts:427:11
      at handle (file:///D:/Gawean%20Rebinmas/PORTAL_ESTATE/Plantware_Auto_Report/Daftar_Upah_baru/payroll_daftar_upah/refactor_production/backend/node_modules/elysia/dist/bun/index.js:21:47)

[01:14:46.090] [ERROR] [DB] Query failed (Attempt 4/4) Error: Unable to connect. Is the computer able to access the url?
[DivisionConfigService] Discovery failed for PG2B: 136 |                 }
137 | 
138 |                 const controller = new AbortController();
139 |                 const timeoutId = setTimeout(() => controller.abort(), queryTimeout * 1000);
140 | 
141 |                 const response = await fetch(`${this.baseUrl}/v1/query`, {
                                             ^
error: Unable to connect. Is the computer able to access the url?
  path: "http://10.0.0.110:8001/v1/query",
 errno: 0,
  code: "ConnectionRefused"

      at query (D:\Gawean Rebinmas\PORTAL_ESTATE\Plantware_Auto_Report\Daftar_Upah_baru\payroll_daftar_upah\refactor_production\backend\src\db\client.ts:141:40)
      at getGangsForDivision (D:\Gawean Rebinmas\PORTAL_ESTATE\Plantware_Auto_Report\Daftar_Upah_baru\payroll_daftar_upah\refactor_production\backend\src\services\config\DivisionConfigService.ts:611:41)
      at getDivisionSummary (D:\Gawean Rebinmas\PORTAL_ESTATE\Plantware_Auto_Report\Daftar_Upah_baru\payroll_daftar_upah\refactor_production\backend\src\services\summaryService.ts:1342:52)
      at D:\Gawean Rebinmas\PORTAL_ESTATE\Plantware_Auto_Report\Daftar_Upah_baru\payroll_daftar_upah\refactor_production\backend\src\api\summary.ts:427:11
      at handle (file:///D:/Gawean%20Rebinmas/PORTAL_ESTATE/Plantware_Auto_Report/Daftar_Upah_baru/payroll_daftar_upah/refactor_production/backend/node_modules/elysia/dist/bun/index.js:21:47)

[01:14:46.091] [ERROR] [DB] Query failed (Attempt 4/4) Error: Unable to connect. Is the computer able to access the url?
[DivisionConfigService] Discovery failed for PG2B: 136 |                 }
137 | 
138 |                 const controller = new AbortController();
139 |                 const timeoutId = setTimeout(() => controller.abort(), queryTimeout * 1000);
140 | 
141 |                 const response = await fetch(`${this.baseUrl}/v1/query`, {
                                             ^
error: Unable to connect. Is the computer able to access the url?
  path: "http://10.0.0.110:8001/v1/query",
 errno: 0,
  code: "ConnectionRefused"

      at query (D:\Gawean Rebinmas\PORTAL_ESTATE\Plantware_Auto_Report\Daftar_Upah_baru\payroll_daftar_upah\refactor_production\backend\src\db\client.ts:141:40)
      at getGangsForDivision (D:\Gawean Rebinmas\PORTAL_ESTATE\Plantware_Auto_Report\Daftar_Upah_baru\payroll_daftar_upah\refactor_production\backend\src\services\config\DivisionConfigService.ts:611:41)
      at getDivisionSummary (D:\Gawean Rebinmas\PORTAL_ESTATE\Plantware_Auto_Report\Daftar_Upah_baru\payroll_daftar_upah\refactor_production\backend\src\services\summaryService.ts:1342:52)
      at D:\Gawean Rebinmas\PORTAL_ESTATE\Plantware_Auto_Report\Daftar_Upah_baru\payroll_daftar_upah\refactor_production\backend\src\api\summary.ts:427:11
      at handle (file:///D:/Gawean%20Rebinmas/PORTAL_ESTATE/Plantware_Auto_Report/Daftar_Upah_baru/payroll_daftar_upah/refactor_production/backend/node_modules/elysia/dist/bun/index.js:21:47)

[01:14:46.093] [ERROR] [DB] Query failed (Attempt 1/4) Error: Unable to connect. Is the computer able to access the url?
[01:14:46.094] [ERROR] [DB] Query failed (Attempt 1/4) Error: Unable to connect. Is the computer able to access the url?
[01:14:46.095] [ERROR] [DB] Query failed (Attempt 1/4) Error: Unable to connect. Is the computer able to access the url?
[01:14:46.617] [ERROR] [DB] Query failed (Attempt 2/4) Error: Unable to connect. Is the computer able to access the url?
[01:14:46.619] [ERROR] [DB] Query failed (Attempt 2/4) Error: Unable to connect. Is the computer able to access the url?
[01:14:46.620] [ERROR] [DB] Query failed (Attempt 2/4) Error: Unable to connect. Is the computer able to access the url?
[01:14:47.633] [ERROR] [DB] Query failed (Attempt 3/4) Error: Unable to connect. Is the computer able to access the url?
[01:14:47.636] [ERROR] [DB] Query failed (Attempt 3/4) Error: Unable to connect. Is the computer able to access the url?
[01:14:47.638] [ERROR] [DB] Query failed (Attempt 3/4) Error: Unable to connect. Is the computer able to access the url?
[01:14:49.649] [ERROR] [DB] Query failed (Attempt 4/4) Error: Unable to connect. Is the computer able to access the url?
[01:14:49.651] [ERROR] [DB] Query failed (Attempt 4/4) Error: Unable to connect. Is the computer able to access the url?
[01:14:49.653] [ERROR] [DB] Query failed (Attempt 4/4) Error: Unable to connect. Is the computer able to access the url?
[01:14:53.919] [ERROR] [DB] Query failed (Attempt 1/4) Error: Unable to connect. Is the computer able to access the url?
[01:14:53.935] [ERROR] [DB] Query failed (Attempt 1/4) Error: Unable to connect. Is the computer able to access the url?
[01:14:53.936] [ERROR] [DB] Query failed (Attempt 1/4) Error: Unable to connect. Is the computer able to access the url?
[01:14:53.948] [ERROR] [DB] Query failed (Attempt 1/4) Error: Unable to connect. Is the computer able to access the url?
[01:14:53.954] [ERROR] [DB] Query failed (Attempt 1/4) Error: Unable to connect. Is the computer able to access the url?
[01:14:53.973] [ERROR] [DB] Query failed (Attempt 1/4) Error: Unable to connect. Is the computer able to access the url?
[01:14:54.445] [ERROR] [DB] Query failed (Attempt 2/4) Error: Unable to connect. Is the computer able to access the url?
[01:14:54.447] [ERROR] [DB] Query failed (Attempt 2/4) Error: Unable to connect. Is the computer able to access the url?
[01:14:54.448] [ERROR] [DB] Query failed (Attempt 2/4) Error: Unable to connect. Is the computer able to access the url?
[01:14:54.460] [ERROR] [DB] Query failed (Attempt 2/4) Error: Unable to connect. Is the computer able to access the url?
[01:14:54.462] [ERROR] [DB] Query failed (Attempt 2/4) Error: Unable to connect. Is the computer able to access the url?
[01:14:54.475] [ERROR] [DB] Query failed (Attempt 2/4) Error: Unable to connect. Is the computer able to access the url?
[01:14:55.478] [ERROR] [DB] Query failed (Attempt 3/4) Error: Unable to connect. Is the computer able to access the url?
[01:14:55.479] [ERROR] [DB] Query failed (Attempt 3/4) Error: Unable to connect. Is the computer able to access the url?
[01:14:55.479] [ERROR] [DB] Query failed (Attempt 3/4) Error: Unable to connect. Is the computer able to access the url?
[01:14:55.480] [ERROR] [DB] Query failed (Attempt 3/4) Error: Unable to connect. Is the computer able to access the url?
[01:14:55.481] [ERROR] [DB] Query failed (Attempt 3/4) Error: Unable to connect. Is the computer able to access the url?
[01:14:55.491] [ERROR] [DB] Query failed (Attempt 3/4) Error: Unable to connect. Is the computer able to access the url?
[01:14:57.497] [ERROR] [DB] Query failed (Attempt 4/4) Error: Unable to connect. Is the computer able to access the url?
[01:14:57.500] [ERROR] [SummaryService] Failed to get gang descriptions from history_hr_gang: Error: Unable to connect. Is the computer able to access the url?
[01:14:57.501] [WARN] [HTTP] SLOW GET /payroll/summary/gang-descriptions 3584ms
[01:14:57.502] [ERROR] [DB] Query failed (Attempt 4/4) Error: Unable to connect. Is the computer able to access the url?
[01:14:57.502] [ERROR] [SummaryService] Failed to get gang descriptions from history_hr_gang: Error: Unable to connect. Is the computer able to access the url?
[01:14:57.503] [ERROR] [DB] Query failed (Attempt 4/4) Error: Unable to connect. Is the computer able to access the url?
[DivisionConfigService] Discovery failed for PG2B: 136 |                 }
137 | 
138 |                 const controller = new AbortController();
139 |                 const timeoutId = setTimeout(() => controller.abort(), queryTimeout * 1000);
140 | 
141 |                 const response = await fetch(`${this.baseUrl}/v1/query`, {
                                             ^
error: Unable to connect. Is the computer able to access the url?
  path: "http://10.0.0.110:8001/v1/query",
 errno: 0,
  code: "ConnectionRefused"

      at query (D:\Gawean Rebinmas\PORTAL_ESTATE\Plantware_Auto_Report\Daftar_Upah_baru\payroll_daftar_upah\refactor_production\backend\src\db\client.ts:141:40)
      at getGangsForDivision (D:\Gawean Rebinmas\PORTAL_ESTATE\Plantware_Auto_Report\Daftar_Upah_baru\payroll_daftar_upah\refactor_production\backend\src\services\config\DivisionConfigService.ts:611:41)
      at getAvailablePeriods (D:\Gawean Rebinmas\PORTAL_ESTATE\Plantware_Auto_Report\Daftar_Upah_baru\payroll_daftar_upah\refactor_production\backend\src\services\summaryService.ts:970:16)
      at D:\Gawean Rebinmas\PORTAL_ESTATE\Plantware_Auto_Report\Daftar_Upah_baru\payroll_daftar_upah\refactor_production\backend\src\api\summary.ts:287:26
      at handle (file:///D:/Gawean%20Rebinmas/PORTAL_ESTATE/Plantware_Auto_Report/Daftar_Upah_baru/payroll_daftar_upah/refactor_production/backend/node_modules/elysia/dist/bun/index.js:21:47)

[01:14:57.505] [ERROR] [DB] Query failed (Attempt 4/4) Error: Unable to connect. Is the computer able to access the url?
[DivisionConfigService] Discovery failed for PG2B: 136 |                 }
137 | 
138 |                 const controller = new AbortController();
139 |                 const timeoutId = setTimeout(() => controller.abort(), queryTimeout * 1000);
140 | 
141 |                 const response = await fetch(`${this.baseUrl}/v1/query`, {
                                             ^
error: Unable to connect. Is the computer able to access the url?
  path: "http://10.0.0.110:8001/v1/query",
 errno: 0,
  code: "ConnectionRefused"

      at query (D:\Gawean Rebinmas\PORTAL_ESTATE\Plantware_Auto_Report\Daftar_Upah_baru\payroll_daftar_upah\refactor_production\backend\src\db\client.ts:141:40)
      at getGangsForDivision (D:\Gawean Rebinmas\PORTAL_ESTATE\Plantware_Auto_Report\Daftar_Upah_baru\payroll_daftar_upah\refactor_production\backend\src\services\config\DivisionConfigService.ts:611:41)
      at fetchGangs (D:\Gawean Rebinmas\PORTAL_ESTATE\Plantware_Auto_Report\Daftar_Upah_baru\payroll_daftar_upah\refactor_production\backend\src\services\gangService.ts:358:55)
      at D:\Gawean Rebinmas\PORTAL_ESTATE\Plantware_Auto_Report\Daftar_Upah_baru\payroll_daftar_upah\refactor_production\backend\src\api\payroll.ts:327:49
      at handle (file:///D:/Gawean%20Rebinmas/PORTAL_ESTATE/Plantware_Auto_Report/Daftar_Upah_baru/payroll_daftar_upah/refactor_production/backend/node_modules/elysia/dist/bun/index.js:21:47)

[01:14:57.507] [WARN] [HTTP] SLOW GET /payroll/gangs 3563ms
[01:14:57.508] [ERROR] [DB] Query failed (Attempt 4/4) Error: Unable to connect. Is the computer able to access the url?
[01:14:57.510] [ERROR] [SummaryService] Failed to get gang descriptions from history_hr_gang: Error: Unable to connect. Is the computer able to access the url?
[01:14:57.511] [ERROR] [DB] Query failed (Attempt 4/4) Error: Unable to connect. Is the computer able to access the url?
[01:14:57.513] [ERROR] [SummaryService] Failed to get gang descriptions from history_hr_gang: Error: Unable to connect. Is the computer able to access the url?
[01:14:57.514] [ERROR] [DB] Query failed (Attempt 1/4) Error: Unable to connect. Is the computer able to access the url?
[01:14:57.515] [ERROR] [DB] Query failed (Attempt 1/4) Error: Unable to connect. Is the computer able to access the url?
[01:14:57.515] [ERROR] [DB] Query failed (Attempt 1/4) Error: Unable to connect. Is the computer able to access the url?
[01:14:57.516] [ERROR] [DB] Query failed (Attempt 1/4) Error: Unable to connect. Is the computer able to access the url?
[01:14:58.023] [ERROR] [DB] Query failed (Attempt 2/4) Error: Unable to connect. Is the computer able to access the url?
[01:14:58.033] [ERROR] [DB] Query failed (Attempt 2/4) Error: Unable to connect. Is the computer able to access the url?
[01:14:58.035] [ERROR] [DB] Query failed (Attempt 2/4) Error: Unable to connect. Is the computer able to access the url?
[01:14:58.036] [ERROR] [DB] Query failed (Attempt 2/4) Error: Unable to connect. Is the computer able to access the url?
[01:14:59.040] [ERROR] [DB] Query failed (Attempt 3/4) Error: Unable to connect. Is the computer able to access the url?
[01:14:59.051] [ERROR] [DB] Query failed (Attempt 3/4) Error: Unable to connect. Is the computer able to access the url?
[01:14:59.052] [ERROR] [DB] Query failed (Attempt 3/4) Error: Unable to connect. Is the computer able to access the url?
[01:14:59.053] [ERROR] [DB] Query failed (Attempt 3/4) Error: Unable to connect. Is the computer able to access the url?
[01:15:01.055] [ERROR] [DB] Query failed (Attempt 4/4) Error: Unable to connect. Is the computer able to access the url?
[DivisionConfigService] Discovery failed for PG2B: 136 |                 }
137 | 
138 |                 const controller = new AbortController();
139 |                 const timeoutId = setTimeout(() => controller.abort(), queryTimeout * 1000);
140 | 
141 |                 const response = await fetch(`${this.baseUrl}/v1/query`, {
                                             ^
error: Unable to connect. Is the computer able to access the url?
  path: "http://10.0.0.110:8001/v1/query",
 errno: 0,
  code: "ConnectionRefused"

      at query (D:\Gawean Rebinmas\PORTAL_ESTATE\Plantware_Auto_Report\Daftar_Upah_baru\payroll_daftar_upah\refactor_production\backend\src\db\client.ts:141:40)
      at getGangsForDivision (D:\Gawean Rebinmas\PORTAL_ESTATE\Plantware_Auto_Report\Daftar_Upah_baru\payroll_daftar_upah\refactor_production\backend\src\services\config\DivisionConfigService.ts:611:41)
      at getDivisionSummary (D:\Gawean Rebinmas\PORTAL_ESTATE\Plantware_Auto_Report\Daftar_Upah_baru\payroll_daftar_upah\refactor_production\backend\src\services\summaryService.ts:1342:52)
      at D:\Gawean Rebinmas\PORTAL_ESTATE\Plantware_Auto_Report\Daftar_Upah_baru\payroll_daftar_upah\refactor_production\backend\src\api\summary.ts:427:11
      at handle (file:///D:/Gawean%20Rebinmas/PORTAL_ESTATE/Plantware_Auto_Report/Daftar_Upah_baru/payroll_daftar_upah/refactor_production/backend/node_modules/elysia/dist/bun/index.js:21:47)

[01:15:01.058] [ERROR] [DB] Query failed (Attempt 4/4) Error: Unable to connect. Is the computer able to access the url?
[01:15:01.059] [ERROR] [DB] Query failed (Attempt 4/4) Error: Unable to connect. Is the computer able to access the url?
[DivisionConfigService] Discovery failed for PG2B: 136 |                 }
137 | 
138 |                 const controller = new AbortController();
139 |                 const timeoutId = setTimeout(() => controller.abort(), queryTimeout * 1000);
140 | 
141 |                 const response = await fetch(`${this.baseUrl}/v1/query`, {
                                             ^
error: Unable to connect. Is the computer able to access the url?
  path: "http://10.0.0.110:8001/v1/query",
 errno: 0,
  code: "ConnectionRefused"

      at query (D:\Gawean Rebinmas\PORTAL_ESTATE\Plantware_Auto_Report\Daftar_Upah_baru\payroll_daftar_upah\refactor_production\backend\src\db\client.ts:141:40)
      at getGangsForDivision (D:\Gawean Rebinmas\PORTAL_ESTATE\Plantware_Auto_Report\Daftar_Upah_baru\payroll_daftar_upah\refactor_production\backend\src\services\config\DivisionConfigService.ts:611:41)
      at getDivisionSummary (D:\Gawean Rebinmas\PORTAL_ESTATE\Plantware_Auto_Report\Daftar_Upah_baru\payroll_daftar_upah\refactor_production\backend\src\services\summaryService.ts:1342:52)
      at D:\Gawean Rebinmas\PORTAL_ESTATE\Plantware_Auto_Report\Daftar_Upah_baru\payroll_daftar_upah\refactor_production\backend\src\api\summary.ts:427:11
      at handle (file:///D:/Gawean%20Rebinmas/PORTAL_ESTATE/Plantware_Auto_Report/Daftar_Upah_baru/payroll_daftar_upah/refactor_production/backend/node_modules/elysia/dist/bun/index.js:21:47)

[01:15:01.061] [ERROR] [DB] Query failed (Attempt 4/4) Error: Unable to connect. Is the computer able to access the url?
[DivisionConfigService] Discovery failed for PG2B: 136 |                 }
137 | 
138 |                 const controller = new AbortController();
139 |                 const timeoutId = setTimeout(() => controller.abort(), queryTimeout * 1000);
140 | 
141 |                 const response = await fetch(`${this.baseUrl}/v1/query`, {
                                             ^
error: Unable to connect. Is the computer able to access the url?
  path: "http://10.0.0.110:8001/v1/query",
 errno: 0,
  code: "ConnectionRefused"

      at query (D:\Gawean Rebinmas\PORTAL_ESTATE\Plantware_Auto_Report\Daftar_Upah_baru\payroll_daftar_upah\refactor_production\backend\src\db\client.ts:141:40)
      at getGangsForDivision (D:\Gawean Rebinmas\PORTAL_ESTATE\Plantware_Auto_Report\Daftar_Upah_baru\payroll_daftar_upah\refactor_production\backend\src\services\config\DivisionConfigService.ts:611:41)
      at getDivisionSummary (D:\Gawean Rebinmas\PORTAL_ESTATE\Plantware_Auto_Report\Daftar_Upah_baru\payroll_daftar_upah\refactor_production\backend\src\services\summaryService.ts:1342:52)
      at D:\Gawean Rebinmas\PORTAL_ESTATE\Plantware_Auto_Report\Daftar_Upah_baru\payroll_daftar_upah\refactor_production\backend\src\api\summary.ts:427:11
      at handle (file:///D:/Gawean%20Rebinmas/PORTAL_ESTATE/Plantware_Auto_Report/Daftar_Upah_baru/payroll_daftar_upah/refactor_production/backend/node_modules/elysia/dist/bun/index.js:21:47)

[01:15:01.062] [ERROR] [DB] Query failed (Attempt 1/4) Error: Unable to connect. Is the computer able to access the url?
[01:15:01.062] [ERROR] [DB] Query failed (Attempt 1/4) Error: Unable to connect. Is the computer able to access the url?
[01:15:01.063] [ERROR] [DB] Query failed (Attempt 1/4) Error: Unable to connect. Is the computer able to access the url?
[01:15:01.578] [ERROR] [DB] Query failed (Attempt 2/4) Error: Unable to connect. Is the computer able to access the url?
[01:15:01.588] [ERROR] [DB] Query failed (Attempt 2/4) Error: Unable to connect. Is the computer able to access the url?
[01:15:01.588] [ERROR] [DB] Query failed (Attempt 2/4) Error: Unable to connect. Is the computer able to access the url?
[01:15:02.606] [ERROR] [DB] Query failed (Attempt 3/4) Error: Unable to connect. Is the computer able to access the url?
[01:15:02.608] [ERROR] [DB] Query failed (Attempt 3/4) Error: Unable to connect. Is the computer able to access the url?
[01:15:02.609] [ERROR] [DB] Query failed (Attempt 3/4) Error: Unable to connect. Is the computer able to access the url?
[01:15:04.629] [ERROR] [DB] Query failed (Attempt 4/4) Error: Unable to connect. Is the computer able to access the url?
[01:15:04.631] [ERROR] [DB] Query failed (Attempt 4/4) Error: Unable to connect. Is the computer able to access the url?
[01:15:04.632] [ERROR] [DB] Query failed (Attempt 4/4) Error: Unable to connect. Is the computer able to access the url?
[01:15:38.426] [ERROR] [DB] Query failed (Attempt 1/4) Error: Unable to connect. Is the computer able to access the url?
[01:15:38.429] [ERROR] [DB] Query failed (Attempt 1/4) Error: Unable to connect. Is the computer able to access the url?
[01:15:38.436] [ERROR] [DB] Query failed (Attempt 1/4) Error: Unable to connect. Is the computer able to access the url?
[01:15:38.445] [ERROR] [DB] Query failed (Attempt 1/4) Error: Unable to connect. Is the computer able to access the url?
[01:15:38.450] [ERROR] [DB] Query failed (Attempt 1/4) Error: Unable to connect. Is the computer able to access the url?
[01:15:38.468] [ERROR] [DB] Query failed (Attempt 1/4) Error: Unable to connect. Is the computer able to access the url?
[01:15:38.946] [ERROR] [DB] Query failed (Attempt 2/4) Error: Unable to connect. Is the computer able to access the url?
[01:15:38.957] [ERROR] [DB] Query failed (Attempt 2/4) Error: Unable to connect. Is the computer able to access the url?
[01:15:38.959] [ERROR] [DB] Query failed (Attempt 2/4) Error: Unable to connect. Is the computer able to access the url?
[01:15:38.966] [ERROR] [DB] Query failed (Attempt 2/4) Error: Unable to connect. Is the computer able to access the url?
[01:15:38.967] [ERROR] [DB] Query failed (Attempt 2/4) Error: Unable to connect. Is the computer able to access the url?
[01:15:38.969] [ERROR] [DB] Query failed (Attempt 2/4) Error: Unable to connect. Is the computer able to access the url?
[01:15:39.961] [ERROR] [DB] Query failed (Attempt 3/4) Error: Unable to connect. Is the computer able to access the url?
[01:15:39.964] [ERROR] [DB] Query failed (Attempt 3/4) Error: Unable to connect. Is the computer able to access the url?
[01:15:39.965] [ERROR] [DB] Query failed (Attempt 3/4) Error: Unable to connect. Is the computer able to access the url?
[01:15:39.973] [ERROR] [DB] Query failed (Attempt 3/4) Error: Unable to connect. Is the computer able to access the url?
[01:15:39.975] [ERROR] [DB] Query failed (Attempt 3/4) Error: Unable to connect. Is the computer able to access the url?
[01:15:39.976] [ERROR] [DB] Query failed (Attempt 3/4) Error: Unable to connect. Is the computer able to access the url?
[01:15:41.968] [ERROR] [DB] Query failed (Attempt 4/4) Error: Unable to connect. Is the computer able to access the url?
[01:15:41.977] [ERROR] [SummaryService] Failed to get gang descriptions from history_hr_gang: Error: Unable to connect. Is the computer able to access the url?
[01:15:41.980] [WARN] [HTTP] SLOW GET /payroll/summary/gang-descriptions 3556ms
[01:15:41.981] [ERROR] [DB] Query failed (Attempt 4/4) Error: Unable to connect. Is the computer able to access the url?
[DivisionConfigService] Discovery failed for PG2B: 136 |                 }
137 | 
138 |                 const controller = new AbortController();
139 |                 const timeoutId = setTimeout(() => controller.abort(), queryTimeout * 1000);
140 | 
141 |                 const response = await fetch(`${this.baseUrl}/v1/query`, {
                                             ^
error: Unable to connect. Is the computer able to access the url?
  path: "http://10.0.0.110:8001/v1/query",
 errno: 0,
  code: "ConnectionRefused"

      at query (D:\Gawean Rebinmas\PORTAL_ESTATE\Plantware_Auto_Report\Daftar_Upah_baru\payroll_daftar_upah\refactor_production\backend\src\db\client.ts:141:40)
      at getGangsForDivision (D:\Gawean Rebinmas\PORTAL_ESTATE\Plantware_Auto_Report\Daftar_Upah_baru\payroll_daftar_upah\refactor_production\backend\src\services\config\DivisionConfigService.ts:611:41)
      at getAvailablePeriods (D:\Gawean Rebinmas\PORTAL_ESTATE\Plantware_Auto_Report\Daftar_Upah_baru\payroll_daftar_upah\refactor_production\backend\src\services\summaryService.ts:970:16)
      at D:\Gawean Rebinmas\PORTAL_ESTATE\Plantware_Auto_Report\Daftar_Upah_baru\payroll_daftar_upah\refactor_production\backend\src\api\summary.ts:287:26
      at handle (file:///D:/Gawean%20Rebinmas/PORTAL_ESTATE/Plantware_Auto_Report/Daftar_Upah_baru/payroll_daftar_upah/refactor_production/backend/node_modules/elysia/dist/bun/index.js:21:47)

[01:15:41.982] [ERROR] [DB] Query failed (Attempt 4/4) Error: Unable to connect. Is the computer able to access the url?
[01:15:41.983] [ERROR] [SummaryService] Failed to get gang descriptions from history_hr_gang: Error: Unable to connect. Is the computer able to access the url?
[01:15:41.984] [ERROR] [DB] Query failed (Attempt 4/4) Error: Unable to connect. Is the computer able to access the url?
[DivisionConfigService] Discovery failed for PG2B: 136 |                 }
137 | 
138 |                 const controller = new AbortController();
139 |                 const timeoutId = setTimeout(() => controller.abort(), queryTimeout * 1000);
140 | 
141 |                 const response = await fetch(`${this.baseUrl}/v1/query`, {
                                             ^
error: Unable to connect. Is the computer able to access the url?
  path: "http://10.0.0.110:8001/v1/query",
 errno: 0,
  code: "ConnectionRefused"

      at query (D:\Gawean Rebinmas\PORTAL_ESTATE\Plantware_Auto_Report\Daftar_Upah_baru\payroll_daftar_upah\refactor_production\backend\src\db\client.ts:141:40)
      at getGangsForDivision (D:\Gawean Rebinmas\PORTAL_ESTATE\Plantware_Auto_Report\Daftar_Upah_baru\payroll_daftar_upah\refactor_production\backend\src\services\config\DivisionConfigService.ts:611:41)
      at fetchGangs (D:\Gawean Rebinmas\PORTAL_ESTATE\Plantware_Auto_Report\Daftar_Upah_baru\payroll_daftar_upah\refactor_production\backend\src\services\gangService.ts:358:55)
      at D:\Gawean Rebinmas\PORTAL_ESTATE\Plantware_Auto_Report\Daftar_Upah_baru\payroll_daftar_upah\refactor_production\backend\src\api\payroll.ts:327:49
      at handle (file:///D:/Gawean%20Rebinmas/PORTAL_ESTATE/Plantware_Auto_Report/Daftar_Upah_baru/payroll_daftar_upah/refactor_production/backend/node_modules/elysia/dist/bun/index.js:21:47)

[01:15:41.985] [WARN] [HTTP] SLOW GET /payroll/gangs 3541ms
[01:15:41.985] [ERROR] [DB] Query failed (Attempt 4/4) Error: Unable to connect. Is the computer able to access the url?
[01:15:41.986] [ERROR] [SummaryService] Failed to get gang descriptions from history_hr_gang: Error: Unable to connect. Is the computer able to access the url?
[01:15:41.987] [ERROR] [DB] Query failed (Attempt 1/4) Error: Unable to connect. Is the computer able to access the url?
[01:15:41.987] [ERROR] [DB] Query failed (Attempt 1/4) Error: Unable to connect. Is the computer able to access the url?
[01:15:41.988] [ERROR] [DB] Query failed (Attempt 1/4) Error: Unable to connect. Is the computer able to access the url?
[01:15:41.997] [ERROR] [DB] Query failed (Attempt 4/4) Error: Unable to connect. Is the computer able to access the url?
[01:15:41.998] [ERROR] [SummaryService] Failed to get gang descriptions from history_hr_gang: Error: Unable to connect. Is the computer able to access the url?
[01:15:42.000] [ERROR] [DB] Query failed (Attempt 1/4) Error: Unable to connect. Is the computer able to access the url?
[01:15:42.506] [ERROR] [DB] Query failed (Attempt 2/4) Error: Unable to connect. Is the computer able to access the url?
[01:15:42.516] [ERROR] [DB] Query failed (Attempt 2/4) Error: Unable to connect. Is the computer able to access the url?
[01:15:42.516] [ERROR] [DB] Query failed (Attempt 2/4) Error: Unable to connect. Is the computer able to access the url?
[01:15:42.517] [ERROR] [DB] Query failed (Attempt 2/4) Error: Unable to connect. Is the computer able to access the url?
[01:15:43.524] [ERROR] [DB] Query failed (Attempt 3/4) Error: Unable to connect. Is the computer able to access the url?
[01:15:43.526] [ERROR] [DB] Query failed (Attempt 3/4) Error: Unable to connect. Is the computer able to access the url?
[01:15:43.527] [ERROR] [DB] Query failed (Attempt 3/4) Error: Unable to connect. Is the computer able to access the url?
[01:15:43.528] [ERROR] [DB] Query failed (Attempt 3/4) Error: Unable to connect. Is the computer able to access the url?
[01:15:45.547] [ERROR] [DB] Query failed (Attempt 4/4) Error: Unable to connect. Is the computer able to access the url?
[01:15:45.549] [ERROR] [DB] Query failed (Attempt 4/4) Error: Unable to connect. Is the computer able to access the url?
[DivisionConfigService] Discovery failed for PG2B: 136 |                 }
137 | 
138 |                 const controller = new AbortController();
139 |                 const timeoutId = setTimeout(() => controller.abort(), queryTimeout * 1000);
140 | 
141 |                 const response = await fetch(`${this.baseUrl}/v1/query`, {
                                             ^
error: Unable to connect. Is the computer able to access the url?
  path: "http://10.0.0.110:8001/v1/query",
 errno: 0,
  code: "ConnectionRefused"

      at query (D:\Gawean Rebinmas\PORTAL_ESTATE\Plantware_Auto_Report\Daftar_Upah_baru\payroll_daftar_upah\refactor_production\backend\src\db\client.ts:141:40)
      at getGangsForDivision (D:\Gawean Rebinmas\PORTAL_ESTATE\Plantware_Auto_Report\Daftar_Upah_baru\payroll_daftar_upah\refactor_production\backend\src\services\config\DivisionConfigService.ts:611:41)
      at getDivisionSummary (D:\Gawean Rebinmas\PORTAL_ESTATE\Plantware_Auto_Report\Daftar_Upah_baru\payroll_daftar_upah\refactor_production\backend\src\services\summaryService.ts:1342:52)
      at D:\Gawean Rebinmas\PORTAL_ESTATE\Plantware_Auto_Report\Daftar_Upah_baru\payroll_daftar_upah\refactor_production\backend\src\api\summary.ts:427:11
      at handle (file:///D:/Gawean%20Rebinmas/PORTAL_ESTATE/Plantware_Auto_Report/Daftar_Upah_baru/payroll_daftar_upah/refactor_production/backend/node_modules/elysia/dist/bun/index.js:21:47)

[01:15:45.550] [ERROR] [DB] Query failed (Attempt 4/4) Error: Unable to connect. Is the computer able to access the url?
[DivisionConfigService] Discovery failed for PG2B: 136 |                 }
137 | 
138 |                 const controller = new AbortController();
139 |                 const timeoutId = setTimeout(() => controller.abort(), queryTimeout * 1000);
140 | 
141 |                 const response = await fetch(`${this.baseUrl}/v1/query`, {
                                             ^
error: Unable to connect. Is the computer able to access the url?
  path: "http://10.0.0.110:8001/v1/query",
 errno: 0,
  code: "ConnectionRefused"

      at query (D:\Gawean Rebinmas\PORTAL_ESTATE\Plantware_Auto_Report\Daftar_Upah_baru\payroll_daftar_upah\refactor_production\backend\src\db\client.ts:141:40)
      at getGangsForDivision (D:\Gawean Rebinmas\PORTAL_ESTATE\Plantware_Auto_Report\Daftar_Upah_baru\payroll_daftar_upah\refactor_production\backend\src\services\config\DivisionConfigService.ts:611:41)
      at getDivisionSummary (D:\Gawean Rebinmas\PORTAL_ESTATE\Plantware_Auto_Report\Daftar_Upah_baru\payroll_daftar_upah\refactor_production\backend\src\services\summaryService.ts:1342:52)
      at D:\Gawean Rebinmas\PORTAL_ESTATE\Plantware_Auto_Report\Daftar_Upah_baru\payroll_daftar_upah\refactor_production\backend\src\api\summary.ts:427:11
      at handle (file:///D:/Gawean%20Rebinmas/PORTAL_ESTATE/Plantware_Auto_Report/Daftar_Upah_baru/payroll_daftar_upah/refactor_production/backend/node_modules/elysia/dist/bun/index.js:21:47)

[01:15:45.552] [ERROR] [DB] Query failed (Attempt 4/4) Error: Unable to connect. Is the computer able to access the url?
[DivisionConfigService] Discovery failed for PG2B: 136 |                 }
137 | 
138 |                 const controller = new AbortController();
139 |                 const timeoutId = setTimeout(() => controller.abort(), queryTimeout * 1000);
140 | 
141 |                 const response = await fetch(`${this.baseUrl}/v1/query`, {
                                             ^
error: Unable to connect. Is the computer able to access the url?
  path: "http://10.0.0.110:8001/v1/query",
 errno: 0,
  code: "ConnectionRefused"

      at query (D:\Gawean Rebinmas\PORTAL_ESTATE\Plantware_Auto_Report\Daftar_Upah_baru\payroll_daftar_upah\refactor_production\backend\src\db\client.ts:141:40)
      at getGangsForDivision (D:\Gawean Rebinmas\PORTAL_ESTATE\Plantware_Auto_Report\Daftar_Upah_baru\payroll_daftar_upah\refactor_production\backend\src\services\config\DivisionConfigService.ts:611:41)
      at getDivisionSummary (D:\Gawean Rebinmas\PORTAL_ESTATE\Plantware_Auto_Report\Daftar_Upah_baru\payroll_daftar_upah\refactor_production\backend\src\services\summaryService.ts:1342:52)
      at D:\Gawean Rebinmas\PORTAL_ESTATE\Plantware_Auto_Report\Daftar_Upah_baru\payroll_daftar_upah\refactor_production\backend\src\api\summary.ts:427:11
      at handle (file:///D:/Gawean%20Rebinmas/PORTAL_ESTATE/Plantware_Auto_Report/Daftar_Upah_baru/payroll_daftar_upah/refactor_production/backend/node_modules/elysia/dist/bun/index.js:21:47)

[01:15:45.554] [ERROR] [DB] Query failed (Attempt 1/4) Error: Unable to connect. Is the computer able to access the url?
[01:15:45.555] [ERROR] [DB] Query failed (Attempt 1/4) Error: Unable to connect. Is the computer able to access the url?
[01:15:45.556] [ERROR] [DB] Query failed (Attempt 1/4) Error: Unable to connect. Is the computer able to access the url?
[01:15:46.070] [ERROR] [DB] Query failed (Attempt 2/4) Error: Unable to connect. Is the computer able to access the url?
[01:15:46.071] [ERROR] [DB] Query failed (Attempt 2/4) Error: Unable to connect. Is the computer able to access the url?
[01:15:46.072] [ERROR] [DB] Query failed (Attempt 2/4) Error: Unable to connect. Is the computer able to access the url?
[01:15:47.089] [ERROR] [DB] Query failed (Attempt 3/4) Error: Unable to connect. Is the computer able to access the url?
[01:15:47.090] [ERROR] [DB] Query failed (Attempt 3/4) Error: Unable to connect. Is the computer able to access the url?
[01:15:47.090] [ERROR] [DB] Query failed (Attempt 3/4) Error: Unable to connect. Is the computer able to access the url?
[01:15:49.106] [ERROR] [DB] Query failed (Attempt 4/4) Error: Unable to connect. Is the computer able to access the url?
[01:15:49.116] [ERROR] [DB] Query failed (Attempt 4/4) Error: Unable to connect. Is the computer able to access the url?
[01:15:49.117] [ERROR] [DB] Query failed (Attempt 4/4) Error: Unable to connect. Is the computer able to access the url?
[01:17:52.084] [ERROR] [DB] Query failed (Attempt 1/4) Error: Unable to connect. Is the computer able to access the url?
[01:17:52.097] [ERROR] [DB] Query failed (Attempt 1/4) Error: Unable to connect. Is the computer able to access the url?
[01:17:52.106] [ERROR] [DB] Query failed (Attempt 1/4) Error: Unable to connect. Is the computer able to access the url?
[01:17:52.107] [ERROR] [DB] Query failed (Attempt 1/4) Error: Unable to connect. Is the computer able to access the url?
[01:17:52.112] [ERROR] [DB] Query failed (Attempt 1/4) Error: Unable to connect. Is the computer able to access the url?
[01:17:52.143] [ERROR] [DB] Query failed (Attempt 1/4) Error: Unable to connect. Is the computer able to access the url?
[01:17:52.596] [ERROR] [DB] Query failed (Attempt 2/4) Error: Unable to connect. Is the computer able to access the url?
[01:17:52.605] [ERROR] [DB] Query failed (Attempt 2/4) Error: Unable to connect. Is the computer able to access the url?
[01:17:52.609] [ERROR] [DB] Query failed (Attempt 2/4) Error: Unable to connect. Is the computer able to access the url?
[01:17:52.610] [ERROR] [DB] Query failed (Attempt 2/4) Error: Unable to connect. Is the computer able to access the url?
[01:17:52.611] [ERROR] [DB] Query failed (Attempt 2/4) Error: Unable to connect. Is the computer able to access the url?
[01:17:52.655] [ERROR] [DB] Query failed (Attempt 2/4) Error: Unable to connect. Is the computer able to access the url?
[01:17:53.613] [ERROR] [DB] Query failed (Attempt 3/4) Error: Unable to connect. Is the computer able to access the url?
[01:17:53.617] [ERROR] [DB] Query failed (Attempt 3/4) Error: Unable to connect. Is the computer able to access the url?
[01:17:53.618] [ERROR] [DB] Query failed (Attempt 3/4) Error: Unable to connect. Is the computer able to access the url?
[01:17:53.618] [ERROR] [DB] Query failed (Attempt 3/4) Error: Unable to connect. Is the computer able to access the url?
[01:17:53.619] [ERROR] [DB] Query failed (Attempt 3/4) Error: Unable to connect. Is the computer able to access the url?
[01:17:53.657] [ERROR] [DB] Query failed (Attempt 3/4) Error: Unable to connect. Is the computer able to access the url?
[01:17:55.614] [ERROR] [DB] Query failed (Attempt 4/4) Error: Unable to connect. Is the computer able to access the url?
[01:17:55.621] [ERROR] [SummaryService] Failed to get gang descriptions from history_hr_gang: Error: Unable to connect. Is the computer able to access the url?
[01:17:55.621] [WARN] [HTTP] SLOW GET /payroll/summary/gang-descriptions 3538ms
[01:17:55.622] [ERROR] [DB] Query failed (Attempt 4/4) Error: Unable to connect. Is the computer able to access the url?
[DivisionConfigService] Discovery failed for PG2B: 136 |                 }
137 | 
138 |                 const controller = new AbortController();
139 |                 const timeoutId = setTimeout(() => controller.abort(), queryTimeout * 1000);
140 | 
141 |                 const response = await fetch(`${this.baseUrl}/v1/query`, {
                                             ^
error: Unable to connect. Is the computer able to access the url?
  path: "http://10.0.0.110:8001/v1/query",
 errno: 0,
  code: "ConnectionRefused"

      at query (D:\Gawean Rebinmas\PORTAL_ESTATE\Plantware_Auto_Report\Daftar_Upah_baru\payroll_daftar_upah\refactor_production\backend\src\db\client.ts:141:40)
      at getGangsForDivision (D:\Gawean Rebinmas\PORTAL_ESTATE\Plantware_Auto_Report\Daftar_Upah_baru\payroll_daftar_upah\refactor_production\backend\src\services\config\DivisionConfigService.ts:611:41)
      at getAvailablePeriods (D:\Gawean Rebinmas\PORTAL_ESTATE\Plantware_Auto_Report\Daftar_Upah_baru\payroll_daftar_upah\refactor_production\backend\src\services\summaryService.ts:970:16)
      at D:\Gawean Rebinmas\PORTAL_ESTATE\Plantware_Auto_Report\Daftar_Upah_baru\payroll_daftar_upah\refactor_production\backend\src\api\summary.ts:287:26
      at handle (file:///D:/Gawean%20Rebinmas/PORTAL_ESTATE/Plantware_Auto_Report/Daftar_Upah_baru/payroll_daftar_upah/refactor_production/backend/node_modules/elysia/dist/bun/index.js:21:47)

[01:17:55.624] [ERROR] [DB] Query failed (Attempt 1/4) Error: Unable to connect. Is the computer able to access the url?
[01:17:55.629] [ERROR] [DB] Query failed (Attempt 4/4) Error: Unable to connect. Is the computer able to access the url?
[01:17:55.631] [ERROR] [SummaryService] Failed to get gang descriptions from history_hr_gang: Error: Unable to connect. Is the computer able to access the url?
[01:17:55.632] [ERROR] [DB] Query failed (Attempt 4/4) Error: Unable to connect. Is the computer able to access the url?
[DivisionConfigService] Discovery failed for PG2B: 136 |                 }
137 | 
138 |                 const controller = new AbortController();
139 |                 const timeoutId = setTimeout(() => controller.abort(), queryTimeout * 1000);
140 | 
141 |                 const response = await fetch(`${this.baseUrl}/v1/query`, {
                                             ^
error: Unable to connect. Is the computer able to access the url?
  path: "http://10.0.0.110:8001/v1/query",
 errno: 0,
  code: "ConnectionRefused"

      at query (D:\Gawean Rebinmas\PORTAL_ESTATE\Plantware_Auto_Report\Daftar_Upah_baru\payroll_daftar_upah\refactor_production\backend\src\db\client.ts:141:40)
      at getGangsForDivision (D:\Gawean Rebinmas\PORTAL_ESTATE\Plantware_Auto_Report\Daftar_Upah_baru\payroll_daftar_upah\refactor_production\backend\src\services\config\DivisionConfigService.ts:611:41)
      at fetchGangs (D:\Gawean Rebinmas\PORTAL_ESTATE\Plantware_Auto_Report\Daftar_Upah_baru\payroll_daftar_upah\refactor_production\backend\src\services\gangService.ts:358:55)
      at D:\Gawean Rebinmas\PORTAL_ESTATE\Plantware_Auto_Report\Daftar_Upah_baru\payroll_daftar_upah\refactor_production\backend\src\api\payroll.ts:327:49
      at handle (file:///D:/Gawean%20Rebinmas/PORTAL_ESTATE/Plantware_Auto_Report/Daftar_Upah_baru/payroll_daftar_upah/refactor_production/backend/node_modules/elysia/dist/bun/index.js:21:47)

[01:17:55.634] [WARN] [HTTP] SLOW GET /payroll/gangs 3529ms
[01:17:55.634] [ERROR] [DB] Query failed (Attempt 4/4) Error: Unable to connect. Is the computer able to access the url?
[01:17:55.636] [ERROR] [SummaryService] Failed to get gang descriptions from history_hr_gang: Error: Unable to connect. Is the computer able to access the url?
[01:17:55.637] [ERROR] [DB] Query failed (Attempt 1/4) Error: Unable to connect. Is the computer able to access the url?
[01:17:55.638] [ERROR] [DB] Query failed (Attempt 1/4) Error: Unable to connect. Is the computer able to access the url?
[01:17:55.659] [ERROR] [DB] Query failed (Attempt 4/4) Error: Unable to connect. Is the computer able to access the url?
[01:17:55.661] [ERROR] [SummaryService] Failed to get gang descriptions from history_hr_gang: Error: Unable to connect. Is the computer able to access the url?
[01:17:55.663] [ERROR] [DB] Query failed (Attempt 1/4) Error: Unable to connect. Is the computer able to access the url?
[01:17:56.138] [ERROR] [DB] Query failed (Attempt 2/4) Error: Unable to connect. Is the computer able to access the url?
[01:17:56.141] [ERROR] [DB] Query failed (Attempt 2/4) Error: Unable to connect. Is the computer able to access the url?
[01:17:56.141] [ERROR] [DB] Query failed (Attempt 2/4) Error: Unable to connect. Is the computer able to access the url?
[01:17:56.167] [ERROR] [DB] Query failed (Attempt 2/4) Error: Unable to connect. Is the computer able to access the url?
[01:17:57.153] [ERROR] [DB] Query failed (Attempt 3/4) Error: Unable to connect. Is the computer able to access the url?
[01:17:57.154] [ERROR] [DB] Query failed (Attempt 3/4) Error: Unable to connect. Is the computer able to access the url?
[01:17:57.155] [ERROR] [DB] Query failed (Attempt 3/4) Error: Unable to connect. Is the computer able to access the url?
[01:17:57.182] [ERROR] [DB] Query failed (Attempt 3/4) Error: Unable to connect. Is the computer able to access the url?
[01:17:59.169] [ERROR] [DB] Query failed (Attempt 4/4) Error: Unable to connect. Is the computer able to access the url?
[01:17:59.170] [ERROR] [DB] Query failed (Attempt 4/4) Error: Unable to connect. Is the computer able to access the url?
[DivisionConfigService] Discovery failed for PG2B: 136 |                 }
137 | 
138 |                 const controller = new AbortController();
139 |                 const timeoutId = setTimeout(() => controller.abort(), queryTimeout * 1000);
140 | 
141 |                 const response = await fetch(`${this.baseUrl}/v1/query`, {
                                             ^
error: Unable to connect. Is the computer able to access the url?
  path: "http://10.0.0.110:8001/v1/query",
 errno: 0,
  code: "ConnectionRefused"

      at query (D:\Gawean Rebinmas\PORTAL_ESTATE\Plantware_Auto_Report\Daftar_Upah_baru\payroll_daftar_upah\refactor_production\backend\src\db\client.ts:141:40)
      at getGangsForDivision (D:\Gawean Rebinmas\PORTAL_ESTATE\Plantware_Auto_Report\Daftar_Upah_baru\payroll_daftar_upah\refactor_production\backend\src\services\config\DivisionConfigService.ts:611:41)
      at getDivisionSummary (D:\Gawean Rebinmas\PORTAL_ESTATE\Plantware_Auto_Report\Daftar_Upah_baru\payroll_daftar_upah\refactor_production\backend\src\services\summaryService.ts:1342:52)
      at D:\Gawean Rebinmas\PORTAL_ESTATE\Plantware_Auto_Report\Daftar_Upah_baru\payroll_daftar_upah\refactor_production\backend\src\api\summary.ts:427:11
      at handle (file:///D:/Gawean%20Rebinmas/PORTAL_ESTATE/Plantware_Auto_Report/Daftar_Upah_baru/payroll_daftar_upah/refactor_production/backend/node_modules/elysia/dist/bun/index.js:21:47)

[01:17:59.172] [ERROR] [DB] Query failed (Attempt 4/4) Error: Unable to connect. Is the computer able to access the url?
[DivisionConfigService] Discovery failed for PG2B: 136 |                 }
137 | 
138 |                 const controller = new AbortController();
139 |                 const timeoutId = setTimeout(() => controller.abort(), queryTimeout * 1000);
140 | 
141 |                 const response = await fetch(`${this.baseUrl}/v1/query`, {
                                             ^
error: Unable to connect. Is the computer able to access the url?
  path: "http://10.0.0.110:8001/v1/query",
 errno: 0,
  code: "ConnectionRefused"

      at query (D:\Gawean Rebinmas\PORTAL_ESTATE\Plantware_Auto_Report\Daftar_Upah_baru\payroll_daftar_upah\refactor_production\backend\src\db\client.ts:141:40)
      at getGangsForDivision (D:\Gawean Rebinmas\PORTAL_ESTATE\Plantware_Auto_Report\Daftar_Upah_baru\payroll_daftar_upah\refactor_production\backend\src\services\config\DivisionConfigService.ts:611:41)
      at getDivisionSummary (D:\Gawean Rebinmas\PORTAL_ESTATE\Plantware_Auto_Report\Daftar_Upah_baru\payroll_daftar_upah\refactor_production\backend\src\services\summaryService.ts:1342:52)
      at D:\Gawean Rebinmas\PORTAL_ESTATE\Plantware_Auto_Report\Daftar_Upah_baru\payroll_daftar_upah\refactor_production\backend\src\api\summary.ts:427:11
      at handle (file:///D:/Gawean%20Rebinmas/PORTAL_ESTATE/Plantware_Auto_Report/Daftar_Upah_baru/payroll_daftar_upah/refactor_production/backend/node_modules/elysia/dist/bun/index.js:21:47)

[01:17:59.174] [ERROR] [DB] Query failed (Attempt 1/4) Error: Unable to connect. Is the computer able to access the url?
[01:17:59.175] [ERROR] [DB] Query failed (Attempt 1/4) Error: Unable to connect. Is the computer able to access the url?
[01:17:59.197] [ERROR] [DB] Query failed (Attempt 4/4) Error: Unable to connect. Is the computer able to access the url?
[DivisionConfigService] Discovery failed for PG2B: 136 |                 }
137 | 
138 |                 const controller = new AbortController();
139 |                 const timeoutId = setTimeout(() => controller.abort(), queryTimeout * 1000);
140 | 
141 |                 const response = await fetch(`${this.baseUrl}/v1/query`, {
                                             ^
error: Unable to connect. Is the computer able to access the url?
  path: "http://10.0.0.110:8001/v1/query",
 errno: 0,
  code: "ConnectionRefused"

      at query (D:\Gawean Rebinmas\PORTAL_ESTATE\Plantware_Auto_Report\Daftar_Upah_baru\payroll_daftar_upah\refactor_production\backend\src\db\client.ts:141:40)
      at getGangsForDivision (D:\Gawean Rebinmas\PORTAL_ESTATE\Plantware_Auto_Report\Daftar_Upah_baru\payroll_daftar_upah\refactor_production\backend\src\services\config\DivisionConfigService.ts:611:41)
      at getDivisionSummary (D:\Gawean Rebinmas\PORTAL_ESTATE\Plantware_Auto_Report\Daftar_Upah_baru\payroll_daftar_upah\refactor_production\backend\src\services\summaryService.ts:1342:52)
      at D:\Gawean Rebinmas\PORTAL_ESTATE\Plantware_Auto_Report\Daftar_Upah_baru\payroll_daftar_upah\refactor_production\backend\src\api\summary.ts:427:11
      at handle (file:///D:/Gawean%20Rebinmas/PORTAL_ESTATE/Plantware_Auto_Report/Daftar_Upah_baru/payroll_daftar_upah/refactor_production/backend/node_modules/elysia/dist/bun/index.js:21:47)

[01:17:59.202] [ERROR] [DB] Query failed (Attempt 1/4) Error: Unable to connect. Is the computer able to access the url?
[01:17:59.674] [ERROR] [DB] Query failed (Attempt 2/4) Error: Unable to connect. Is the computer able to access the url?
[01:17:59.683] [ERROR] [DB] Query failed (Attempt 2/4) Error: Unable to connect. Is the computer able to access the url?
[01:17:59.704] [ERROR] [DB] Query failed (Attempt 2/4) Error: Unable to connect. Is the computer able to access the url?
[01:18:00.709] [ERROR] [DB] Query failed (Attempt 3/4) Error: Unable to connect. Is the computer able to access the url?
[01:18:00.719] [ERROR] [DB] Query failed (Attempt 3/4) Error: Unable to connect. Is the computer able to access the url?
[01:18:00.720] [ERROR] [DB] Query failed (Attempt 3/4) Error: Unable to connect. Is the computer able to access the url?
[01:18:02.745] [ERROR] [DB] Query failed (Attempt 4/4) Error: Unable to connect. Is the computer able to access the url?
[01:18:02.757] [ERROR] [DB] Query failed (Attempt 4/4) Error: Unable to connect. Is the computer able to access the url?
[01:18:02.758] [ERROR] [DB] Query failed (Attempt 4/4) Error: Unable to connect. Is the computer able to access the url?
[01:18:05.532] [ERROR] [DB] Query failed (Attempt 1/4) Error: Unable to connect. Is the computer able to access the url?
[01:18:05.548] [ERROR] [DB] Query failed (Attempt 1/4) Error: Unable to connect. Is the computer able to access the url?
[01:18:05.557] [ERROR] [DB] Query failed (Attempt 1/4) Error: Unable to connect. Is the computer able to access the url?
[01:18:05.566] [ERROR] [DB] Query failed (Attempt 1/4) Error: Unable to connect. Is the computer able to access the url?
[01:18:05.576] [ERROR] [DB] Query failed (Attempt 1/4) Error: Unable to connect. Is the computer able to access the url?
[01:18:05.612] [ERROR] [DB] Query failed (Attempt 1/4) Error: Unable to connect. Is the computer able to access the url?
[01:18:06.056] [ERROR] [DB] Query failed (Attempt 2/4) Error: Unable to connect. Is the computer able to access the url?
[01:18:06.067] [ERROR] [DB] Query failed (Attempt 2/4) Error: Unable to connect. Is the computer able to access the url?
[01:18:06.082] [ERROR] [DB] Query failed (Attempt 2/4) Error: Unable to connect. Is the computer able to access the url?
[01:18:06.085] [ERROR] [DB] Query failed (Attempt 2/4) Error: Unable to connect. Is the computer able to access the url?
[01:18:06.086] [ERROR] [DB] Query failed (Attempt 2/4) Error: Unable to connect. Is the computer able to access the url?
[01:18:06.114] [ERROR] [DB] Query failed (Attempt 2/4) Error: Unable to connect. Is the computer able to access the url?
[01:18:07.074] [ERROR] [DB] Query failed (Attempt 3/4) Error: Unable to connect. Is the computer able to access the url?
[01:18:07.083] [ERROR] [DB] Query failed (Attempt 3/4) Error: Unable to connect. Is the computer able to access the url?
[01:18:07.084] [ERROR] [DB] Query failed (Attempt 3/4) Error: Unable to connect. Is the computer able to access the url?
[01:18:07.103] [ERROR] [DB] Query failed (Attempt 3/4) Error: Unable to connect. Is the computer able to access the url?
[01:18:07.106] [ERROR] [DB] Query failed (Attempt 3/4) Error: Unable to connect. Is the computer able to access the url?
[01:18:07.107] [ERROR] [DB] Query failed (Attempt 3/4) Error: Unable to connect. Is the computer able to access the url?
[01:18:09.079] [ERROR] [DB] Query failed (Attempt 4/4) Error: Unable to connect. Is the computer able to access the url?
[01:18:09.091] [ERROR] [SummaryService] Failed to get gang descriptions from history_hr_gang: Error: Unable to connect. Is the computer able to access the url?
[01:18:09.092] [WARN] [HTTP] SLOW GET /payroll/summary/gang-descriptions 3561ms
[01:18:09.093] [ERROR] [DB] Query failed (Attempt 4/4) Error: Unable to connect. Is the computer able to access the url?
[DivisionConfigService] Discovery failed for PG2B: 136 |                 }
137 | 
138 |                 const controller = new AbortController();
139 |                 const timeoutId = setTimeout(() => controller.abort(), queryTimeout * 1000);
140 | 
141 |                 const response = await fetch(`${this.baseUrl}/v1/query`, {
                                             ^
error: Unable to connect. Is the computer able to access the url?
  path: "http://10.0.0.110:8001/v1/query",
 errno: 0,
  code: "ConnectionRefused"

      at query (D:\Gawean Rebinmas\PORTAL_ESTATE\Plantware_Auto_Report\Daftar_Upah_baru\payroll_daftar_upah\refactor_production\backend\src\db\client.ts:141:40)
      at getGangsForDivision (D:\Gawean Rebinmas\PORTAL_ESTATE\Plantware_Auto_Report\Daftar_Upah_baru\payroll_daftar_upah\refactor_production\backend\src\services\config\DivisionConfigService.ts:611:41)
      at getAvailablePeriods (D:\Gawean Rebinmas\PORTAL_ESTATE\Plantware_Auto_Report\Daftar_Upah_baru\payroll_daftar_upah\refactor_production\backend\src\services\summaryService.ts:970:16)
      at D:\Gawean Rebinmas\PORTAL_ESTATE\Plantware_Auto_Report\Daftar_Upah_baru\payroll_daftar_upah\refactor_production\backend\src\api\summary.ts:287:26
      at handle (file:///D:/Gawean%20Rebinmas/PORTAL_ESTATE/Plantware_Auto_Report/Daftar_Upah_baru/payroll_daftar_upah/refactor_production/backend/node_modules/elysia/dist/bun/index.js:21:47)

[01:18:09.095] [ERROR] [DB] Query failed (Attempt 4/4) Error: Unable to connect. Is the computer able to access the url?
[01:18:09.095] [ERROR] [SummaryService] Failed to get gang descriptions from history_hr_gang: Error: Unable to connect. Is the computer able to access the url?
[01:18:09.097] [ERROR] [DB] Query failed (Attempt 1/4) Error: Unable to connect. Is the computer able to access the url?
[01:18:09.098] [ERROR] [DB] Query failed (Attempt 1/4) Error: Unable to connect. Is the computer able to access the url?
[01:18:09.125] [ERROR] [DB] Query failed (Attempt 4/4) Error: Unable to connect. Is the computer able to access the url?
[DivisionConfigService] Discovery failed for PG2B: 136 |                 }
137 | 
138 |                 const controller = new AbortController();
139 |                 const timeoutId = setTimeout(() => controller.abort(), queryTimeout * 1000);
140 | 
141 |                 const response = await fetch(`${this.baseUrl}/v1/query`, {
                                             ^
error: Unable to connect. Is the computer able to access the url?
  path: "http://10.0.0.110:8001/v1/query",
 errno: 0,
  code: "ConnectionRefused"

      at query (D:\Gawean Rebinmas\PORTAL_ESTATE\Plantware_Auto_Report\Daftar_Upah_baru\payroll_daftar_upah\refactor_production\backend\src\db\client.ts:141:40)
      at getGangsForDivision (D:\Gawean Rebinmas\PORTAL_ESTATE\Plantware_Auto_Report\Daftar_Upah_baru\payroll_daftar_upah\refactor_production\backend\src\services\config\DivisionConfigService.ts:611:41)
      at fetchGangs (D:\Gawean Rebinmas\PORTAL_ESTATE\Plantware_Auto_Report\Daftar_Upah_baru\payroll_daftar_upah\refactor_production\backend\src\services\gangService.ts:358:55)
      at D:\Gawean Rebinmas\PORTAL_ESTATE\Plantware_Auto_Report\Daftar_Upah_baru\payroll_daftar_upah\refactor_production\backend\src\api\payroll.ts:327:49
      at handle (file:///D:/Gawean%20Rebinmas/PORTAL_ESTATE/Plantware_Auto_Report/Daftar_Upah_baru/payroll_daftar_upah/refactor_production/backend/node_modules/elysia/dist/bun/index.js:21:47)

[01:18:09.128] [WARN] [HTTP] SLOW GET /payroll/gangs 3565ms
[01:18:09.129] [ERROR] [DB] Query failed (Attempt 4/4) Error: Unable to connect. Is the computer able to access the url?
[01:18:09.130] [ERROR] [SummaryService] Failed to get gang descriptions from history_hr_gang: Error: Unable to connect. Is the computer able to access the url?
[01:18:09.130] [ERROR] [DB] Query failed (Attempt 4/4) Error: Unable to connect. Is the computer able to access the url?
[01:18:09.131] [ERROR] [SummaryService] Failed to get gang descriptions from history_hr_gang: Error: Unable to connect. Is the computer able to access the url?
[01:18:09.132] [ERROR] [DB] Query failed (Attempt 1/4) Error: Unable to connect. Is the computer able to access the url?
[01:18:09.132] [ERROR] [DB] Query failed (Attempt 1/4) Error: Unable to connect. Is the computer able to access the url?
[01:18:09.611] [ERROR] [DB] Query failed (Attempt 2/4) Error: Unable to connect. Is the computer able to access the url?
[01:18:09.617] [ERROR] [DB] Query failed (Attempt 2/4) Error: Unable to connect. Is the computer able to access the url?
[01:18:09.625] [ERROR] [DB] Query failed (Attempt 2/4) Error: Unable to connect. Is the computer able to access the url?
[01:18:09.656] [ERROR] [DB] Query failed (Attempt 2/4) Error: Unable to connect. Is the computer able to access the url?
[01:18:10.616] [ERROR] [DB] Query failed (Attempt 3/4) Error: Unable to connect. Is the computer able to access the url?
[01:18:10.631] [ERROR] [DB] Query failed (Attempt 3/4) Error: Unable to connect. Is the computer able to access the url?
[01:18:10.632] [ERROR] [DB] Query failed (Attempt 3/4) Error: Unable to connect. Is the computer able to access the url?
[01:18:10.679] [ERROR] [DB] Query failed (Attempt 3/4) Error: Unable to connect. Is the computer able to access the url?
[01:18:12.640] [ERROR] [DB] Query failed (Attempt 4/4) Error: Unable to connect. Is the computer able to access the url?
[01:18:12.650] [ERROR] [DB] Query failed (Attempt 4/4) Error: Unable to connect. Is the computer able to access the url?
[DivisionConfigService] Discovery failed for PG2B: 136 |                 }
137 | 
138 |                 const controller = new AbortController();
139 |                 const timeoutId = setTimeout(() => controller.abort(), queryTimeout * 1000);
140 | 
141 |                 const response = await fetch(`${this.baseUrl}/v1/query`, {
                                             ^
error: Unable to connect. Is the computer able to access the url?
  path: "http://10.0.0.110:8001/v1/query",
 errno: 0,
  code: "ConnectionRefused"

      at query (D:\Gawean Rebinmas\PORTAL_ESTATE\Plantware_Auto_Report\Daftar_Upah_baru\payroll_daftar_upah\refactor_production\backend\src\db\client.ts:141:40)
      at getGangsForDivision (D:\Gawean Rebinmas\PORTAL_ESTATE\Plantware_Auto_Report\Daftar_Upah_baru\payroll_daftar_upah\refactor_production\backend\src\services\config\DivisionConfigService.ts:611:41)
      at getDivisionSummary (D:\Gawean Rebinmas\PORTAL_ESTATE\Plantware_Auto_Report\Daftar_Upah_baru\payroll_daftar_upah\refactor_production\backend\src\services\summaryService.ts:1342:52)
      at D:\Gawean Rebinmas\PORTAL_ESTATE\Plantware_Auto_Report\Daftar_Upah_baru\payroll_daftar_upah\refactor_production\backend\src\api\summary.ts:427:11
      at handle (file:///D:/Gawean%20Rebinmas/PORTAL_ESTATE/Plantware_Auto_Report/Daftar_Upah_baru/payroll_daftar_upah/refactor_production/backend/node_modules/elysia/dist/bun/index.js:21:47)

[01:18:12.651] [ERROR] [DB] Query failed (Attempt 4/4) Error: Unable to connect. Is the computer able to access the url?
[DivisionConfigService] Discovery failed for PG2B: 136 |                 }
137 | 
138 |                 const controller = new AbortController();
139 |                 const timeoutId = setTimeout(() => controller.abort(), queryTimeout * 1000);
140 | 
141 |                 const response = await fetch(`${this.baseUrl}/v1/query`, {
                                             ^
error: Unable to connect. Is the computer able to access the url?
  path: "http://10.0.0.110:8001/v1/query",
 errno: 0,
  code: "ConnectionRefused"

      at query (D:\Gawean Rebinmas\PORTAL_ESTATE\Plantware_Auto_Report\Daftar_Upah_baru\payroll_daftar_upah\refactor_production\backend\src\db\client.ts:141:40)
      at getGangsForDivision (D:\Gawean Rebinmas\PORTAL_ESTATE\Plantware_Auto_Report\Daftar_Upah_baru\payroll_daftar_upah\refactor_production\backend\src\services\config\DivisionConfigService.ts:611:41)
      at getDivisionSummary (D:\Gawean Rebinmas\PORTAL_ESTATE\Plantware_Auto_Report\Daftar_Upah_baru\payroll_daftar_upah\refactor_production\backend\src\services\summaryService.ts:1342:52)
      at D:\Gawean Rebinmas\PORTAL_ESTATE\Plantware_Auto_Report\Daftar_Upah_baru\payroll_daftar_upah\refactor_production\backend\src\api\summary.ts:427:11
      at handle (file:///D:/Gawean%20Rebinmas/PORTAL_ESTATE/Plantware_Auto_Report/Daftar_Upah_baru/payroll_daftar_upah/refactor_production/backend/node_modules/elysia/dist/bun/index.js:21:47)

[01:18:12.653] [ERROR] [DB] Query failed (Attempt 1/4) Error: Unable to connect. Is the computer able to access the url?
[01:18:12.654] [ERROR] [DB] Query failed (Attempt 1/4) Error: Unable to connect. Is the computer able to access the url?
[01:18:12.699] [ERROR] [DB] Query failed (Attempt 4/4) Error: Unable to connect. Is the computer able to access the url?
[DivisionConfigService] Discovery failed for PG2B: 136 |                 }
137 | 
138 |                 const controller = new AbortController();
139 |                 const timeoutId = setTimeout(() => controller.abort(), queryTimeout * 1000);
140 | 
141 |                 const response = await fetch(`${this.baseUrl}/v1/query`, {
                                             ^
error: Unable to connect. Is the computer able to access the url?
  path: "http://10.0.0.110:8001/v1/query",
 errno: 0,
  code: "ConnectionRefused"

      at query (D:\Gawean Rebinmas\PORTAL_ESTATE\Plantware_Auto_Report\Daftar_Upah_baru\payroll_daftar_upah\refactor_production\backend\src\db\client.ts:141:40)
      at getGangsForDivision (D:\Gawean Rebinmas\PORTAL_ESTATE\Plantware_Auto_Report\Daftar_Upah_baru\payroll_daftar_upah\refactor_production\backend\src\services\config\DivisionConfigService.ts:611:41)
      at getDivisionSummary (D:\Gawean Rebinmas\PORTAL_ESTATE\Plantware_Auto_Report\Daftar_Upah_baru\payroll_daftar_upah\refactor_production\backend\src\services\summaryService.ts:1342:52)
      at D:\Gawean Rebinmas\PORTAL_ESTATE\Plantware_Auto_Report\Daftar_Upah_baru\payroll_daftar_upah\refactor_production\backend\src\api\summary.ts:427:11
      at handle (file:///D:/Gawean%20Rebinmas/PORTAL_ESTATE/Plantware_Auto_Report/Daftar_Upah_baru/payroll_daftar_upah/refactor_production/backend/node_modules/elysia/dist/bun/index.js:21:47)

[01:18:12.702] [ERROR] [DB] Query failed (Attempt 1/4) Error: Unable to connect. Is the computer able to access the url?
[01:18:13.167] [ERROR] [DB] Query failed (Attempt 2/4) Error: Unable to connect. Is the computer able to access the url?
[01:18:13.178] [ERROR] [DB] Query failed (Attempt 2/4) Error: Unable to connect. Is the computer able to access the url?
[01:18:13.213] [ERROR] [DB] Query failed (Attempt 2/4) Error: Unable to connect. Is the computer able to access the url?
[01:18:14.183] [ERROR] [DB] Query failed (Attempt 3/4) Error: Unable to connect. Is the computer able to access the url?
[01:18:14.192] [ERROR] [DB] Query failed (Attempt 3/4) Error: Unable to connect. Is the computer able to access the url?
[01:18:14.224] [ERROR] [DB] Query failed (Attempt 3/4) Error: Unable to connect. Is the computer able to access the url?
[01:18:16.209] [ERROR] [DB] Query failed (Attempt 4/4) Error: Unable to connect. Is the computer able to access the url?
[01:18:16.213] [ERROR] [DB] Query failed (Attempt 4/4) Error: Unable to connect. Is the computer able to access the url?
[01:18:16.236] [ERROR] [DB] Query failed (Attempt 4/4) Error: Unable to connect. Is the computer able to access the url?
error: script "start" exited with code 255
