[AuthService] Opening SQLite DB: D:\Gawean Rebinmas\PORTAL_ESTATE\Plantware_Auto_Report\Daftar_Upah_baru\payroll_daftar_upah\refactor_production\backend\data\users.db
[HarvesterService] Staging DB disabled by default as requested
🦊 Elysia is running at 0.0.0.0:8002
Run Mode: prod
Auth Mode: external
Database: db_ptrj @ SERVER_PROFILE_2
[EmployeeHrDataService] Tables ensured successfully
[AuthService] Verifying token. Token starts with: eyJhbGciOi...
[AuthService] Verifying token. Token starts with: eyJhbGciOi...
[AuthService] Verifying token. Token starts with: eyJhbGciOi...
[AuthService] External token verified.
[AuthService] Normalized divisions for user admin: ["PG1A","PG1B","PG2A","PG2B","DME","ARA","ARB1","ARB2","INF","ARC","IJL","STF-OFFICE","SECURITY"] -> ["PG1A","PG1B","PG2A","PG2B","DME","ARA","ARB1","ARB2","INF","ARC","IJL","STF-OFFICE","SECURITY"]
[AuthService] External token verified.
[AuthService] Normalized divisions for user admin: ["PG1A","PG1B","PG2A","PG2B","DME","ARA","ARB1","ARB2","INF","ARC","IJL","STF-OFFICE","SECURITY"] -> ["PG1A","PG1B","PG2A","PG2B","DME","ARA","ARB1","ARB2","INF","ARC","IJL","STF-OFFICE","SECURITY"]
[AuthService] External token verified.
[AuthService] Normalized divisions for user admin: ["PG1A","PG1B","PG2A","PG2B","DME","ARA","ARB1","ARB2","INF","ARC","IJL","STF-OFFICE","SECURITY"] -> ["PG1A","PG1B","PG2A","PG2B","DME","ARA","ARB1","ARB2","INF","ARC","IJL","STF-OFFICE","SECURITY"]
[ThumbprintService] Loaded data, available months: [ "2025-11", "2025-12", "2026-01", "2026-02",
  "2026-03", "2026-04"
]
[ThumbprintService] Getting thumbprint for 2026-04: {
  P1A: 829585791,
  MILL: 1280221884,
  P1B: 763505321,
  P2A: 787647454,
  P2B: 602451374,
  NRS: 100654277,
  DME: 886101179,
  INF: 138985905,
  AB1: 709816629,
  AB2: 602217591,
  ARA: 693710833,
  ARC: 1465011290,
  WKS_AR: 27471043,
  WKS_PG: 93451818,
  IJL: 226874700,
}
[AuthService] Verifying token. Token starts with: eyJhbGciOi...
[AuthService] Verifying token. Token starts with: eyJhbGciOi...
[AuthService] Verifying token. Token starts with: eyJhbGciOi...
[AuthService] External token verified.
[AuthService] Normalized divisions for user admin: ["PG1A","PG1B","PG2A","PG2B","DME","ARA","ARB1","ARB2","INF","ARC","IJL","STF-OFFICE","SECURITY"] -> ["PG1A","PG1B","PG2A","PG2B","DME","ARA","ARB1","ARB2","INF","ARC","IJL","STF-OFFICE","SECURITY"]
[AuthService] External token verified.
[AuthService] Normalized divisions for user admin: ["PG1A","PG1B","PG2A","PG2B","DME","ARA","ARB1","ARB2","INF","ARC","IJL","STF-OFFICE","SECURITY"] -> ["PG1A","PG1B","PG2A","PG2B","DME","ARA","ARB1","ARB2","INF","ARC","IJL","STF-OFFICE","SECURITY"]
[AuthService] Verifying token. Token starts with: eyJhbGciOi...
[AuthService] Verifying token. Token starts with: eyJhbGciOi...
[AuthService] Verifying token. Token starts with: eyJhbGciOi...
[AuthService] External token verified.
[AuthService] Normalized divisions for user admin: ["PG1A","PG1B","PG2A","PG2B","DME","ARA","ARB1","ARB2","INF","ARC","IJL","STF-OFFICE","SECURITY"] -> ["PG1A","PG1B","PG2A","PG2B","DME","ARA","ARB1","ARB2","INF","ARC","IJL","STF-OFFICE","SECURITY"]
[AuthService] External token verified.
[AuthService] Normalized divisions for user admin: ["PG1A","PG1B","PG2A","PG2B","DME","ARA","ARB1","ARB2","INF","ARC","IJL","STF-OFFICE","SECURITY"] -> ["PG1A","PG1B","PG2A","PG2B","DME","ARA","ARB1","ARB2","INF","ARC","IJL","STF-OFFICE","SECURITY"]
[AuthService] External token verified.
[AuthService] Normalized divisions for user admin: ["PG1A","PG1B","PG2A","PG2B","DME","ARA","ARB1","ARB2","INF","ARC","IJL","STF-OFFICE","SECURITY"] -> ["PG1A","PG1B","PG2A","PG2B","DME","ARA","ARB1","ARB2","INF","ARC","IJL","STF-OFFICE","SECURITY"]
[AuthService] External token verified.
[AuthService] Normalized divisions for user admin: ["PG1A","PG1B","PG2A","PG2B","DME","ARA","ARB1","ARB2","INF","ARC","IJL","STF-OFFICE","SECURITY"] -> ["PG1A","PG1B","PG2A","PG2B","DME","ARA","ARB1","ARB2","INF","ARC","IJL","STF-OFFICE","SECURITY"]
[GangService] fetchGangs triggered - Div: PG2A, Search: undefined, Profile: SERVER_PROFILE_2, DB: db_ptrj
[DivisionConfigService] getGangsForDivision (Enhanced): PG2A, resolved: PG2A, type: real
[GangService] divisionConfigService returned 0 gangs for PG2A
[GangService] Returning 0 gangs.
[ThumbprintService] Loaded data, available months: [ "2025-11", "2025-12", "2026-01", "2026-02",
  "2026-03", "2026-04"
]
[ThumbprintService] Getting thumbprint for NaN-NaN: {}
[AuthService] Verifying token. Token starts with: eyJhbGciOi...
[AuthService] External token verified.
[AuthService] Normalized divisions for user admin: ["PG1A","PG1B","PG2A","PG2B","DME","ARA","ARB1","ARB2","INF","ARC","IJL","STF-OFFICE","SECURITY"] -> ["PG1A","PG1B","PG2A","PG2B","DME","ARA","ARB1","ARB2","INF","ARC","IJL","STF-OFFICE","SECURITY"]
[AuthService] Verifying token. Token starts with: eyJhbGciOi...
[AuthService] External token verified.
[AuthService] Normalized divisions for user admin: ["PG1A","PG1B","PG2A","PG2B","DME","ARA","ARB1","ARB2","INF","ARC","IJL","STF-OFFICE","SECURITY"] -> ["PG1A","PG1B","PG2A","PG2B","DME","ARA","ARB1","ARB2","INF","ARC","IJL","STF-OFFICE","SECURITY"]
[ThumbprintService] Loaded data, available months: [ "2025-11", "2025-12", "2026-01", "2026-02",
  "2026-03", "2026-04"
]
[ThumbprintService] Getting thumbprint for 2026-12: {}
[AuthService] Verifying token. Token starts with: eyJhbGciOi...
[AuthService] Verifying token. Token starts with: eyJhbGciOi...
[AuthService] Verifying token. Token starts with: eyJhbGciOi...
[AuthService] Verifying token. Token starts with: eyJhbGciOi...
[AuthService] External token verified.
[AuthService] Normalized divisions for user admin: ["PG1A","PG1B","PG2A","PG2B","DME","ARA","ARB1","ARB2","INF","ARC","IJL","STF-OFFICE","SECURITY"] -> ["PG1A","PG1B","PG2A","PG2B","DME","ARA","ARB1","ARB2","INF","ARC","IJL","STF-OFFICE","SECURITY"]
[PremiumDefinitionService] Loaded 22 premium definitions
[AuthService] External token verified.
[AuthService] Normalized divisions for user admin: ["PG1A","PG1B","PG2A","PG2B","DME","ARA","ARB1","ARB2","INF","ARC","IJL","STF-OFFICE","SECURITY"] -> ["PG1A","PG1B","PG2A","PG2B","DME","ARA","ARB1","ARB2","INF","ARC","IJL","STF-OFFICE","SECURITY"]
[AuthService] External token verified.
[AuthService] Normalized divisions for user admin: ["PG1A","PG1B","PG2A","PG2B","DME","ARA","ARB1","ARB2","INF","ARC","IJL","STF-OFFICE","SECURITY"] -> ["PG1A","PG1B","PG2A","PG2B","DME","ARA","ARB1","ARB2","INF","ARC","IJL","STF-OFFICE","SECURITY"]
[GangService] fetchGangs triggered - Div: PG2A, Search: undefined, Profile: SERVER_PROFILE_2, DB: db_ptrj
[DivisionConfigService] getGangsForDivision (Enhanced): PG2A, resolved: PG2A, type: real
[AuthService] External token verified.
[AuthService] Normalized divisions for user admin: ["PG1A","PG1B","PG2A","PG2B","DME","ARA","ARB1","ARB2","INF","ARC","IJL","STF-OFFICE","SECURITY"] -> ["PG1A","PG1B","PG2A","PG2B","DME","ARA","ARB1","ARB2","INF","ARC","IJL","STF-OFFICE","SECURITY"]
[AuthService] Verifying token. Token starts with: eyJhbGciOi...
[AuthService] External token verified.
[AuthService] Normalized divisions for user admin: ["PG1A","PG1B","PG2A","PG2B","DME","ARA","ARB1","ARB2","INF","ARC","IJL","STF-OFFICE","SECURITY"] -> ["PG1A","PG1B","PG2A","PG2B","DME","ARA","ARB1","ARB2","INF","ARC","IJL","STF-OFFICE","SECURITY"]
[Stream] Starting progressive | div=PG2A month=12 year=2026 gangCode=C3M valuePriorityMode=non_db_ptrj useHistory=false
[GangService] fetchGangs triggered - Div: PG2A, Search: undefined, Profile: SERVER_PROFILE_2, DB: db_ptrj
[DivisionConfigService] getGangsForDivision (Enhanced): PG2A, resolved: PG2A, type: real
[GangService] divisionConfigService returned 0 gangs for PG2A
[GangService] Returning 0 gangs.
[AuthService] Verifying token. Token starts with: eyJhbGciOi...
[AuthService] External token verified.
[AuthService] Normalized divisions for user admin: ["PG1A","PG1B","PG2A","PG2B","DME","ARA","ARB1","ARB2","INF","ARC","IJL","STF-OFFICE","SECURITY"] -> ["PG1A","PG1B","PG2A","PG2B","DME","ARA","ARB1","ARB2","INF","ARC","IJL","STF-OFFICE","SECURITY"]
[Stream] Starting progressive | div=PG2A month=12 year=2026 gangCode=ALL valuePriorityMode=non_db_ptrj useHistory=false
[GangService] fetchGangs triggered - Div: PG2A, Search: undefined, Profile: SERVER_PROFILE_2, DB: db_ptrj
[DivisionConfigService] getGangsForDivision (Enhanced): PG2A, resolved: PG2A, type: real
[GangService] divisionConfigService returned 0 gangs for PG2A
[GangService] Returning 0 gangs.
[DataExtractor.getEmployees] isHistorical=false, gangCondition=(UPPER(RTRIM(gl.GangCode)) = 'C3M' OR UPPER(RTRIM(g.GangCode)) = 'C3M' OR UPPER(RTRIM(g.Description)) = 'C3M')
[GangService] divisionConfigService returned 0 gangs for PG2A
[GangService] Returning 0 gangs.
--- REFLI VERSION 1.1.0 (Progressive) ---
[DataExtractor.Progressive] Division: PG2A, isVirtual: false, allGangs: 0
[DataExtractor.getEmployees] isHistorical=false, gangCondition=(UPPER(RTRIM(g.LocCode)) IN ('PG2A','P2A')) AND NOT ((gl.GangCode IN ('INF','INT','AMC','HMC','B2N') OR gl.GangCode LIKE 'IN%' OR gl.GangCode LIKE 'INT%' OR gl.GangCode LIKE 'AMC%' OR gl.GangCode LIKE 'HMC%' OR gl.GangCode LIKE 'B2N%' OR gl.GangCode LIKE 'M%') OR COALESCE(g.Description, '') LIKE '%INFRA%' OR COALESCE(g.Description, '') LIKE '%WORKSHOP%' OR COALESCE(g.Description, '') LIKE '%NURSERY%' OR COALESCE(g.Description, '') LIKE '%MEC%' OR COALESCE(g.Description, '') LIKE '%MECHANIC%' OR COALESCE(g.Description, '') LIKE '%PKS%' OR COALESCE(g.Description, '') LIKE '%MILL%' OR COALESCE(g.Description, '') LIKE '%TRAKSI%')
[AuthService] Verifying token. Token starts with: eyJhbGciOi...
[AuthService] External token verified.
[AuthService] Normalized divisions for user admin: ["PG1A","PG1B","PG2A","PG2B","DME","ARA","ARB1","ARB2","INF","ARC","IJL","STF-OFFICE","SECURITY"] -> ["PG1A","PG1B","PG2A","PG2B","DME","ARA","ARB1","ARB2","INF","ARC","IJL","STF-OFFICE","SECURITY"]
[PayrollRoutes] /locked/report/raw-tree | div=PG2A month=12 year=2026 gangCode=ALL gangPrefix=undefined valuePriorityMode=non_db_ptrj useHistory=null
[GangService] fetchGangs triggered - Div: PG2A, Search: undefined, Profile: SERVER_PROFILE_2, DB: db_ptrj
[DivisionConfigService] getGangsForDivision (Enhanced): PG2A, resolved: PG2A, type: real
[GangService] divisionConfigService returned 0 gangs for PG2A
[GangService] Returning 0 gangs.
[DataExtractor] allGangs.length=0, divisionCode=PG2A, gangCode=ALL
--- REFLI VERSION 1.1.0 ---
[DataExtractor] Division: PG2A, isVirtual: false, allGangs: 0
[DataExtractor] Final gangCondition: (UPPER(RTRIM(g.LocCode)) IN ('PG2A','P2A')) AND NOT ((gl.GangCode IN ('INF','INT','AMC','HMC','B2N') OR gl.GangCode LIKE 'IN%' OR gl.GangCode LIKE 'INT%' OR gl.GangCode LIKE 'AMC%' OR gl.GangCode LIKE 'HMC%' OR gl.GangCode LIKE 'B2N%' OR gl.GangCode LIKE 'M%') OR COALESCE(g.Description, '') LIKE '%INFRA%' OR COALESCE(g.Description, '') LIKE '%WORKSHOP%' OR COALESCE(g.Description, '') LIKE '%NURSERY%' OR COALESCE(g.Description, '') LIKE '%MEC%' OR COALESCE(g.Description, '') LIKE '%MECHANIC%' OR COALESCE(g.Description, '') LIKE '%PKS%' OR COALESCE(g.Description, '') LIKE '%MILL%' OR COALESCE(g.Description, '') LIKE '%TRAKSI%')
[DataExtractor.getEmployees] isHistorical=false, gangCondition=(UPPER(RTRIM(g.LocCode)) IN ('PG2A','P2A')) AND NOT ((gl.GangCode IN ('INF','INT','AMC','HMC','B2N') OR gl.GangCode LIKE 'IN%' OR gl.GangCode LIKE 'INT%' OR gl.GangCode LIKE 'AMC%' OR gl.GangCode LIKE 'HMC%' OR gl.GangCode LIKE 'B2N%' OR gl.GangCode LIKE 'M%') OR COALESCE(g.Description, '') LIKE '%INFRA%' OR COALESCE(g.Description, '') LIKE '%WORKSHOP%' OR COALESCE(g.Description, '') LIKE '%NURSERY%' OR COALESCE(g.Description, '') LIKE '%MEC%' OR COALESCE(g.Description, '') LIKE '%MECHANIC%' OR COALESCE(g.Description, '') LIKE '%PKS%' OR COALESCE(g.Description, '') LIKE '%MILL%' OR COALESCE(g.Description, '') LIKE '%TRAKSI%')
