============================================================
TEST 1: List available databases
============================================================
ERROR: HTTPConnectionPool(host='localhost', port=8001): Max retries exceeded with url: /v1/databases (Caused by NewConnectionError('<urllib3.connection.HTTPConnection object at 0x000001C058D820E0>: Failed to establish a new connection: [WinError 10061] No connection could be made because the target machine actively refused it'))

============================================================
TEST 2: Query db_ptrj (default)
============================================================
python : Traceback 
(most recent call 
last):
At line:1 char:1
+ python 
test_gateway_api.py 
2>&1 | Out-File 
-FilePath 
test_output.txt  ...
+ ~~~~~~~~~~~~~~~~~~~
~~~~~~~~~~~~
    + CategoryInfo   
           : NotSpe  
  cified: (Traceba   
 ck (most recent     
call last)::Stri    
ng) [], RemoteEx    
ception
    + FullyQualified 
   ErrorId : Native  
  CommandError
 
  File "C:\Users\nbgm
f\AppData\Local\Packa
ges\PythonSoftwareFou
ndation.Python.3.10_q
bz5n2kfra8p0\LocalCac
he\local-packages\Pyt
hon310\site-packages\
urllib3\connection.py
", line 174, in 
_new_conn
    conn = connection
.create_connection(
  File "C:\Users\nbgm
f\AppData\Local\Packa
ges\PythonSoftwareFou
ndation.Python.3.10_q
bz5n2kfra8p0\LocalCac
he\local-packages\Pyt
hon310\site-packages\
urllib3\util\connecti
on.py", line 95, in 
create_connection
    raise err
  File "C:\Users\nbgm
f\AppData\Local\Packa
ges\PythonSoftwareFou
ndation.Python.3.10_q
bz5n2kfra8p0\LocalCac
he\local-packages\Pyt
hon310\site-packages\
urllib3\util\connecti
on.py", line 85, in 
create_connection
    sock.connect(sa)
ConnectionRefusedErro
r: [WinError 10061] 
No connection could 
be made because the 
target machine 
actively refused it

During handling of 
the above exception, 
another exception 
occurred:

Traceback (most 
recent call last):
  File "C:\Users\nbgm
f\AppData\Local\Packa
ges\PythonSoftwareFou
ndation.Python.3.10_q
bz5n2kfra8p0\LocalCac
he\local-packages\Pyt
hon310\site-packages\
urllib3\connectionpoo
l.py", line 715, in 
urlopen
    httplib_response 
= self._make_request(
  File "C:\Users\nbgm
f\AppData\Local\Packa
ges\PythonSoftwareFou
ndation.Python.3.10_q
bz5n2kfra8p0\LocalCac
he\local-packages\Pyt
hon310\site-packages\
urllib3\connectionpoo
l.py", line 416, in 
_make_request
    
conn.request(method, 
url, 
**httplib_request_kw)
  File "C:\Users\nbgm
f\AppData\Local\Packa
ges\PythonSoftwareFou
ndation.Python.3.10_q
bz5n2kfra8p0\LocalCac
he\local-packages\Pyt
hon310\site-packages\
urllib3\connection.py
", line 244, in 
request
    super(HTTPConnect
ion, self).request(me
thod, url, 
body=body, 
headers=headers)
  File "C:\Program Fi
les\WindowsApps\Pytho
nSoftwareFoundation.P
ython.3.10_3.10.3056.
0_x64__qbz5n2kfra8p0\
lib\http\client.py", 
line 1283, in request
    self._send_reques
t(method, url, body, 
headers, 
encode_chunked)
  File "C:\Program Fi
les\WindowsApps\Pytho
nSoftwareFoundation.P
ython.3.10_3.10.3056.
0_x64__qbz5n2kfra8p0\
lib\http\client.py", 
line 1329, in 
_send_request
    self.endheaders(b
ody, encode_chunked=e
ncode_chunked)
  File "C:\Program Fi
les\WindowsApps\Pytho
nSoftwareFoundation.P
ython.3.10_3.10.3056.
0_x64__qbz5n2kfra8p0\
lib\http\client.py", 
line 1278, in 
endheaders
    self._send_output
(message_body, encode
_chunked=encode_chunk
ed)
  File "C:\Program Fi
les\WindowsApps\Pytho
nSoftwareFoundation.P
ython.3.10_3.10.3056.
0_x64__qbz5n2kfra8p0\
lib\http\client.py", 
line 1038, in 
_send_output
    self.send(msg)
  File "C:\Program Fi
les\WindowsApps\Pytho
nSoftwareFoundation.P
ython.3.10_3.10.3056.
0_x64__qbz5n2kfra8p0\
lib\http\client.py", 
line 976, in send
    self.connect()
  File "C:\Users\nbgm
f\AppData\Local\Packa
ges\PythonSoftwareFou
ndation.Python.3.10_q
bz5n2kfra8p0\LocalCac
he\local-packages\Pyt
hon310\site-packages\
urllib3\connection.py
", line 205, in 
connect
    conn = 
self._new_conn()
  File "C:\Users\nbgm
f\AppData\Local\Packa
ges\PythonSoftwareFou
ndation.Python.3.10_q
bz5n2kfra8p0\LocalCac
he\local-packages\Pyt
hon310\site-packages\
urllib3\connection.py
", line 186, in 
_new_conn
    raise 
NewConnectionError(
urllib3.exceptions.Ne
wConnectionError: <ur
llib3.connection.HTTP
Connection object at 
0x000001C058D82B90>: 
Failed to establish 
a new connection: 
[WinError 10061] No 
connection could be 
made because the 
target machine 
actively refused it

During handling of 
the above exception, 
another exception 
occurred:

Traceback (most 
recent call last):
  File "C:\Users\nbgm
f\AppData\Local\Packa
ges\PythonSoftwareFou
ndation.Python.3.10_q
bz5n2kfra8p0\LocalCac
he\local-packages\Pyt
hon310\site-packages\
requests\adapters.py"
, line 486, in send
    resp = 
conn.urlopen(
  File "C:\Users\nbgm
f\AppData\Local\Packa
ges\PythonSoftwareFou
ndation.Python.3.10_q
bz5n2kfra8p0\LocalCac
he\local-packages\Pyt
hon310\site-packages\
urllib3\connectionpoo
l.py", line 799, in 
urlopen
    retries = 
retries.increment(
  File "C:\Users\nbgm
f\AppData\Local\Packa
ges\PythonSoftwareFou
ndation.Python.3.10_q
bz5n2kfra8p0\LocalCac
he\local-packages\Pyt
hon310\site-packages\
urllib3\util\retry.py
", line 592, in 
increment
    raise 
MaxRetryError(_pool, 
url, error or 
ResponseError(cause))
urllib3.exceptions.Ma
xRetryError: HTTPConn
ectionPool(host='loca
lhost', port=8001): 
Max retries exceeded 
with url: /v1/query 
(Caused by NewConnect
ionError('<urllib3.co
nnection.HTTPConnecti
on object at 
0x000001C058D82B90>: 
Failed to establish 
a new connection: 
[WinError 10061] No 
connection could be 
made because the 
target machine 
actively refused 
it'))

During handling of 
the above exception, 
another exception 
occurred:

Traceback (most 
recent call last):
  File "D:\Gawean 
Rebinmas\Monitoring D
atabase\Plantware_Aut
o_Report\Daftar_Upah_
baru\payroll_daftar_u
pah\refactor_producti
on\test_gateway_api.p
y", line 35, in 
<module>
    resp = requests.p
ost(f"{API_URL}/v1/qu
ery", 
headers=headers, 
json=payload)
  File "C:\Users\nbgm
f\AppData\Local\Packa
ges\PythonSoftwareFou
ndation.Python.3.10_q
bz5n2kfra8p0\LocalCac
he\local-packages\Pyt
hon310\site-packages\
requests\api.py", 
line 115, in post
    return 
request("post", url, 
data=data, 
json=json, **kwargs)
  File "C:\Users\nbgm
f\AppData\Local\Packa
ges\PythonSoftwareFou
ndation.Python.3.10_q
bz5n2kfra8p0\LocalCac
he\local-packages\Pyt
hon310\site-packages\
requests\api.py", 
line 59, in request
    return session.re
quest(method=method, 
url=url, **kwargs)
  File "C:\Users\nbgm
f\AppData\Local\Packa
ges\PythonSoftwareFou
ndation.Python.3.10_q
bz5n2kfra8p0\LocalCac
he\local-packages\Pyt
hon310\site-packages\
requests\sessions.py"
, line 589, in 
request
    resp = 
self.send(prep, 
**send_kwargs)
  File "C:\Users\nbgm
f\AppData\Local\Packa
ges\PythonSoftwareFou
ndation.Python.3.10_q
bz5n2kfra8p0\LocalCac
he\local-packages\Pyt
hon310\site-packages\
requests\sessions.py"
, line 703, in send
    r = adapter.send(
request, **kwargs)
  File "C:\Users\nbgm
f\AppData\Local\Packa
ges\PythonSoftwareFou
ndation.Python.3.10_q
bz5n2kfra8p0\LocalCac
he\local-packages\Pyt
hon310\site-packages\
requests\adapters.py"
, line 519, in send
    raise 
ConnectionError(e, 
request=request)
requests.exceptions.C
onnectionError: HTTPC
onnectionPool(host='l
ocalhost', 
port=8001): Max 
retries exceeded 
with url: /v1/query 
(Caused by NewConnect
ionError('<urllib3.co
nnection.HTTPConnecti
on object at 
0x000001C058D82B90>: 
Failed to establish 
a new connection: 
[WinError 10061] No 
connection could be 
made because the 
target machine 
actively refused 
it'))

During handling of 
the above exception, 
another exception 
occurred:

Traceback (most 
recent call last):
  File "D:\Gawean 
Rebinmas\Monitoring D
atabase\Plantware_Aut
o_Report\Daftar_Upah_
baru\payroll_daftar_u
pah\refactor_producti
on\test_gateway_api.p
y", line 49, in 
<module>
    print(f"\u274c 
ERROR: {e}")
  File "C:\Program Fi
les\WindowsApps\Pytho
nSoftwareFoundation.P
ython.3.10_3.10.3056.
0_x64__qbz5n2kfra8p0\
lib\encodings\cp1252.
py", line 19, in 
encode
    return codecs.cha
rmap_encode(input,sel
f.errors,encoding_tab
le)[0]
UnicodeEncodeError: 
'charmap' codec 
can't encode 
character '\u274c' 
in position 0: 
character maps to 
<undefined>
