inspect_thr_details.ts(5,26): error TS2307: Cannot find module '../src/config/database' or its corresponding type declarations.
src/api/payroll.ts(47,52): error TS2551: Property 'getSubDivisions' does not exist on type 'GangService'. Did you mean 'getAllDivisions'?
src/scripts/check_thr_data.ts(38,47): error TS18046: 'e' is of type 'unknown'.
src/scripts/test_thr_summary.ts(41,86): error TS2551: Property 'total_tunjangan_jabatan' does not exist on type '{ total_employees: number; full_workers: number; prop_workers: number; total_thr: number; total_tunjangan_beras: number; total_masa_kerja: number; }'. Did you mean 'total_tunjangan_beras'?
src/scripts/test_thr_summary.ts(49,50): error TS2339: Property 'error' does not exist on type '{ data: never[]; grand_total: null; } | { data: { gang_code: string; gang_description?: string | undefined; total_employees: number; full_workers: number; prop_workers: number; total_thr: number; total_tunjangan_beras: number; total_masa_kerja: number; }[]; grand_total: { ...; }; }'.
  Property 'error' does not exist on type '{ data: never[]; grand_total: null; }'.
src/scripts/test_thr_summary.ts(52,37): error TS18046: 'e' is of type 'unknown'.
src/services/DuplicateNikMitigationService.ts(811,17): error TS2322: Type '"latest_update"' is not assignable to type '"join_date" | "status" | "gang_match" | "name_match" | "single" | "latest"'.
src/services/employeeCareerHistoryService.ts(360,17): error TS2322: Type 'string | CareerHistoryEntry | undefined' is not assignable to type 'CareerHistoryEntry'.
  Type 'undefined' is not assignable to type 'CareerHistoryEntry'.
src/services/employeeCareerHistoryService.ts(360,54): error TS2769: No overload matches this call.
  Overload 1 of 4, '(value: string | number | Date): Date', gave the following error.
    Argument of type 'CareerHistoryEntry' is not assignable to parameter of type 'string | number | Date'.
  Overload 2 of 4, '(value: string | number): Date', gave the following error.
    Argument of type 'CareerHistoryEntry' is not assignable to parameter of type 'string | number'.
src/services/employeeCareerHistoryService.ts(368,42): error TS2769: No overload matches this call.
  Overload 1 of 4, '(value: string | number | Date): Date', gave the following error.
    Argument of type 'CareerHistoryEntry' is not assignable to parameter of type 'string | number | Date'.
  Overload 2 of 4, '(value: string | number): Date', gave the following error.
    Argument of type 'CareerHistoryEntry' is not assignable to parameter of type 'string | number'.
src/services/employeeCareerHistoryService.ts(388,13): error TS2322: Type 'CareerHistoryEntry | undefined' is not assignable to type 'string | undefined'.
  Type 'CareerHistoryEntry' is not assignable to type 'string'.
src/services/employeeDetailService.ts(567,26): error TS2339: Property 'jabatan' does not exist on type 'EmployeeInfo'.
src/services/historySeederService.ts(718,21): error TS2353: Object literal may only specify known properties, and 'nik' does not exist in type 'HistoryGangMember'.
src/services/historySeederService.ts(719,43): error TS2339: Property 'month' does not exist on type 'SeederOptions'.
src/services/historySeederService.ts(720,42): error TS2339: Property 'year' does not exist on type 'SeederOptions'.
src/services/summaryService.ts(979,15): error TS7034: Variable 'premiOtRows' implicitly has type 'any[]' in some locations where its type cannot be determined.
src/services/summaryService.ts(1021,27): error TS7005: Variable 'premiOtRows' implicitly has an 'any[]' type.
src/services/taxReportService.ts(849,62): error TS2339: Property 'getIncomesForYear' does not exist on type 'typeof OtherIncomesService'.
