[2026-04-04T08:06:15.670Z] === LOGS CLEARED ON STARTUP ===

[2026-04-04T08:06:22.885Z] [08:06:22.885] [WARN] [HTTP] SLOW GET /payroll/gangs 3851ms
[2026-04-04T08:06:23.134Z] [08:06:23.134] [WARN] [HTTP] SLOW GET /payroll/current-period 4102ms
[2026-04-04T08:06:23.263Z] [08:06:23.263] [WARN] [HTTP] SLOW GET /payroll/current-period 4225ms
[2026-04-04T08:07:06.799Z] [08:07:06.799] [ERROR] [DB] Gateway Error (500): {"success":false,"db":"extend_db_ptrj","server":"SERVER_PROFILE_1","execution_ms":7.519100000150502,"data":null,"error":"Database error: There are fewer columns in the INSERT statement than values specified in the VALUES clause. The number of values in the VALUES clause must match the number of columns specified in the INSERT statement."} Error: HTTP 500
[2026-04-04T08:07:06.809Z]   at query (D:\Gawean Rebinmas\PORTAL_ESTATE\Plantware_Auto_Report\Daftar_Upah_baru\payroll_daftar_upah\refactor_production\backend\src\db\client.ts:155:92)
[2026-04-04T08:07:06.809Z]   at async savePayrollHistoryMaster (D:\Gawean Rebinmas\PORTAL_ESTATE\Plantware_Auto_Report\Daftar_Upah_baru\payroll_daftar_upah\refactor_production\backend\src\services\historyDatabaseService.ts:795:37)
[2026-04-04T08:07:06.809Z]   at async seedGangHistory (D:\Gawean Rebinmas\PORTAL_ESTATE\Plantware_Auto_Report\Daftar_Upah_baru\payroll_daftar_upah\refactor_production\backend\src\services\historySeederService.ts:345:55)
[2026-04-04T08:07:06.810Z] [08:07:06.810] [ERROR] [DB] Query failed (Attempt 1/4) Error: Gateway returned 500: Internal Server Error - {"success":false,"db":"extend_db_ptrj","server":"SERVER_PROFILE_1","execution_ms":7.519100000150502,"data":null,"error":"Database error: There are fewer columns in the INSERT statement than values specified in the VALUES clause. The number of values in the VALUES clause must match the number of columns specified in the INSERT statement."}
[2026-04-04T08:07:06.810Z]   at query (D:\Gawean Rebinmas\PORTAL_ESTATE\Plantware_Auto_Report\Daftar_Upah_baru\payroll_daftar_upah\refactor_production\backend\src\db\client.ts:156:31)
[2026-04-04T08:07:06.810Z]   at async savePayrollHistoryMaster (D:\Gawean Rebinmas\PORTAL_ESTATE\Plantware_Auto_Report\Daftar_Upah_baru\payroll_daftar_upah\refactor_production\backend\src\services\historyDatabaseService.ts:795:37)
[2026-04-04T08:07:06.810Z]   at async seedGangHistory (D:\Gawean Rebinmas\PORTAL_ESTATE\Plantware_Auto_Report\Daftar_Upah_baru\payroll_daftar_upah\refactor_production\backend\src\services\historySeederService.ts:345:55)
[2026-04-04T08:07:07.333Z] [08:07:07.333] [ERROR] [DB] Gateway Error (500): {"success":false,"db":"extend_db_ptrj","server":"SERVER_PROFILE_1","execution_ms":7.270400000736117,"data":null,"error":"Database error: There are fewer columns in the INSERT statement than values specified in the VALUES clause. The number of values in the VALUES clause must match the number of columns specified in the INSERT statement."} Error: HTTP 500
[2026-04-04T08:07:07.334Z]   at query (D:\Gawean Rebinmas\PORTAL_ESTATE\Plantware_Auto_Report\Daftar_Upah_baru\payroll_daftar_upah\refactor_production\backend\src\db\client.ts:155:92)
[2026-04-04T08:07:07.334Z]   at async savePayrollHistoryMaster (D:\Gawean Rebinmas\PORTAL_ESTATE\Plantware_Auto_Report\Daftar_Upah_baru\payroll_daftar_upah\refactor_production\backend\src\services\historyDatabaseService.ts:795:37)
[2026-04-04T08:07:07.334Z]   at async seedGangHistory (D:\Gawean Rebinmas\PORTAL_ESTATE\Plantware_Auto_Report\Daftar_Upah_baru\payroll_daftar_upah\refactor_production\backend\src\services\historySeederService.ts:345:55)
[2026-04-04T08:07:07.335Z] [08:07:07.335] [ERROR] [DB] Query failed (Attempt 2/4) Error: Gateway returned 500: Internal Server Error - {"success":false,"db":"extend_db_ptrj","server":"SERVER_PROFILE_1","execution_ms":7.270400000736117,"data":null,"error":"Database error: There are fewer columns in the INSERT statement than values specified in the VALUES clause. The number of values in the VALUES clause must match the number of columns specified in the INSERT statement."}
[2026-04-04T08:07:07.335Z]   at query (D:\Gawean Rebinmas\PORTAL_ESTATE\Plantware_Auto_Report\Daftar_Upah_baru\payroll_daftar_upah\refactor_production\backend\src\db\client.ts:156:31)
[2026-04-04T08:07:07.336Z]   at async savePayrollHistoryMaster (D:\Gawean Rebinmas\PORTAL_ESTATE\Plantware_Auto_Report\Daftar_Upah_baru\payroll_daftar_upah\refactor_production\backend\src\services\historyDatabaseService.ts:795:37)
[2026-04-04T08:07:07.336Z]   at async seedGangHistory (D:\Gawean Rebinmas\PORTAL_ESTATE\Plantware_Auto_Report\Daftar_Upah_baru\payroll_daftar_upah\refactor_production\backend\src\services\historySeederService.ts:345:55)
[2026-04-04T08:07:08.393Z] [08:07:08.393] [ERROR] [DB] Gateway Error (500): {"success":false,"db":"extend_db_ptrj","server":"SERVER_PROFILE_1","execution_ms":6.256400000303984,"data":null,"error":"Database error: There are fewer columns in the INSERT statement than values specified in the VALUES clause. The number of values in the VALUES clause must match the number of columns specified in the INSERT statement."} Error: HTTP 500
[2026-04-04T08:07:08.393Z]   at query (D:\Gawean Rebinmas\PORTAL_ESTATE\Plantware_Auto_Report\Daftar_Upah_baru\payroll_daftar_upah\refactor_production\backend\src\db\client.ts:155:92)
[2026-04-04T08:07:08.393Z]   at async savePayrollHistoryMaster (D:\Gawean Rebinmas\PORTAL_ESTATE\Plantware_Auto_Report\Daftar_Upah_baru\payroll_daftar_upah\refactor_production\backend\src\services\historyDatabaseService.ts:795:37)
[2026-04-04T08:07:08.393Z]   at async seedGangHistory (D:\Gawean Rebinmas\PORTAL_ESTATE\Plantware_Auto_Report\Daftar_Upah_baru\payroll_daftar_upah\refactor_production\backend\src\services\historySeederService.ts:345:55)
[2026-04-04T08:07:08.394Z] [08:07:08.394] [ERROR] [DB] Query failed (Attempt 3/4) Error: Gateway returned 500: Internal Server Error - {"success":false,"db":"extend_db_ptrj","server":"SERVER_PROFILE_1","execution_ms":6.256400000303984,"data":null,"error":"Database error: There are fewer columns in the INSERT statement than values specified in the VALUES clause. The number of values in the VALUES clause must match the number of columns specified in the INSERT statement."}
[2026-04-04T08:07:08.394Z]   at query (D:\Gawean Rebinmas\PORTAL_ESTATE\Plantware_Auto_Report\Daftar_Upah_baru\payroll_daftar_upah\refactor_production\backend\src\db\client.ts:156:31)
[2026-04-04T08:07:08.394Z]   at async savePayrollHistoryMaster (D:\Gawean Rebinmas\PORTAL_ESTATE\Plantware_Auto_Report\Daftar_Upah_baru\payroll_daftar_upah\refactor_production\backend\src\services\historyDatabaseService.ts:795:37)
[2026-04-04T08:07:08.394Z]   at async seedGangHistory (D:\Gawean Rebinmas\PORTAL_ESTATE\Plantware_Auto_Report\Daftar_Upah_baru\payroll_daftar_upah\refactor_production\backend\src\services\historySeederService.ts:345:55)
[2026-04-04T08:07:10.411Z] [08:07:10.411] [ERROR] [DB] Gateway Error (500): {"success":false,"db":"extend_db_ptrj","server":"SERVER_PROFILE_1","execution_ms":7.602500000037253,"data":null,"error":"Database error: There are fewer columns in the INSERT statement than values specified in the VALUES clause. The number of values in the VALUES clause must match the number of columns specified in the INSERT statement."} Error: HTTP 500
[2026-04-04T08:07:10.411Z]   at query (D:\Gawean Rebinmas\PORTAL_ESTATE\Plantware_Auto_Report\Daftar_Upah_baru\payroll_daftar_upah\refactor_production\backend\src\db\client.ts:155:92)
[2026-04-04T08:07:10.412Z]   at async savePayrollHistoryMaster (D:\Gawean Rebinmas\PORTAL_ESTATE\Plantware_Auto_Report\Daftar_Upah_baru\payroll_daftar_upah\refactor_production\backend\src\services\historyDatabaseService.ts:795:37)
[2026-04-04T08:07:10.412Z]   at async seedGangHistory (D:\Gawean Rebinmas\PORTAL_ESTATE\Plantware_Auto_Report\Daftar_Upah_baru\payroll_daftar_upah\refactor_production\backend\src\services\historySeederService.ts:345:55)
[2026-04-04T08:07:10.412Z] [08:07:10.412] [ERROR] [DB] Query failed (Attempt 4/4) Error: Gateway returned 500: Internal Server Error - {"success":false,"db":"extend_db_ptrj","server":"SERVER_PROFILE_1","execution_ms":7.602500000037253,"data":null,"error":"Database error: There are fewer columns in the INSERT statement than values specified in the VALUES clause. The number of values in the VALUES clause must match the number of columns specified in the INSERT statement."}
[2026-04-04T08:07:10.412Z]   at query (D:\Gawean Rebinmas\PORTAL_ESTATE\Plantware_Auto_Report\Daftar_Upah_baru\payroll_daftar_upah\refactor_production\backend\src\db\client.ts:156:31)
[2026-04-04T08:07:10.413Z]   at async savePayrollHistoryMaster (D:\Gawean Rebinmas\PORTAL_ESTATE\Plantware_Auto_Report\Daftar_Upah_baru\payroll_daftar_upah\refactor_production\backend\src\services\historyDatabaseService.ts:795:37)
[2026-04-04T08:07:10.413Z]   at async seedGangHistory (D:\Gawean Rebinmas\PORTAL_ESTATE\Plantware_Auto_Report\Daftar_Upah_baru\payroll_daftar_upah\refactor_production\backend\src\services\historySeederService.ts:345:55)
[2026-04-04T08:07:10.456Z] [08:07:10.456] [ERROR] [DB] Gateway Error (500): {"success":false,"db":"extend_db_ptrj","server":"SERVER_PROFILE_1","execution_ms":27.143999999389052,"data":null,"error":"Database error: There are fewer columns in the INSERT statement than values specified in the VALUES clause. The number of values in the VALUES clause must match the number of columns specified in the INSERT statement."} Error: HTTP 500
[2026-04-04T08:07:10.456Z]   at query (D:\Gawean Rebinmas\PORTAL_ESTATE\Plantware_Auto_Report\Daftar_Upah_baru\payroll_daftar_upah\refactor_production\backend\src\db\client.ts:155:92)
[2026-04-04T08:07:10.456Z]   at async savePayrollHistoryMaster (D:\Gawean Rebinmas\PORTAL_ESTATE\Plantware_Auto_Report\Daftar_Upah_baru\payroll_daftar_upah\refactor_production\backend\src\services\historyDatabaseService.ts:795:37)
[2026-04-04T08:07:10.456Z]   at async seedGangHistory (D:\Gawean Rebinmas\PORTAL_ESTATE\Plantware_Auto_Report\Daftar_Upah_baru\payroll_daftar_upah\refactor_production\backend\src\services\historySeederService.ts:345:55)
[2026-04-04T08:07:10.457Z] [08:07:10.457] [ERROR] [DB] Query failed (Attempt 1/4) Error: Gateway returned 500: Internal Server Error - {"success":false,"db":"extend_db_ptrj","server":"SERVER_PROFILE_1","execution_ms":27.143999999389052,"data":null,"error":"Database error: There are fewer columns in the INSERT statement than values specified in the VALUES clause. The number of values in the VALUES clause must match the number of columns specified in the INSERT statement."}
[2026-04-04T08:07:10.457Z]   at query (D:\Gawean Rebinmas\PORTAL_ESTATE\Plantware_Auto_Report\Daftar_Upah_baru\payroll_daftar_upah\refactor_production\backend\src\db\client.ts:156:31)
[2026-04-04T08:07:10.457Z]   at async savePayrollHistoryMaster (D:\Gawean Rebinmas\PORTAL_ESTATE\Plantware_Auto_Report\Daftar_Upah_baru\payroll_daftar_upah\refactor_production\backend\src\services\historyDatabaseService.ts:795:37)
[2026-04-04T08:07:10.461Z]   at async seedGangHistory (D:\Gawean Rebinmas\PORTAL_ESTATE\Plantware_Auto_Report\Daftar_Upah_baru\payroll_daftar_upah\refactor_production\backend\src\services\historySeederService.ts:345:55)
[2026-04-04T08:07:10.979Z] [08:07:10.979] [ERROR] [DB] Gateway Error (500): {"success":false,"db":"extend_db_ptrj","server":"SERVER_PROFILE_1","execution_ms":7.17160000000149,"data":null,"error":"Database error: There are fewer columns in the INSERT statement than values specified in the VALUES clause. The number of values in the VALUES clause must match the number of columns specified in the INSERT statement."} Error: HTTP 500
[2026-04-04T08:07:10.980Z]   at query (D:\Gawean Rebinmas\PORTAL_ESTATE\Plantware_Auto_Report\Daftar_Upah_baru\payroll_daftar_upah\refactor_production\backend\src\db\client.ts:155:92)
[2026-04-04T08:07:10.980Z]   at async savePayrollHistoryMaster (D:\Gawean Rebinmas\PORTAL_ESTATE\Plantware_Auto_Report\Daftar_Upah_baru\payroll_daftar_upah\refactor_production\backend\src\services\historyDatabaseService.ts:795:37)
[2026-04-04T08:07:10.981Z]   at async seedGangHistory (D:\Gawean Rebinmas\PORTAL_ESTATE\Plantware_Auto_Report\Daftar_Upah_baru\payroll_daftar_upah\refactor_production\backend\src\services\historySeederService.ts:345:55)
[2026-04-04T08:07:10.981Z] [08:07:10.981] [ERROR] [DB] Query failed (Attempt 2/4) Error: Gateway returned 500: Internal Server Error - {"success":false,"db":"extend_db_ptrj","server":"SERVER_PROFILE_1","execution_ms":7.17160000000149,"data":null,"error":"Database error: There are fewer columns in the INSERT statement than values specified in the VALUES clause. The number of values in the VALUES clause must match the number of columns specified in the INSERT statement."}
[2026-04-04T08:07:10.982Z]   at query (D:\Gawean Rebinmas\PORTAL_ESTATE\Plantware_Auto_Report\Daftar_Upah_baru\payroll_daftar_upah\refactor_production\backend\src\db\client.ts:156:31)
[2026-04-04T08:07:10.982Z]   at async savePayrollHistoryMaster (D:\Gawean Rebinmas\PORTAL_ESTATE\Plantware_Auto_Report\Daftar_Upah_baru\payroll_daftar_upah\refactor_production\backend\src\services\historyDatabaseService.ts:795:37)
[2026-04-04T08:07:10.982Z]   at async seedGangHistory (D:\Gawean Rebinmas\PORTAL_ESTATE\Plantware_Auto_Report\Daftar_Upah_baru\payroll_daftar_upah\refactor_production\backend\src\services\historySeederService.ts:345:55)
[2026-04-04T08:07:12.002Z] [08:07:12.002] [ERROR] [DB] Gateway Error (500): {"success":false,"db":"extend_db_ptrj","server":"SERVER_PROFILE_1","execution_ms":7.263899999670684,"data":null,"error":"Database error: There are fewer columns in the INSERT statement than values specified in the VALUES clause. The number of values in the VALUES clause must match the number of columns specified in the INSERT statement."} Error: HTTP 500
[2026-04-04T08:07:12.003Z]   at query (D:\Gawean Rebinmas\PORTAL_ESTATE\Plantware_Auto_Report\Daftar_Upah_baru\payroll_daftar_upah\refactor_production\backend\src\db\client.ts:155:92)
[2026-04-04T08:07:12.003Z]   at async savePayrollHistoryMaster (D:\Gawean Rebinmas\PORTAL_ESTATE\Plantware_Auto_Report\Daftar_Upah_baru\payroll_daftar_upah\refactor_production\backend\src\services\historyDatabaseService.ts:795:37)
[2026-04-04T08:07:12.003Z]   at async seedGangHistory (D:\Gawean Rebinmas\PORTAL_ESTATE\Plantware_Auto_Report\Daftar_Upah_baru\payroll_daftar_upah\refactor_production\backend\src\services\historySeederService.ts:345:55)
[2026-04-04T08:07:12.003Z] [08:07:12.003] [ERROR] [DB] Query failed (Attempt 3/4) Error: Gateway returned 500: Internal Server Error - {"success":false,"db":"extend_db_ptrj","server":"SERVER_PROFILE_1","execution_ms":7.263899999670684,"data":null,"error":"Database error: There are fewer columns in the INSERT statement than values specified in the VALUES clause. The number of values in the VALUES clause must match the number of columns specified in the INSERT statement."}
[2026-04-04T08:07:12.003Z]   at query (D:\Gawean Rebinmas\PORTAL_ESTATE\Plantware_Auto_Report\Daftar_Upah_baru\payroll_daftar_upah\refactor_production\backend\src\db\client.ts:156:31)
[2026-04-04T08:07:12.003Z]   at async savePayrollHistoryMaster (D:\Gawean Rebinmas\PORTAL_ESTATE\Plantware_Auto_Report\Daftar_Upah_baru\payroll_daftar_upah\refactor_production\backend\src\services\historyDatabaseService.ts:795:37)
[2026-04-04T08:07:12.004Z]   at async seedGangHistory (D:\Gawean Rebinmas\PORTAL_ESTATE\Plantware_Auto_Report\Daftar_Upah_baru\payroll_daftar_upah\refactor_production\backend\src\services\historySeederService.ts:345:55)
[2026-04-04T08:07:14.033Z] [08:07:14.033] [ERROR] [DB] Gateway Error (500): {"success":false,"db":"extend_db_ptrj","server":"SERVER_PROFILE_1","execution_ms":5.52309999987483,"data":null,"error":"Database error: There are fewer columns in the INSERT statement than values specified in the VALUES clause. The number of values in the VALUES clause must match the number of columns specified in the INSERT statement."} Error: HTTP 500
[2026-04-04T08:07:14.034Z]   at query (D:\Gawean Rebinmas\PORTAL_ESTATE\Plantware_Auto_Report\Daftar_Upah_baru\payroll_daftar_upah\refactor_production\backend\src\db\client.ts:155:92)
[2026-04-04T08:07:14.034Z]   at async savePayrollHistoryMaster (D:\Gawean Rebinmas\PORTAL_ESTATE\Plantware_Auto_Report\Daftar_Upah_baru\payroll_daftar_upah\refactor_production\backend\src\services\historyDatabaseService.ts:795:37)
[2026-04-04T08:07:14.034Z]   at async seedGangHistory (D:\Gawean Rebinmas\PORTAL_ESTATE\Plantware_Auto_Report\Daftar_Upah_baru\payroll_daftar_upah\refactor_production\backend\src\services\historySeederService.ts:345:55)
[2026-04-04T08:07:14.034Z] [08:07:14.034] [ERROR] [DB] Query failed (Attempt 4/4) Error: Gateway returned 500: Internal Server Error - {"success":false,"db":"extend_db_ptrj","server":"SERVER_PROFILE_1","execution_ms":5.52309999987483,"data":null,"error":"Database error: There are fewer columns in the INSERT statement than values specified in the VALUES clause. The number of values in the VALUES clause must match the number of columns specified in the INSERT statement."}
[2026-04-04T08:07:14.034Z]   at query (D:\Gawean Rebinmas\PORTAL_ESTATE\Plantware_Auto_Report\Daftar_Upah_baru\payroll_daftar_upah\refactor_production\backend\src\db\client.ts:156:31)
[2026-04-04T08:07:14.034Z]   at async savePayrollHistoryMaster (D:\Gawean Rebinmas\PORTAL_ESTATE\Plantware_Auto_Report\Daftar_Upah_baru\payroll_daftar_upah\refactor_production\backend\src\services\historyDatabaseService.ts:795:37)
[2026-04-04T08:07:14.034Z]   at async seedGangHistory (D:\Gawean Rebinmas\PORTAL_ESTATE\Plantware_Auto_Report\Daftar_Upah_baru\payroll_daftar_upah\refactor_production\backend\src\services\historySeederService.ts:345:55)
[2026-04-04T08:07:14.071Z] [08:07:14.071] [ERROR] [DB] Gateway Error (500): {"success":false,"db":"extend_db_ptrj","server":"SERVER_PROFILE_1","execution_ms":4.776100000366569,"data":null,"error":"Database error: There are fewer columns in the INSERT statement than values specified in the VALUES clause. The number of values in the VALUES clause must match the number of columns specified in the INSERT statement."} Error: HTTP 500
[2026-04-04T08:07:14.071Z]   at query (D:\Gawean Rebinmas\PORTAL_ESTATE\Plantware_Auto_Report\Daftar_Upah_baru\payroll_daftar_upah\refactor_production\backend\src\db\client.ts:155:92)
[2026-04-04T08:07:14.071Z]   at async savePayrollHistoryMaster (D:\Gawean Rebinmas\PORTAL_ESTATE\Plantware_Auto_Report\Daftar_Upah_baru\payroll_daftar_upah\refactor_production\backend\src\services\historyDatabaseService.ts:795:37)
[2026-04-04T08:07:14.072Z]   at async seedGangHistory (D:\Gawean Rebinmas\PORTAL_ESTATE\Plantware_Auto_Report\Daftar_Upah_baru\payroll_daftar_upah\refactor_production\backend\src\services\historySeederService.ts:345:55)
[2026-04-04T08:07:14.072Z] [08:07:14.072] [ERROR] [DB] Query failed (Attempt 1/4) Error: Gateway returned 500: Internal Server Error - {"success":false,"db":"extend_db_ptrj","server":"SERVER_PROFILE_1","execution_ms":4.776100000366569,"data":null,"error":"Database error: There are fewer columns in the INSERT statement than values specified in the VALUES clause. The number of values in the VALUES clause must match the number of columns specified in the INSERT statement."}
[2026-04-04T08:07:14.072Z]   at query (D:\Gawean Rebinmas\PORTAL_ESTATE\Plantware_Auto_Report\Daftar_Upah_baru\payroll_daftar_upah\refactor_production\backend\src\db\client.ts:156:31)
[2026-04-04T08:07:14.072Z]   at async savePayrollHistoryMaster (D:\Gawean Rebinmas\PORTAL_ESTATE\Plantware_Auto_Report\Daftar_Upah_baru\payroll_daftar_upah\refactor_production\backend\src\services\historyDatabaseService.ts:795:37)
[2026-04-04T08:07:14.073Z]   at async seedGangHistory (D:\Gawean Rebinmas\PORTAL_ESTATE\Plantware_Auto_Report\Daftar_Upah_baru\payroll_daftar_upah\refactor_production\backend\src\services\historySeederService.ts:345:55)
[2026-04-04T08:07:14.574Z] [08:07:14.574] [ERROR] [DB] Gateway Error (500): {"success":false,"db":"extend_db_ptrj","server":"SERVER_PROFILE_1","execution_ms":4.5690000001341105,"data":null,"error":"Database error: There are fewer columns in the INSERT statement than values specified in the VALUES clause. The number of values in the VALUES clause must match the number of columns specified in the INSERT statement."} Error: HTTP 500
[2026-04-04T08:07:14.574Z]   at query (D:\Gawean Rebinmas\PORTAL_ESTATE\Plantware_Auto_Report\Daftar_Upah_baru\payroll_daftar_upah\refactor_production\backend\src\db\client.ts:155:92)
[2026-04-04T08:07:14.575Z]   at async savePayrollHistoryMaster (D:\Gawean Rebinmas\PORTAL_ESTATE\Plantware_Auto_Report\Daftar_Upah_baru\payroll_daftar_upah\refactor_production\backend\src\services\historyDatabaseService.ts:795:37)
[2026-04-04T08:07:14.575Z]   at async seedGangHistory (D:\Gawean Rebinmas\PORTAL_ESTATE\Plantware_Auto_Report\Daftar_Upah_baru\payroll_daftar_upah\refactor_production\backend\src\services\historySeederService.ts:345:55)
[2026-04-04T08:07:14.575Z] [08:07:14.575] [ERROR] [DB] Query failed (Attempt 2/4) Error: Gateway returned 500: Internal Server Error - {"success":false,"db":"extend_db_ptrj","server":"SERVER_PROFILE_1","execution_ms":4.5690000001341105,"data":null,"error":"Database error: There are fewer columns in the INSERT statement than values specified in the VALUES clause. The number of values in the VALUES clause must match the number of columns specified in the INSERT statement."}
[2026-04-04T08:07:14.575Z]   at query (D:\Gawean Rebinmas\PORTAL_ESTATE\Plantware_Auto_Report\Daftar_Upah_baru\payroll_daftar_upah\refactor_production\backend\src\db\client.ts:156:31)
[2026-04-04T08:07:14.575Z]   at async savePayrollHistoryMaster (D:\Gawean Rebinmas\PORTAL_ESTATE\Plantware_Auto_Report\Daftar_Upah_baru\payroll_daftar_upah\refactor_production\backend\src\services\historyDatabaseService.ts:795:37)
[2026-04-04T08:07:14.575Z]   at async seedGangHistory (D:\Gawean Rebinmas\PORTAL_ESTATE\Plantware_Auto_Report\Daftar_Upah_baru\payroll_daftar_upah\refactor_production\backend\src\services\historySeederService.ts:345:55)
[2026-04-04T08:07:15.596Z] [08:07:15.596] [ERROR] [DB] Gateway Error (500): {"success":false,"db":"extend_db_ptrj","server":"SERVER_PROFILE_1","execution_ms":6.558799999766052,"data":null,"error":"Database error: There are fewer columns in the INSERT statement than values specified in the VALUES clause. The number of values in the VALUES clause must match the number of columns specified in the INSERT statement."} Error: HTTP 500
[2026-04-04T08:07:15.596Z]   at query (D:\Gawean Rebinmas\PORTAL_ESTATE\Plantware_Auto_Report\Daftar_Upah_baru\payroll_daftar_upah\refactor_production\backend\src\db\client.ts:155:92)
[2026-04-04T08:07:15.596Z]   at async savePayrollHistoryMaster (D:\Gawean Rebinmas\PORTAL_ESTATE\Plantware_Auto_Report\Daftar_Upah_baru\payroll_daftar_upah\refactor_production\backend\src\services\historyDatabaseService.ts:795:37)
[2026-04-04T08:07:15.597Z]   at async seedGangHistory (D:\Gawean Rebinmas\PORTAL_ESTATE\Plantware_Auto_Report\Daftar_Upah_baru\payroll_daftar_upah\refactor_production\backend\src\services\historySeederService.ts:345:55)
[2026-04-04T08:07:15.597Z] [08:07:15.597] [ERROR] [DB] Query failed (Attempt 3/4) Error: Gateway returned 500: Internal Server Error - {"success":false,"db":"extend_db_ptrj","server":"SERVER_PROFILE_1","execution_ms":6.558799999766052,"data":null,"error":"Database error: There are fewer columns in the INSERT statement than values specified in the VALUES clause. The number of values in the VALUES clause must match the number of columns specified in the INSERT statement."}
[2026-04-04T08:07:15.597Z]   at query (D:\Gawean Rebinmas\PORTAL_ESTATE\Plantware_Auto_Report\Daftar_Upah_baru\payroll_daftar_upah\refactor_production\backend\src\db\client.ts:156:31)
[2026-04-04T08:07:15.597Z]   at async savePayrollHistoryMaster (D:\Gawean Rebinmas\PORTAL_ESTATE\Plantware_Auto_Report\Daftar_Upah_baru\payroll_daftar_upah\refactor_production\backend\src\services\historyDatabaseService.ts:795:37)
[2026-04-04T08:07:15.597Z]   at async seedGangHistory (D:\Gawean Rebinmas\PORTAL_ESTATE\Plantware_Auto_Report\Daftar_Upah_baru\payroll_daftar_upah\refactor_production\backend\src\services\historySeederService.ts:345:55)
[2026-04-04T08:07:17.633Z] [08:07:17.633] [ERROR] [DB] Gateway Error (500): {"success":false,"db":"extend_db_ptrj","server":"SERVER_PROFILE_1","execution_ms":7.439399999566376,"data":null,"error":"Database error: There are fewer columns in the INSERT statement than values specified in the VALUES clause. The number of values in the VALUES clause must match the number of columns specified in the INSERT statement."} Error: HTTP 500
[2026-04-04T08:07:17.633Z]   at query (D:\Gawean Rebinmas\PORTAL_ESTATE\Plantware_Auto_Report\Daftar_Upah_baru\payroll_daftar_upah\refactor_production\backend\src\db\client.ts:155:92)
[2026-04-04T08:07:17.634Z]   at async savePayrollHistoryMaster (D:\Gawean Rebinmas\PORTAL_ESTATE\Plantware_Auto_Report\Daftar_Upah_baru\payroll_daftar_upah\refactor_production\backend\src\services\historyDatabaseService.ts:795:37)
[2026-04-04T08:07:17.634Z]   at async seedGangHistory (D:\Gawean Rebinmas\PORTAL_ESTATE\Plantware_Auto_Report\Daftar_Upah_baru\payroll_daftar_upah\refactor_production\backend\src\services\historySeederService.ts:345:55)
[2026-04-04T08:07:17.634Z] [08:07:17.634] [ERROR] [DB] Query failed (Attempt 4/4) Error: Gateway returned 500: Internal Server Error - {"success":false,"db":"extend_db_ptrj","server":"SERVER_PROFILE_1","execution_ms":7.439399999566376,"data":null,"error":"Database error: There are fewer columns in the INSERT statement than values specified in the VALUES clause. The number of values in the VALUES clause must match the number of columns specified in the INSERT statement."}
[2026-04-04T08:07:17.634Z]   at query (D:\Gawean Rebinmas\PORTAL_ESTATE\Plantware_Auto_Report\Daftar_Upah_baru\payroll_daftar_upah\refactor_production\backend\src\db\client.ts:156:31)
[2026-04-04T08:07:17.634Z]   at async savePayrollHistoryMaster (D:\Gawean Rebinmas\PORTAL_ESTATE\Plantware_Auto_Report\Daftar_Upah_baru\payroll_daftar_upah\refactor_production\backend\src\services\historyDatabaseService.ts:795:37)
[2026-04-04T08:07:17.634Z]   at async seedGangHistory (D:\Gawean Rebinmas\PORTAL_ESTATE\Plantware_Auto_Report\Daftar_Upah_baru\payroll_daftar_upah\refactor_production\backend\src\services\historySeederService.ts:345:55)
[2026-04-04T08:07:17.669Z] [08:07:17.669] [ERROR] [DB] Gateway Error (500): {"success":false,"db":"extend_db_ptrj","server":"SERVER_PROFILE_1","execution_ms":4.760400000028312,"data":null,"error":"Database error: There are fewer columns in the INSERT statement than values specified in the VALUES clause. The number of values in the VALUES clause must match the number of columns specified in the INSERT statement."} Error: HTTP 500
[2026-04-04T08:07:17.669Z]   at query (D:\Gawean Rebinmas\PORTAL_ESTATE\Plantware_Auto_Report\Daftar_Upah_baru\payroll_daftar_upah\refactor_production\backend\src\db\client.ts:155:92)
[2026-04-04T08:07:17.669Z]   at async savePayrollHistoryMaster (D:\Gawean Rebinmas\PORTAL_ESTATE\Plantware_Auto_Report\Daftar_Upah_baru\payroll_daftar_upah\refactor_production\backend\src\services\historyDatabaseService.ts:795:37)
[2026-04-04T08:07:17.670Z]   at async seedGangHistory (D:\Gawean Rebinmas\PORTAL_ESTATE\Plantware_Auto_Report\Daftar_Upah_baru\payroll_daftar_upah\refactor_production\backend\src\services\historySeederService.ts:345:55)
[2026-04-04T08:07:17.670Z] [08:07:17.670] [ERROR] [DB] Query failed (Attempt 1/4) Error: Gateway returned 500: Internal Server Error - {"success":false,"db":"extend_db_ptrj","server":"SERVER_PROFILE_1","execution_ms":4.760400000028312,"data":null,"error":"Database error: There are fewer columns in the INSERT statement than values specified in the VALUES clause. The number of values in the VALUES clause must match the number of columns specified in the INSERT statement."}
[2026-04-04T08:07:17.670Z]   at query (D:\Gawean Rebinmas\PORTAL_ESTATE\Plantware_Auto_Report\Daftar_Upah_baru\payroll_daftar_upah\refactor_production\backend\src\db\client.ts:156:31)
[2026-04-04T08:07:17.670Z]   at async savePayrollHistoryMaster (D:\Gawean Rebinmas\PORTAL_ESTATE\Plantware_Auto_Report\Daftar_Upah_baru\payroll_daftar_upah\refactor_production\backend\src\services\historyDatabaseService.ts:795:37)
[2026-04-04T08:07:17.670Z]   at async seedGangHistory (D:\Gawean Rebinmas\PORTAL_ESTATE\Plantware_Auto_Report\Daftar_Upah_baru\payroll_daftar_upah\refactor_production\backend\src\services\historySeederService.ts:345:55)
[2026-04-04T08:07:18.192Z] [08:07:18.192] [ERROR] [DB] Gateway Error (500): {"success":false,"db":"extend_db_ptrj","server":"SERVER_PROFILE_1","execution_ms":6.8913000002503395,"data":null,"error":"Database error: There are fewer columns in the INSERT statement than values specified in the VALUES clause. The number of values in the VALUES clause must match the number of columns specified in the INSERT statement."} Error: HTTP 500
[2026-04-04T08:07:18.192Z]   at query (D:\Gawean Rebinmas\PORTAL_ESTATE\Plantware_Auto_Report\Daftar_Upah_baru\payroll_daftar_upah\refactor_production\backend\src\db\client.ts:155:92)
[2026-04-04T08:07:18.193Z]   at async savePayrollHistoryMaster (D:\Gawean Rebinmas\PORTAL_ESTATE\Plantware_Auto_Report\Daftar_Upah_baru\payroll_daftar_upah\refactor_production\backend\src\services\historyDatabaseService.ts:795:37)
[2026-04-04T08:07:18.193Z]   at async seedGangHistory (D:\Gawean Rebinmas\PORTAL_ESTATE\Plantware_Auto_Report\Daftar_Upah_baru\payroll_daftar_upah\refactor_production\backend\src\services\historySeederService.ts:345:55)
[2026-04-04T08:07:18.193Z] [08:07:18.193] [ERROR] [DB] Query failed (Attempt 2/4) Error: Gateway returned 500: Internal Server Error - {"success":false,"db":"extend_db_ptrj","server":"SERVER_PROFILE_1","execution_ms":6.8913000002503395,"data":null,"error":"Database error: There are fewer columns in the INSERT statement than values specified in the VALUES clause. The number of values in the VALUES clause must match the number of columns specified in the INSERT statement."}
[2026-04-04T08:07:18.193Z]   at query (D:\Gawean Rebinmas\PORTAL_ESTATE\Plantware_Auto_Report\Daftar_Upah_baru\payroll_daftar_upah\refactor_production\backend\src\db\client.ts:156:31)
[2026-04-04T08:07:18.193Z]   at async savePayrollHistoryMaster (D:\Gawean Rebinmas\PORTAL_ESTATE\Plantware_Auto_Report\Daftar_Upah_baru\payroll_daftar_upah\refactor_production\backend\src\services\historyDatabaseService.ts:795:37)
[2026-04-04T08:07:18.193Z]   at async seedGangHistory (D:\Gawean Rebinmas\PORTAL_ESTATE\Plantware_Auto_Report\Daftar_Upah_baru\payroll_daftar_upah\refactor_production\backend\src\services\historySeederService.ts:345:55)
[2026-04-04T08:07:19.202Z] [08:07:19.202] [ERROR] [DB] Gateway Error (500): {"success":false,"db":"extend_db_ptrj","server":"SERVER_PROFILE_1","execution_ms":7.5509000001475215,"data":null,"error":"Database error: There are fewer columns in the INSERT statement than values specified in the VALUES clause. The number of values in the VALUES clause must match the number of columns specified in the INSERT statement."} Error: HTTP 500
[2026-04-04T08:07:19.203Z]   at query (D:\Gawean Rebinmas\PORTAL_ESTATE\Plantware_Auto_Report\Daftar_Upah_baru\payroll_daftar_upah\refactor_production\backend\src\db\client.ts:155:92)
[2026-04-04T08:07:19.203Z]   at async savePayrollHistoryMaster (D:\Gawean Rebinmas\PORTAL_ESTATE\Plantware_Auto_Report\Daftar_Upah_baru\payroll_daftar_upah\refactor_production\backend\src\services\historyDatabaseService.ts:795:37)
[2026-04-04T08:07:19.203Z]   at async seedGangHistory (D:\Gawean Rebinmas\PORTAL_ESTATE\Plantware_Auto_Report\Daftar_Upah_baru\payroll_daftar_upah\refactor_production\backend\src\services\historySeederService.ts:345:55)
[2026-04-04T08:07:19.203Z] [08:07:19.203] [ERROR] [DB] Query failed (Attempt 3/4) Error: Gateway returned 500: Internal Server Error - {"success":false,"db":"extend_db_ptrj","server":"SERVER_PROFILE_1","execution_ms":7.5509000001475215,"data":null,"error":"Database error: There are fewer columns in the INSERT statement than values specified in the VALUES clause. The number of values in the VALUES clause must match the number of columns specified in the INSERT statement."}
[2026-04-04T08:07:19.203Z]   at query (D:\Gawean Rebinmas\PORTAL_ESTATE\Plantware_Auto_Report\Daftar_Upah_baru\payroll_daftar_upah\refactor_production\backend\src\db\client.ts:156:31)
[2026-04-04T08:07:19.203Z]   at async savePayrollHistoryMaster (D:\Gawean Rebinmas\PORTAL_ESTATE\Plantware_Auto_Report\Daftar_Upah_baru\payroll_daftar_upah\refactor_production\backend\src\services\historyDatabaseService.ts:795:37)
[2026-04-04T08:07:19.203Z]   at async seedGangHistory (D:\Gawean Rebinmas\PORTAL_ESTATE\Plantware_Auto_Report\Daftar_Upah_baru\payroll_daftar_upah\refactor_production\backend\src\services\historySeederService.ts:345:55)
[2026-04-04T08:07:21.223Z] [08:07:21.223] [ERROR] [DB] Gateway Error (500): {"success":false,"db":"extend_db_ptrj","server":"SERVER_PROFILE_1","execution_ms":7.606399999931455,"data":null,"error":"Database error: There are fewer columns in the INSERT statement than values specified in the VALUES clause. The number of values in the VALUES clause must match the number of columns specified in the INSERT statement."} Error: HTTP 500
[2026-04-04T08:07:21.223Z]   at query (D:\Gawean Rebinmas\PORTAL_ESTATE\Plantware_Auto_Report\Daftar_Upah_baru\payroll_daftar_upah\refactor_production\backend\src\db\client.ts:155:92)
[2026-04-04T08:07:21.223Z]   at async savePayrollHistoryMaster (D:\Gawean Rebinmas\PORTAL_ESTATE\Plantware_Auto_Report\Daftar_Upah_baru\payroll_daftar_upah\refactor_production\backend\src\services\historyDatabaseService.ts:795:37)
[2026-04-04T08:07:21.224Z]   at async seedGangHistory (D:\Gawean Rebinmas\PORTAL_ESTATE\Plantware_Auto_Report\Daftar_Upah_baru\payroll_daftar_upah\refactor_production\backend\src\services\historySeederService.ts:345:55)
[2026-04-04T08:07:21.224Z] [08:07:21.224] [ERROR] [DB] Query failed (Attempt 4/4) Error: Gateway returned 500: Internal Server Error - {"success":false,"db":"extend_db_ptrj","server":"SERVER_PROFILE_1","execution_ms":7.606399999931455,"data":null,"error":"Database error: There are fewer columns in the INSERT statement than values specified in the VALUES clause. The number of values in the VALUES clause must match the number of columns specified in the INSERT statement."}
[2026-04-04T08:07:21.224Z]   at query (D:\Gawean Rebinmas\PORTAL_ESTATE\Plantware_Auto_Report\Daftar_Upah_baru\payroll_daftar_upah\refactor_production\backend\src\db\client.ts:156:31)
[2026-04-04T08:07:21.224Z]   at async savePayrollHistoryMaster (D:\Gawean Rebinmas\PORTAL_ESTATE\Plantware_Auto_Report\Daftar_Upah_baru\payroll_daftar_upah\refactor_production\backend\src\services\historyDatabaseService.ts:795:37)
[2026-04-04T08:07:21.224Z]   at async seedGangHistory (D:\Gawean Rebinmas\PORTAL_ESTATE\Plantware_Auto_Report\Daftar_Upah_baru\payroll_daftar_upah\refactor_production\backend\src\services\historySeederService.ts:345:55)
[2026-04-04T08:07:21.261Z] [08:07:21.261] [ERROR] [DB] Gateway Error (500): {"success":false,"db":"extend_db_ptrj","server":"SERVER_PROFILE_1","execution_ms":22.60289999935776,"data":null,"error":"Database error: There are fewer columns in the INSERT statement than values specified in the VALUES clause. The number of values in the VALUES clause must match the number of columns specified in the INSERT statement."} Error: HTTP 500
[2026-04-04T08:07:21.262Z]   at query (D:\Gawean Rebinmas\PORTAL_ESTATE\Plantware_Auto_Report\Daftar_Upah_baru\payroll_daftar_upah\refactor_production\backend\src\db\client.ts:155:92)
[2026-04-04T08:07:21.262Z]   at async savePayrollHistoryMaster (D:\Gawean Rebinmas\PORTAL_ESTATE\Plantware_Auto_Report\Daftar_Upah_baru\payroll_daftar_upah\refactor_production\backend\src\services\historyDatabaseService.ts:795:37)
[2026-04-04T08:07:21.262Z]   at async seedGangHistory (D:\Gawean Rebinmas\PORTAL_ESTATE\Plantware_Auto_Report\Daftar_Upah_baru\payroll_daftar_upah\refactor_production\backend\src\services\historySeederService.ts:345:55)
[2026-04-04T08:07:21.263Z] [08:07:21.263] [ERROR] [DB] Query failed (Attempt 1/4) Error: Gateway returned 500: Internal Server Error - {"success":false,"db":"extend_db_ptrj","server":"SERVER_PROFILE_1","execution_ms":22.60289999935776,"data":null,"error":"Database error: There are fewer columns in the INSERT statement than values specified in the VALUES clause. The number of values in the VALUES clause must match the number of columns specified in the INSERT statement."}
[2026-04-04T08:07:21.264Z]   at query (D:\Gawean Rebinmas\PORTAL_ESTATE\Plantware_Auto_Report\Daftar_Upah_baru\payroll_daftar_upah\refactor_production\backend\src\db\client.ts:156:31)
[2026-04-04T08:07:21.264Z]   at async savePayrollHistoryMaster (D:\Gawean Rebinmas\PORTAL_ESTATE\Plantware_Auto_Report\Daftar_Upah_baru\payroll_daftar_upah\refactor_production\backend\src\services\historyDatabaseService.ts:795:37)
[2026-04-04T08:07:21.264Z]   at async seedGangHistory (D:\Gawean Rebinmas\PORTAL_ESTATE\Plantware_Auto_Report\Daftar_Upah_baru\payroll_daftar_upah\refactor_production\backend\src\services\historySeederService.ts:345:55)
[2026-04-04T08:07:22.172Z] [08:07:22.172] [ERROR] [DB] Gateway Error (500): {"success":false,"db":"extend_db_ptrj","server":"SERVER_PROFILE_1","execution_ms":7.330400000326335,"data":null,"error":"Database error: There are fewer columns in the INSERT statement than values specified in the VALUES clause. The number of values in the VALUES clause must match the number of columns specified in the INSERT statement."} Error: HTTP 500
[2026-04-04T08:07:22.172Z]   at query (D:\Gawean Rebinmas\PORTAL_ESTATE\Plantware_Auto_Report\Daftar_Upah_baru\payroll_daftar_upah\refactor_production\backend\src\db\client.ts:155:92)
[2026-04-04T08:07:22.172Z]   at async savePayrollHistoryMaster (D:\Gawean Rebinmas\PORTAL_ESTATE\Plantware_Auto_Report\Daftar_Upah_baru\payroll_daftar_upah\refactor_production\backend\src\services\historyDatabaseService.ts:795:37)
[2026-04-04T08:07:22.173Z]   at async seedGangHistory (D:\Gawean Rebinmas\PORTAL_ESTATE\Plantware_Auto_Report\Daftar_Upah_baru\payroll_daftar_upah\refactor_production\backend\src\services\historySeederService.ts:345:55)
[2026-04-04T08:07:22.173Z] [08:07:22.173] [ERROR] [DB] Query failed (Attempt 2/4) Error: Gateway returned 500: Internal Server Error - {"success":false,"db":"extend_db_ptrj","server":"SERVER_PROFILE_1","execution_ms":7.330400000326335,"data":null,"error":"Database error: There are fewer columns in the INSERT statement than values specified in the VALUES clause. The number of values in the VALUES clause must match the number of columns specified in the INSERT statement."}
[2026-04-04T08:07:22.173Z]   at query (D:\Gawean Rebinmas\PORTAL_ESTATE\Plantware_Auto_Report\Daftar_Upah_baru\payroll_daftar_upah\refactor_production\backend\src\db\client.ts:156:31)
[2026-04-04T08:07:22.173Z]   at async savePayrollHistoryMaster (D:\Gawean Rebinmas\PORTAL_ESTATE\Plantware_Auto_Report\Daftar_Upah_baru\payroll_daftar_upah\refactor_production\backend\src\services\historyDatabaseService.ts:795:37)
[2026-04-04T08:07:22.173Z]   at async seedGangHistory (D:\Gawean Rebinmas\PORTAL_ESTATE\Plantware_Auto_Report\Daftar_Upah_baru\payroll_daftar_upah\refactor_production\backend\src\services\historySeederService.ts:345:55)
[2026-04-04T08:07:23.195Z] [08:07:23.194] [ERROR] [DB] Gateway Error (500): {"success":false,"db":"extend_db_ptrj","server":"SERVER_PROFILE_1","execution_ms":7.188100000843406,"data":null,"error":"Database error: There are fewer columns in the INSERT statement than values specified in the VALUES clause. The number of values in the VALUES clause must match the number of columns specified in the INSERT statement."} Error: HTTP 500
[2026-04-04T08:07:23.195Z]   at query (D:\Gawean Rebinmas\PORTAL_ESTATE\Plantware_Auto_Report\Daftar_Upah_baru\payroll_daftar_upah\refactor_production\backend\src\db\client.ts:155:92)
[2026-04-04T08:07:23.195Z]   at async savePayrollHistoryMaster (D:\Gawean Rebinmas\PORTAL_ESTATE\Plantware_Auto_Report\Daftar_Upah_baru\payroll_daftar_upah\refactor_production\backend\src\services\historyDatabaseService.ts:795:37)
[2026-04-04T08:07:23.196Z]   at async seedGangHistory (D:\Gawean Rebinmas\PORTAL_ESTATE\Plantware_Auto_Report\Daftar_Upah_baru\payroll_daftar_upah\refactor_production\backend\src\services\historySeederService.ts:345:55)
[2026-04-04T08:07:23.196Z] [08:07:23.196] [ERROR] [DB] Query failed (Attempt 3/4) Error: Gateway returned 500: Internal Server Error - {"success":false,"db":"extend_db_ptrj","server":"SERVER_PROFILE_1","execution_ms":7.188100000843406,"data":null,"error":"Database error: There are fewer columns in the INSERT statement than values specified in the VALUES clause. The number of values in the VALUES clause must match the number of columns specified in the INSERT statement."}
[2026-04-04T08:07:23.196Z]   at query (D:\Gawean Rebinmas\PORTAL_ESTATE\Plantware_Auto_Report\Daftar_Upah_baru\payroll_daftar_upah\refactor_production\backend\src\db\client.ts:156:31)
[2026-04-04T08:07:23.196Z]   at async savePayrollHistoryMaster (D:\Gawean Rebinmas\PORTAL_ESTATE\Plantware_Auto_Report\Daftar_Upah_baru\payroll_daftar_upah\refactor_production\backend\src\services\historyDatabaseService.ts:795:37)
[2026-04-04T08:07:23.197Z]   at async seedGangHistory (D:\Gawean Rebinmas\PORTAL_ESTATE\Plantware_Auto_Report\Daftar_Upah_baru\payroll_daftar_upah\refactor_production\backend\src\services\historySeederService.ts:345:55)
[2026-04-04T08:07:25.246Z] [08:07:25.246] [ERROR] [DB] Gateway Error (500): {"success":false,"db":"extend_db_ptrj","server":"SERVER_PROFILE_1","execution_ms":7.53940000012517,"data":null,"error":"Database error: There are fewer columns in the INSERT statement than values specified in the VALUES clause. The number of values in the VALUES clause must match the number of columns specified in the INSERT statement."} Error: HTTP 500
[2026-04-04T08:07:25.246Z]   at query (D:\Gawean Rebinmas\PORTAL_ESTATE\Plantware_Auto_Report\Daftar_Upah_baru\payroll_daftar_upah\refactor_production\backend\src\db\client.ts:155:92)
[2026-04-04T08:07:25.247Z]   at async savePayrollHistoryMaster (D:\Gawean Rebinmas\PORTAL_ESTATE\Plantware_Auto_Report\Daftar_Upah_baru\payroll_daftar_upah\refactor_production\backend\src\services\historyDatabaseService.ts:795:37)
[2026-04-04T08:07:25.247Z]   at async seedGangHistory (D:\Gawean Rebinmas\PORTAL_ESTATE\Plantware_Auto_Report\Daftar_Upah_baru\payroll_daftar_upah\refactor_production\backend\src\services\historySeederService.ts:345:55)
[2026-04-04T08:07:25.247Z] [08:07:25.247] [ERROR] [DB] Query failed (Attempt 4/4) Error: Gateway returned 500: Internal Server Error - {"success":false,"db":"extend_db_ptrj","server":"SERVER_PROFILE_1","execution_ms":7.53940000012517,"data":null,"error":"Database error: There are fewer columns in the INSERT statement than values specified in the VALUES clause. The number of values in the VALUES clause must match the number of columns specified in the INSERT statement."}
[2026-04-04T08:07:25.247Z]   at query (D:\Gawean Rebinmas\PORTAL_ESTATE\Plantware_Auto_Report\Daftar_Upah_baru\payroll_daftar_upah\refactor_production\backend\src\db\client.ts:156:31)
[2026-04-04T08:07:25.248Z]   at async savePayrollHistoryMaster (D:\Gawean Rebinmas\PORTAL_ESTATE\Plantware_Auto_Report\Daftar_Upah_baru\payroll_daftar_upah\refactor_production\backend\src\services\historyDatabaseService.ts:795:37)
[2026-04-04T08:07:25.248Z]   at async seedGangHistory (D:\Gawean Rebinmas\PORTAL_ESTATE\Plantware_Auto_Report\Daftar_Upah_baru\payroll_daftar_upah\refactor_production\backend\src\services\historySeederService.ts:345:55)
[2026-04-04T08:07:25.320Z] [08:07:25.320] [ERROR] [DB] Gateway Error (500): {"success":false,"db":"extend_db_ptrj","server":"SERVER_PROFILE_1","execution_ms":6.524100000038743,"data":null,"error":"Database error: There are fewer columns in the INSERT statement than values specified in the VALUES clause. The number of values in the VALUES clause must match the number of columns specified in the INSERT statement."} Error: HTTP 500
[2026-04-04T08:07:25.321Z]   at query (D:\Gawean Rebinmas\PORTAL_ESTATE\Plantware_Auto_Report\Daftar_Upah_baru\payroll_daftar_upah\refactor_production\backend\src\db\client.ts:155:92)
[2026-04-04T08:07:25.321Z]   at async savePayrollHistoryMaster (D:\Gawean Rebinmas\PORTAL_ESTATE\Plantware_Auto_Report\Daftar_Upah_baru\payroll_daftar_upah\refactor_production\backend\src\services\historyDatabaseService.ts:795:37)
[2026-04-04T08:07:25.321Z]   at async seedGangHistory (D:\Gawean Rebinmas\PORTAL_ESTATE\Plantware_Auto_Report\Daftar_Upah_baru\payroll_daftar_upah\refactor_production\backend\src\services\historySeederService.ts:345:55)
[2026-04-04T08:07:25.321Z] [08:07:25.321] [ERROR] [DB] Query failed (Attempt 1/4) Error: Gateway returned 500: Internal Server Error - {"success":false,"db":"extend_db_ptrj","server":"SERVER_PROFILE_1","execution_ms":6.524100000038743,"data":null,"error":"Database error: There are fewer columns in the INSERT statement than values specified in the VALUES clause. The number of values in the VALUES clause must match the number of columns specified in the INSERT statement."}
[2026-04-04T08:07:25.321Z]   at query (D:\Gawean Rebinmas\PORTAL_ESTATE\Plantware_Auto_Report\Daftar_Upah_baru\payroll_daftar_upah\refactor_production\backend\src\db\client.ts:156:31)
[2026-04-04T08:07:25.321Z]   at async savePayrollHistoryMaster (D:\Gawean Rebinmas\PORTAL_ESTATE\Plantware_Auto_Report\Daftar_Upah_baru\payroll_daftar_upah\refactor_production\backend\src\services\historyDatabaseService.ts:795:37)
[2026-04-04T08:07:25.321Z]   at async seedGangHistory (D:\Gawean Rebinmas\PORTAL_ESTATE\Plantware_Auto_Report\Daftar_Upah_baru\payroll_daftar_upah\refactor_production\backend\src\services\historySeederService.ts:345:55)
[2026-04-04T08:07:25.832Z] [08:07:25.832] [ERROR] [DB] Gateway Error (500): {"success":false,"db":"extend_db_ptrj","server":"SERVER_PROFILE_1","execution_ms":6.512400000356138,"data":null,"error":"Database error: There are fewer columns in the INSERT statement than values specified in the VALUES clause. The number of values in the VALUES clause must match the number of columns specified in the INSERT statement."} Error: HTTP 500
[2026-04-04T08:07:25.833Z]   at query (D:\Gawean Rebinmas\PORTAL_ESTATE\Plantware_Auto_Report\Daftar_Upah_baru\payroll_daftar_upah\refactor_production\backend\src\db\client.ts:155:92)
[2026-04-04T08:07:25.833Z]   at async savePayrollHistoryMaster (D:\Gawean Rebinmas\PORTAL_ESTATE\Plantware_Auto_Report\Daftar_Upah_baru\payroll_daftar_upah\refactor_production\backend\src\services\historyDatabaseService.ts:795:37)
[2026-04-04T08:07:25.833Z]   at async seedGangHistory (D:\Gawean Rebinmas\PORTAL_ESTATE\Plantware_Auto_Report\Daftar_Upah_baru\payroll_daftar_upah\refactor_production\backend\src\services\historySeederService.ts:345:55)
[2026-04-04T08:07:25.834Z] [08:07:25.834] [ERROR] [DB] Query failed (Attempt 2/4) Error: Gateway returned 500: Internal Server Error - {"success":false,"db":"extend_db_ptrj","server":"SERVER_PROFILE_1","execution_ms":6.512400000356138,"data":null,"error":"Database error: There are fewer columns in the INSERT statement than values specified in the VALUES clause. The number of values in the VALUES clause must match the number of columns specified in the INSERT statement."}
[2026-04-04T08:07:25.834Z]   at query (D:\Gawean Rebinmas\PORTAL_ESTATE\Plantware_Auto_Report\Daftar_Upah_baru\payroll_daftar_upah\refactor_production\backend\src\db\client.ts:156:31)
[2026-04-04T08:07:25.835Z]   at async savePayrollHistoryMaster (D:\Gawean Rebinmas\PORTAL_ESTATE\Plantware_Auto_Report\Daftar_Upah_baru\payroll_daftar_upah\refactor_production\backend\src\services\historyDatabaseService.ts:795:37)
[2026-04-04T08:07:25.835Z]   at async seedGangHistory (D:\Gawean Rebinmas\PORTAL_ESTATE\Plantware_Auto_Report\Daftar_Upah_baru\payroll_daftar_upah\refactor_production\backend\src\services\historySeederService.ts:345:55)
[2026-04-04T08:07:26.857Z] [08:07:26.857] [ERROR] [DB] Gateway Error (500): {"success":false,"db":"extend_db_ptrj","server":"SERVER_PROFILE_1","execution_ms":6.752299999818206,"data":null,"error":"Database error: There are fewer columns in the INSERT statement than values specified in the VALUES clause. The number of values in the VALUES clause must match the number of columns specified in the INSERT statement."} Error: HTTP 500
[2026-04-04T08:07:26.858Z]   at query (D:\Gawean Rebinmas\PORTAL_ESTATE\Plantware_Auto_Report\Daftar_Upah_baru\payroll_daftar_upah\refactor_production\backend\src\db\client.ts:155:92)
[2026-04-04T08:07:26.859Z]   at async savePayrollHistoryMaster (D:\Gawean Rebinmas\PORTAL_ESTATE\Plantware_Auto_Report\Daftar_Upah_baru\payroll_daftar_upah\refactor_production\backend\src\services\historyDatabaseService.ts:795:37)
[2026-04-04T08:07:26.859Z]   at async seedGangHistory (D:\Gawean Rebinmas\PORTAL_ESTATE\Plantware_Auto_Report\Daftar_Upah_baru\payroll_daftar_upah\refactor_production\backend\src\services\historySeederService.ts:345:55)
[2026-04-04T08:07:26.859Z] [08:07:26.859] [ERROR] [DB] Query failed (Attempt 3/4) Error: Gateway returned 500: Internal Server Error - {"success":false,"db":"extend_db_ptrj","server":"SERVER_PROFILE_1","execution_ms":6.752299999818206,"data":null,"error":"Database error: There are fewer columns in the INSERT statement than values specified in the VALUES clause. The number of values in the VALUES clause must match the number of columns specified in the INSERT statement."}
[2026-04-04T08:07:26.859Z]   at query (D:\Gawean Rebinmas\PORTAL_ESTATE\Plantware_Auto_Report\Daftar_Upah_baru\payroll_daftar_upah\refactor_production\backend\src\db\client.ts:156:31)
[2026-04-04T08:07:26.860Z]   at async savePayrollHistoryMaster (D:\Gawean Rebinmas\PORTAL_ESTATE\Plantware_Auto_Report\Daftar_Upah_baru\payroll_daftar_upah\refactor_production\backend\src\services\historyDatabaseService.ts:795:37)
[2026-04-04T08:07:26.860Z]   at async seedGangHistory (D:\Gawean Rebinmas\PORTAL_ESTATE\Plantware_Auto_Report\Daftar_Upah_baru\payroll_daftar_upah\refactor_production\backend\src\services\historySeederService.ts:345:55)
[2026-04-04T08:07:28.879Z] [08:07:28.879] [ERROR] [DB] Gateway Error (500): {"success":false,"db":"extend_db_ptrj","server":"SERVER_PROFILE_1","execution_ms":6.793800000101328,"data":null,"error":"Database error: There are fewer columns in the INSERT statement than values specified in the VALUES clause. The number of values in the VALUES clause must match the number of columns specified in the INSERT statement."} Error: HTTP 500
[2026-04-04T08:07:28.880Z]   at query (D:\Gawean Rebinmas\PORTAL_ESTATE\Plantware_Auto_Report\Daftar_Upah_baru\payroll_daftar_upah\refactor_production\backend\src\db\client.ts:155:92)
[2026-04-04T08:07:28.880Z]   at async savePayrollHistoryMaster (D:\Gawean Rebinmas\PORTAL_ESTATE\Plantware_Auto_Report\Daftar_Upah_baru\payroll_daftar_upah\refactor_production\backend\src\services\historyDatabaseService.ts:795:37)
[2026-04-04T08:07:28.880Z]   at async seedGangHistory (D:\Gawean Rebinmas\PORTAL_ESTATE\Plantware_Auto_Report\Daftar_Upah_baru\payroll_daftar_upah\refactor_production\backend\src\services\historySeederService.ts:345:55)
[2026-04-04T08:07:28.881Z] [08:07:28.881] [ERROR] [DB] Query failed (Attempt 4/4) Error: Gateway returned 500: Internal Server Error - {"success":false,"db":"extend_db_ptrj","server":"SERVER_PROFILE_1","execution_ms":6.793800000101328,"data":null,"error":"Database error: There are fewer columns in the INSERT statement than values specified in the VALUES clause. The number of values in the VALUES clause must match the number of columns specified in the INSERT statement."}
[2026-04-04T08:07:28.881Z]   at query (D:\Gawean Rebinmas\PORTAL_ESTATE\Plantware_Auto_Report\Daftar_Upah_baru\payroll_daftar_upah\refactor_production\backend\src\db\client.ts:156:31)
[2026-04-04T08:07:28.881Z]   at async savePayrollHistoryMaster (D:\Gawean Rebinmas\PORTAL_ESTATE\Plantware_Auto_Report\Daftar_Upah_baru\payroll_daftar_upah\refactor_production\backend\src\services\historyDatabaseService.ts:795:37)
[2026-04-04T08:07:28.881Z]   at async seedGangHistory (D:\Gawean Rebinmas\PORTAL_ESTATE\Plantware_Auto_Report\Daftar_Upah_baru\payroll_daftar_upah\refactor_production\backend\src\services\historySeederService.ts:345:55)
[2026-04-04T08:07:28.923Z] [08:07:28.923] [ERROR] [DB] Gateway Error (500): {"success":false,"db":"db_ptrj","server":"SERVER_PROFILE_2","execution_ms":10.343799999915063,"data":null,"error":"Database error: Invalid column name 'RegDate'."} Error: HTTP 500
[2026-04-04T08:07:28.924Z]   at query (D:\Gawean Rebinmas\PORTAL_ESTATE\Plantware_Auto_Report\Daftar_Upah_baru\payroll_daftar_upah\refactor_production\backend\src\db\client.ts:155:92)
[2026-04-04T08:07:28.924Z]   at async <anonymous> (D:\Gawean Rebinmas\PORTAL_ESTATE\Plantware_Auto_Report\Daftar_Upah_baru\payroll_daftar_upah\refactor_production\backend\src\services\historySeederService.ts:598:37)
[2026-04-04T08:07:28.924Z]   at async withRetry (D:\Gawean Rebinmas\PORTAL_ESTATE\Plantware_Auto_Report\Daftar_Upah_baru\payroll_daftar_upah\refactor_production\backend\src\services\historySeederService.ts:245:30)
[2026-04-04T08:07:28.924Z] [08:07:28.924] [ERROR] [DB] Query failed (Attempt 1/4) Error: Gateway returned 500: Internal Server Error - {"success":false,"db":"db_ptrj","server":"SERVER_PROFILE_2","execution_ms":10.343799999915063,"data":null,"error":"Database error: Invalid column name 'RegDate'."}
[2026-04-04T08:07:28.924Z]   at query (D:\Gawean Rebinmas\PORTAL_ESTATE\Plantware_Auto_Report\Daftar_Upah_baru\payroll_daftar_upah\refactor_production\backend\src\db\client.ts:156:31)
[2026-04-04T08:07:28.924Z]   at async <anonymous> (D:\Gawean Rebinmas\PORTAL_ESTATE\Plantware_Auto_Report\Daftar_Upah_baru\payroll_daftar_upah\refactor_production\backend\src\services\historySeederService.ts:598:37)
[2026-04-04T08:07:28.924Z]   at async withRetry (D:\Gawean Rebinmas\PORTAL_ESTATE\Plantware_Auto_Report\Daftar_Upah_baru\payroll_daftar_upah\refactor_production\backend\src\services\historySeederService.ts:245:30)
[2026-04-04T08:07:29.462Z] [08:07:29.462] [ERROR] [DB] Gateway Error (500): {"success":false,"db":"db_ptrj","server":"SERVER_PROFILE_2","execution_ms":15.32869999948889,"data":null,"error":"Database error: Invalid column name 'RegDate'."} Error: HTTP 500
[2026-04-04T08:07:29.465Z]   at query (D:\Gawean Rebinmas\PORTAL_ESTATE\Plantware_Auto_Report\Daftar_Upah_baru\payroll_daftar_upah\refactor_production\backend\src\db\client.ts:155:92)
[2026-04-04T08:07:29.465Z]   at async <anonymous> (D:\Gawean Rebinmas\PORTAL_ESTATE\Plantware_Auto_Report\Daftar_Upah_baru\payroll_daftar_upah\refactor_production\backend\src\services\historySeederService.ts:598:37)
[2026-04-04T08:07:29.465Z]   at async withRetry (D:\Gawean Rebinmas\PORTAL_ESTATE\Plantware_Auto_Report\Daftar_Upah_baru\payroll_daftar_upah\refactor_production\backend\src\services\historySeederService.ts:245:30)
[2026-04-04T08:07:29.465Z] [08:07:29.465] [ERROR] [DB] Query failed (Attempt 2/4) Error: Gateway returned 500: Internal Server Error - {"success":false,"db":"db_ptrj","server":"SERVER_PROFILE_2","execution_ms":15.32869999948889,"data":null,"error":"Database error: Invalid column name 'RegDate'."}
[2026-04-04T08:07:29.466Z]   at query (D:\Gawean Rebinmas\PORTAL_ESTATE\Plantware_Auto_Report\Daftar_Upah_baru\payroll_daftar_upah\refactor_production\backend\src\db\client.ts:156:31)
[2026-04-04T08:07:29.466Z]   at async <anonymous> (D:\Gawean Rebinmas\PORTAL_ESTATE\Plantware_Auto_Report\Daftar_Upah_baru\payroll_daftar_upah\refactor_production\backend\src\services\historySeederService.ts:598:37)
[2026-04-04T08:07:29.466Z]   at async withRetry (D:\Gawean Rebinmas\PORTAL_ESTATE\Plantware_Auto_Report\Daftar_Upah_baru\payroll_daftar_upah\refactor_production\backend\src\services\historySeederService.ts:245:30)
[2026-04-04T08:07:30.493Z] [08:07:30.493] [ERROR] [DB] Gateway Error (500): {"success":false,"db":"db_ptrj","server":"SERVER_PROFILE_2","execution_ms":16.842199999839067,"data":null,"error":"Database error: Invalid column name 'RegDate'."} Error: HTTP 500
[2026-04-04T08:07:30.494Z]   at query (D:\Gawean Rebinmas\PORTAL_ESTATE\Plantware_Auto_Report\Daftar_Upah_baru\payroll_daftar_upah\refactor_production\backend\src\db\client.ts:155:92)
[2026-04-04T08:07:30.496Z]   at async <anonymous> (D:\Gawean Rebinmas\PORTAL_ESTATE\Plantware_Auto_Report\Daftar_Upah_baru\payroll_daftar_upah\refactor_production\backend\src\services\historySeederService.ts:598:37)
[2026-04-04T08:07:30.496Z]   at async withRetry (D:\Gawean Rebinmas\PORTAL_ESTATE\Plantware_Auto_Report\Daftar_Upah_baru\payroll_daftar_upah\refactor_production\backend\src\services\historySeederService.ts:245:30)
[2026-04-04T08:07:30.497Z] [08:07:30.497] [ERROR] [DB] Query failed (Attempt 3/4) Error: Gateway returned 500: Internal Server Error - {"success":false,"db":"db_ptrj","server":"SERVER_PROFILE_2","execution_ms":16.842199999839067,"data":null,"error":"Database error: Invalid column name 'RegDate'."}
[2026-04-04T08:07:30.497Z]   at query (D:\Gawean Rebinmas\PORTAL_ESTATE\Plantware_Auto_Report\Daftar_Upah_baru\payroll_daftar_upah\refactor_production\backend\src\db\client.ts:156:31)
[2026-04-04T08:07:30.498Z]   at async <anonymous> (D:\Gawean Rebinmas\PORTAL_ESTATE\Plantware_Auto_Report\Daftar_Upah_baru\payroll_daftar_upah\refactor_production\backend\src\services\historySeederService.ts:598:37)
[2026-04-04T08:07:30.498Z]   at async withRetry (D:\Gawean Rebinmas\PORTAL_ESTATE\Plantware_Auto_Report\Daftar_Upah_baru\payroll_daftar_upah\refactor_production\backend\src\services\historySeederService.ts:245:30)
[2026-04-04T08:07:32.523Z] [08:07:32.523] [ERROR] [DB] Gateway Error (500): {"success":false,"db":"db_ptrj","server":"SERVER_PROFILE_2","execution_ms":16.954699999652803,"data":null,"error":"Database error: Invalid column name 'RegDate'."} Error: HTTP 500
[2026-04-04T08:07:32.523Z]   at query (D:\Gawean Rebinmas\PORTAL_ESTATE\Plantware_Auto_Report\Daftar_Upah_baru\payroll_daftar_upah\refactor_production\backend\src\db\client.ts:155:92)
[2026-04-04T08:07:32.524Z]   at async <anonymous> (D:\Gawean Rebinmas\PORTAL_ESTATE\Plantware_Auto_Report\Daftar_Upah_baru\payroll_daftar_upah\refactor_production\backend\src\services\historySeederService.ts:598:37)
[2026-04-04T08:07:32.524Z]   at async withRetry (D:\Gawean Rebinmas\PORTAL_ESTATE\Plantware_Auto_Report\Daftar_Upah_baru\payroll_daftar_upah\refactor_production\backend\src\services\historySeederService.ts:245:30)
[2026-04-04T08:07:32.525Z] [08:07:32.524] [ERROR] [DB] Query failed (Attempt 4/4) Error: Gateway returned 500: Internal Server Error - {"success":false,"db":"db_ptrj","server":"SERVER_PROFILE_2","execution_ms":16.954699999652803,"data":null,"error":"Database error: Invalid column name 'RegDate'."}
[2026-04-04T08:07:32.525Z]   at query (D:\Gawean Rebinmas\PORTAL_ESTATE\Plantware_Auto_Report\Daftar_Upah_baru\payroll_daftar_upah\refactor_production\backend\src\db\client.ts:156:31)
[2026-04-04T08:07:32.525Z]   at async <anonymous> (D:\Gawean Rebinmas\PORTAL_ESTATE\Plantware_Auto_Report\Daftar_Upah_baru\payroll_daftar_upah\refactor_production\backend\src\services\historySeederService.ts:598:37)
[2026-04-04T08:07:32.526Z]   at async withRetry (D:\Gawean Rebinmas\PORTAL_ESTATE\Plantware_Auto_Report\Daftar_Upah_baru\payroll_daftar_upah\refactor_production\backend\src\services\historySeederService.ts:245:30)
[2026-04-04T08:07:34.559Z] [08:07:34.558] [ERROR] [DB] Gateway Error (500): {"success":false,"db":"db_ptrj","server":"SERVER_PROFILE_2","execution_ms":15.975999999791384,"data":null,"error":"Database error: Invalid column name 'RegDate'."} Error: HTTP 500
[2026-04-04T08:07:34.561Z]   at query (D:\Gawean Rebinmas\PORTAL_ESTATE\Plantware_Auto_Report\Daftar_Upah_baru\payroll_daftar_upah\refactor_production\backend\src\db\client.ts:155:92)
[2026-04-04T08:07:34.564Z]   at async <anonymous> (D:\Gawean Rebinmas\PORTAL_ESTATE\Plantware_Auto_Report\Daftar_Upah_baru\payroll_daftar_upah\refactor_production\backend\src\services\historySeederService.ts:598:37)
[2026-04-04T08:07:34.565Z]   at async withRetry (D:\Gawean Rebinmas\PORTAL_ESTATE\Plantware_Auto_Report\Daftar_Upah_baru\payroll_daftar_upah\refactor_production\backend\src\services\historySeederService.ts:245:30)
[2026-04-04T08:07:34.566Z] [08:07:34.566] [ERROR] [DB] Query failed (Attempt 1/4) Error: Gateway returned 500: Internal Server Error - {"success":false,"db":"db_ptrj","server":"SERVER_PROFILE_2","execution_ms":15.975999999791384,"data":null,"error":"Database error: Invalid column name 'RegDate'."}
[2026-04-04T08:07:34.567Z]   at query (D:\Gawean Rebinmas\PORTAL_ESTATE\Plantware_Auto_Report\Daftar_Upah_baru\payroll_daftar_upah\refactor_production\backend\src\db\client.ts:156:31)
[2026-04-04T08:07:34.568Z]   at async <anonymous> (D:\Gawean Rebinmas\PORTAL_ESTATE\Plantware_Auto_Report\Daftar_Upah_baru\payroll_daftar_upah\refactor_production\backend\src\services\historySeederService.ts:598:37)
[2026-04-04T08:07:34.569Z]   at async withRetry (D:\Gawean Rebinmas\PORTAL_ESTATE\Plantware_Auto_Report\Daftar_Upah_baru\payroll_daftar_upah\refactor_production\backend\src\services\historySeederService.ts:245:30)
[2026-04-04T08:07:35.088Z] [08:07:35.088] [ERROR] [DB] Gateway Error (500): {"success":false,"db":"db_ptrj","server":"SERVER_PROFILE_2","execution_ms":13.727400000207126,"data":null,"error":"Database error: Invalid column name 'RegDate'."} Error: HTTP 500
[2026-04-04T08:07:35.088Z]   at query (D:\Gawean Rebinmas\PORTAL_ESTATE\Plantware_Auto_Report\Daftar_Upah_baru\payroll_daftar_upah\refactor_production\backend\src\db\client.ts:155:92)
[2026-04-04T08:07:35.088Z]   at async <anonymous> (D:\Gawean Rebinmas\PORTAL_ESTATE\Plantware_Auto_Report\Daftar_Upah_baru\payroll_daftar_upah\refactor_production\backend\src\services\historySeederService.ts:598:37)
[2026-04-04T08:07:35.088Z]   at async withRetry (D:\Gawean Rebinmas\PORTAL_ESTATE\Plantware_Auto_Report\Daftar_Upah_baru\payroll_daftar_upah\refactor_production\backend\src\services\historySeederService.ts:245:30)
[2026-04-04T08:07:35.088Z] [08:07:35.088] [ERROR] [DB] Query failed (Attempt 2/4) Error: Gateway returned 500: Internal Server Error - {"success":false,"db":"db_ptrj","server":"SERVER_PROFILE_2","execution_ms":13.727400000207126,"data":null,"error":"Database error: Invalid column name 'RegDate'."}
[2026-04-04T08:07:35.088Z]   at query (D:\Gawean Rebinmas\PORTAL_ESTATE\Plantware_Auto_Report\Daftar_Upah_baru\payroll_daftar_upah\refactor_production\backend\src\db\client.ts:156:31)
[2026-04-04T08:07:35.089Z]   at async <anonymous> (D:\Gawean Rebinmas\PORTAL_ESTATE\Plantware_Auto_Report\Daftar_Upah_baru\payroll_daftar_upah\refactor_production\backend\src\services\historySeederService.ts:598:37)
[2026-04-04T08:07:35.089Z]   at async withRetry (D:\Gawean Rebinmas\PORTAL_ESTATE\Plantware_Auto_Report\Daftar_Upah_baru\payroll_daftar_upah\refactor_production\backend\src\services\historySeederService.ts:245:30)
[2026-04-04T08:07:36.119Z] [08:07:36.119] [ERROR] [DB] Gateway Error (500): {"success":false,"db":"db_ptrj","server":"SERVER_PROFILE_2","execution_ms":15.7972999997437,"data":null,"error":"Database error: Invalid column name 'RegDate'."} Error: HTTP 500
[2026-04-04T08:07:36.120Z]   at query (D:\Gawean Rebinmas\PORTAL_ESTATE\Plantware_Auto_Report\Daftar_Upah_baru\payroll_daftar_upah\refactor_production\backend\src\db\client.ts:155:92)
[2026-04-04T08:07:36.120Z]   at async <anonymous> (D:\Gawean Rebinmas\PORTAL_ESTATE\Plantware_Auto_Report\Daftar_Upah_baru\payroll_daftar_upah\refactor_production\backend\src\services\historySeederService.ts:598:37)
[2026-04-04T08:07:36.121Z]   at async withRetry (D:\Gawean Rebinmas\PORTAL_ESTATE\Plantware_Auto_Report\Daftar_Upah_baru\payroll_daftar_upah\refactor_production\backend\src\services\historySeederService.ts:245:30)
[2026-04-04T08:07:36.121Z] [08:07:36.121] [ERROR] [DB] Query failed (Attempt 3/4) Error: Gateway returned 500: Internal Server Error - {"success":false,"db":"db_ptrj","server":"SERVER_PROFILE_2","execution_ms":15.7972999997437,"data":null,"error":"Database error: Invalid column name 'RegDate'."}
[2026-04-04T08:07:36.122Z]   at query (D:\Gawean Rebinmas\PORTAL_ESTATE\Plantware_Auto_Report\Daftar_Upah_baru\payroll_daftar_upah\refactor_production\backend\src\db\client.ts:156:31)
[2026-04-04T08:07:36.122Z]   at async <anonymous> (D:\Gawean Rebinmas\PORTAL_ESTATE\Plantware_Auto_Report\Daftar_Upah_baru\payroll_daftar_upah\refactor_production\backend\src\services\historySeederService.ts:598:37)
[2026-04-04T08:07:36.122Z]   at async withRetry (D:\Gawean Rebinmas\PORTAL_ESTATE\Plantware_Auto_Report\Daftar_Upah_baru\payroll_daftar_upah\refactor_production\backend\src\services\historySeederService.ts:245:30)
[2026-04-04T08:07:38.263Z] [08:07:38.262] [ERROR] [DB] Gateway Error (500): {"success":false,"db":"db_ptrj","server":"SERVER_PROFILE_2","execution_ms":15.417499999515712,"data":null,"error":"Database error: Invalid column name 'RegDate'."} Error: HTTP 500
[2026-04-04T08:07:38.263Z]   at query (D:\Gawean Rebinmas\PORTAL_ESTATE\Plantware_Auto_Report\Daftar_Upah_baru\payroll_daftar_upah\refactor_production\backend\src\db\client.ts:155:92)
[2026-04-04T08:07:38.263Z]   at async <anonymous> (D:\Gawean Rebinmas\PORTAL_ESTATE\Plantware_Auto_Report\Daftar_Upah_baru\payroll_daftar_upah\refactor_production\backend\src\services\historySeederService.ts:598:37)
[2026-04-04T08:07:38.263Z]   at async withRetry (D:\Gawean Rebinmas\PORTAL_ESTATE\Plantware_Auto_Report\Daftar_Upah_baru\payroll_daftar_upah\refactor_production\backend\src\services\historySeederService.ts:245:30)
[2026-04-04T08:07:38.263Z] [08:07:38.263] [ERROR] [DB] Query failed (Attempt 4/4) Error: Gateway returned 500: Internal Server Error - {"success":false,"db":"db_ptrj","server":"SERVER_PROFILE_2","execution_ms":15.417499999515712,"data":null,"error":"Database error: Invalid column name 'RegDate'."}
[2026-04-04T08:07:38.263Z]   at query (D:\Gawean Rebinmas\PORTAL_ESTATE\Plantware_Auto_Report\Daftar_Upah_baru\payroll_daftar_upah\refactor_production\backend\src\db\client.ts:156:31)
[2026-04-04T08:07:38.263Z]   at async <anonymous> (D:\Gawean Rebinmas\PORTAL_ESTATE\Plantware_Auto_Report\Daftar_Upah_baru\payroll_daftar_upah\refactor_production\backend\src\services\historySeederService.ts:598:37)
[2026-04-04T08:07:38.264Z]   at async withRetry (D:\Gawean Rebinmas\PORTAL_ESTATE\Plantware_Auto_Report\Daftar_Upah_baru\payroll_daftar_upah\refactor_production\backend\src\services\historySeederService.ts:245:30)
[2026-04-04T08:07:42.295Z] [08:07:42.295] [ERROR] [DB] Gateway Error (500): {"success":false,"db":"db_ptrj","server":"SERVER_PROFILE_2","execution_ms":15.003800000064075,"data":null,"error":"Database error: Invalid column name 'RegDate'."} Error: HTTP 500
[2026-04-04T08:07:42.296Z]   at query (D:\Gawean Rebinmas\PORTAL_ESTATE\Plantware_Auto_Report\Daftar_Upah_baru\payroll_daftar_upah\refactor_production\backend\src\db\client.ts:155:92)
[2026-04-04T08:07:42.296Z]   at async <anonymous> (D:\Gawean Rebinmas\PORTAL_ESTATE\Plantware_Auto_Report\Daftar_Upah_baru\payroll_daftar_upah\refactor_production\backend\src\services\historySeederService.ts:598:37)
[2026-04-04T08:07:42.296Z]   at async withRetry (D:\Gawean Rebinmas\PORTAL_ESTATE\Plantware_Auto_Report\Daftar_Upah_baru\payroll_daftar_upah\refactor_production\backend\src\services\historySeederService.ts:245:30)
[2026-04-04T08:07:42.297Z] [08:07:42.297] [ERROR] [DB] Query failed (Attempt 1/4) Error: Gateway returned 500: Internal Server Error - {"success":false,"db":"db_ptrj","server":"SERVER_PROFILE_2","execution_ms":15.003800000064075,"data":null,"error":"Database error: Invalid column name 'RegDate'."}
[2026-04-04T08:07:42.297Z]   at query (D:\Gawean Rebinmas\PORTAL_ESTATE\Plantware_Auto_Report\Daftar_Upah_baru\payroll_daftar_upah\refactor_production\backend\src\db\client.ts:156:31)
[2026-04-04T08:07:42.297Z]   at async <anonymous> (D:\Gawean Rebinmas\PORTAL_ESTATE\Plantware_Auto_Report\Daftar_Upah_baru\payroll_daftar_upah\refactor_production\backend\src\services\historySeederService.ts:598:37)
[2026-04-04T08:07:42.297Z]   at async withRetry (D:\Gawean Rebinmas\PORTAL_ESTATE\Plantware_Auto_Report\Daftar_Upah_baru\payroll_daftar_upah\refactor_production\backend\src\services\historySeederService.ts:245:30)
[2026-04-04T08:07:42.839Z] [08:07:42.839] [ERROR] [DB] Gateway Error (500): {"success":false,"db":"db_ptrj","server":"SERVER_PROFILE_2","execution_ms":17.30409999936819,"data":null,"error":"Database error: Invalid column name 'RegDate'."} Error: HTTP 500
[2026-04-04T08:07:42.840Z]   at query (D:\Gawean Rebinmas\PORTAL_ESTATE\Plantware_Auto_Report\Daftar_Upah_baru\payroll_daftar_upah\refactor_production\backend\src\db\client.ts:155:92)
[2026-04-04T08:07:42.840Z]   at async <anonymous> (D:\Gawean Rebinmas\PORTAL_ESTATE\Plantware_Auto_Report\Daftar_Upah_baru\payroll_daftar_upah\refactor_production\backend\src\services\historySeederService.ts:598:37)
[2026-04-04T08:07:42.840Z]   at async withRetry (D:\Gawean Rebinmas\PORTAL_ESTATE\Plantware_Auto_Report\Daftar_Upah_baru\payroll_daftar_upah\refactor_production\backend\src\services\historySeederService.ts:245:30)
[2026-04-04T08:07:42.840Z] [08:07:42.840] [ERROR] [DB] Query failed (Attempt 2/4) Error: Gateway returned 500: Internal Server Error - {"success":false,"db":"db_ptrj","server":"SERVER_PROFILE_2","execution_ms":17.30409999936819,"data":null,"error":"Database error: Invalid column name 'RegDate'."}
[2026-04-04T08:07:42.841Z]   at query (D:\Gawean Rebinmas\PORTAL_ESTATE\Plantware_Auto_Report\Daftar_Upah_baru\payroll_daftar_upah\refactor_production\backend\src\db\client.ts:156:31)
[2026-04-04T08:07:42.841Z]   at async <anonymous> (D:\Gawean Rebinmas\PORTAL_ESTATE\Plantware_Auto_Report\Daftar_Upah_baru\payroll_daftar_upah\refactor_production\backend\src\services\historySeederService.ts:598:37)
[2026-04-04T08:07:42.841Z]   at async withRetry (D:\Gawean Rebinmas\PORTAL_ESTATE\Plantware_Auto_Report\Daftar_Upah_baru\payroll_daftar_upah\refactor_production\backend\src\services\historySeederService.ts:245:30)
[2026-04-04T08:07:43.894Z] [08:07:43.894] [ERROR] [DB] Gateway Error (500): {"success":false,"db":"db_ptrj","server":"SERVER_PROFILE_2","execution_ms":16.613599999807775,"data":null,"error":"Database error: Invalid column name 'RegDate'."} Error: HTTP 500
[2026-04-04T08:07:43.894Z]   at query (D:\Gawean Rebinmas\PORTAL_ESTATE\Plantware_Auto_Report\Daftar_Upah_baru\payroll_daftar_upah\refactor_production\backend\src\db\client.ts:155:92)
[2026-04-04T08:07:43.894Z]   at async <anonymous> (D:\Gawean Rebinmas\PORTAL_ESTATE\Plantware_Auto_Report\Daftar_Upah_baru\payroll_daftar_upah\refactor_production\backend\src\services\historySeederService.ts:598:37)
[2026-04-04T08:07:43.894Z]   at async withRetry (D:\Gawean Rebinmas\PORTAL_ESTATE\Plantware_Auto_Report\Daftar_Upah_baru\payroll_daftar_upah\refactor_production\backend\src\services\historySeederService.ts:245:30)
[2026-04-04T08:07:43.895Z] [08:07:43.895] [ERROR] [DB] Query failed (Attempt 3/4) Error: Gateway returned 500: Internal Server Error - {"success":false,"db":"db_ptrj","server":"SERVER_PROFILE_2","execution_ms":16.613599999807775,"data":null,"error":"Database error: Invalid column name 'RegDate'."}
[2026-04-04T08:07:43.895Z]   at query (D:\Gawean Rebinmas\PORTAL_ESTATE\Plantware_Auto_Report\Daftar_Upah_baru\payroll_daftar_upah\refactor_production\backend\src\db\client.ts:156:31)
[2026-04-04T08:07:43.895Z]   at async <anonymous> (D:\Gawean Rebinmas\PORTAL_ESTATE\Plantware_Auto_Report\Daftar_Upah_baru\payroll_daftar_upah\refactor_production\backend\src\services\historySeederService.ts:598:37)
[2026-04-04T08:07:43.895Z]   at async withRetry (D:\Gawean Rebinmas\PORTAL_ESTATE\Plantware_Auto_Report\Daftar_Upah_baru\payroll_daftar_upah\refactor_production\backend\src\services\historySeederService.ts:245:30)
[2026-04-04T08:07:45.921Z] [08:07:45.921] [ERROR] [DB] Gateway Error (500): {"success":false,"db":"db_ptrj","server":"SERVER_PROFILE_2","execution_ms":13.17839999962598,"data":null,"error":"Database error: Invalid column name 'RegDate'."} Error: HTTP 500
[2026-04-04T08:07:45.922Z]   at query (D:\Gawean Rebinmas\PORTAL_ESTATE\Plantware_Auto_Report\Daftar_Upah_baru\payroll_daftar_upah\refactor_production\backend\src\db\client.ts:155:92)
[2026-04-04T08:07:45.922Z]   at async <anonymous> (D:\Gawean Rebinmas\PORTAL_ESTATE\Plantware_Auto_Report\Daftar_Upah_baru\payroll_daftar_upah\refactor_production\backend\src\services\historySeederService.ts:598:37)
[2026-04-04T08:07:45.922Z]   at async withRetry (D:\Gawean Rebinmas\PORTAL_ESTATE\Plantware_Auto_Report\Daftar_Upah_baru\payroll_daftar_upah\refactor_production\backend\src\services\historySeederService.ts:245:30)
[2026-04-04T08:07:45.922Z] [08:07:45.922] [ERROR] [DB] Query failed (Attempt 4/4) Error: Gateway returned 500: Internal Server Error - {"success":false,"db":"db_ptrj","server":"SERVER_PROFILE_2","execution_ms":13.17839999962598,"data":null,"error":"Database error: Invalid column name 'RegDate'."}
[2026-04-04T08:07:45.922Z]   at query (D:\Gawean Rebinmas\PORTAL_ESTATE\Plantware_Auto_Report\Daftar_Upah_baru\payroll_daftar_upah\refactor_production\backend\src\db\client.ts:156:31)
[2026-04-04T08:07:45.922Z]   at async <anonymous> (D:\Gawean Rebinmas\PORTAL_ESTATE\Plantware_Auto_Report\Daftar_Upah_baru\payroll_daftar_upah\refactor_production\backend\src\services\historySeederService.ts:598:37)
[2026-04-04T08:07:45.923Z]   at async withRetry (D:\Gawean Rebinmas\PORTAL_ESTATE\Plantware_Auto_Report\Daftar_Upah_baru\payroll_daftar_upah\refactor_production\backend\src\services\historySeederService.ts:245:30)
[2026-04-04T08:07:45.961Z] [08:07:45.961] [ERROR] [DB] Gateway Error (500): {"success":false,"db":"db_ptrj","server":"SERVER_PROFILE_2","execution_ms":28.352600000798702,"data":null,"error":"Database error: Invalid column name 'EmpCode'."} Error: HTTP 500
[2026-04-04T08:07:45.962Z]   at query (D:\Gawean Rebinmas\PORTAL_ESTATE\Plantware_Auto_Report\Daftar_Upah_baru\payroll_daftar_upah\refactor_production\backend\src\db\client.ts:155:92)
[2026-04-04T08:07:45.962Z]   at async <anonymous> (D:\Gawean Rebinmas\PORTAL_ESTATE\Plantware_Auto_Report\Daftar_Upah_baru\payroll_daftar_upah\refactor_production\backend\src\services\historySeederService.ts:662:37)
[2026-04-04T08:07:45.962Z]   at async withRetry (D:\Gawean Rebinmas\PORTAL_ESTATE\Plantware_Auto_Report\Daftar_Upah_baru\payroll_daftar_upah\refactor_production\backend\src\services\historySeederService.ts:245:30)
[2026-04-04T08:07:45.963Z] [08:07:45.962] [ERROR] [DB] Query failed (Attempt 1/4) Error: Gateway returned 500: Internal Server Error - {"success":false,"db":"db_ptrj","server":"SERVER_PROFILE_2","execution_ms":28.352600000798702,"data":null,"error":"Database error: Invalid column name 'EmpCode'."}
[2026-04-04T08:07:45.963Z]   at query (D:\Gawean Rebinmas\PORTAL_ESTATE\Plantware_Auto_Report\Daftar_Upah_baru\payroll_daftar_upah\refactor_production\backend\src\db\client.ts:156:31)
[2026-04-04T08:07:45.963Z]   at async <anonymous> (D:\Gawean Rebinmas\PORTAL_ESTATE\Plantware_Auto_Report\Daftar_Upah_baru\payroll_daftar_upah\refactor_production\backend\src\services\historySeederService.ts:662:37)
[2026-04-04T08:07:45.963Z]   at async withRetry (D:\Gawean Rebinmas\PORTAL_ESTATE\Plantware_Auto_Report\Daftar_Upah_baru\payroll_daftar_upah\refactor_production\backend\src\services\historySeederService.ts:245:30)
[2026-04-04T08:07:46.496Z] [08:07:46.496] [ERROR] [DB] Gateway Error (500): {"success":false,"db":"db_ptrj","server":"SERVER_PROFILE_2","execution_ms":18.783499999903142,"data":null,"error":"Database error: Invalid column name 'EmpCode'."} Error: HTTP 500
[2026-04-04T08:07:46.497Z]   at query (D:\Gawean Rebinmas\PORTAL_ESTATE\Plantware_Auto_Report\Daftar_Upah_baru\payroll_daftar_upah\refactor_production\backend\src\db\client.ts:155:92)
[2026-04-04T08:07:46.498Z]   at async <anonymous> (D:\Gawean Rebinmas\PORTAL_ESTATE\Plantware_Auto_Report\Daftar_Upah_baru\payroll_daftar_upah\refactor_production\backend\src\services\historySeederService.ts:662:37)
[2026-04-04T08:07:46.498Z]   at async withRetry (D:\Gawean Rebinmas\PORTAL_ESTATE\Plantware_Auto_Report\Daftar_Upah_baru\payroll_daftar_upah\refactor_production\backend\src\services\historySeederService.ts:245:30)
[2026-04-04T08:07:46.499Z] [08:07:46.498] [ERROR] [DB] Query failed (Attempt 2/4) Error: Gateway returned 500: Internal Server Error - {"success":false,"db":"db_ptrj","server":"SERVER_PROFILE_2","execution_ms":18.783499999903142,"data":null,"error":"Database error: Invalid column name 'EmpCode'."}
[2026-04-04T08:07:46.499Z]   at query (D:\Gawean Rebinmas\PORTAL_ESTATE\Plantware_Auto_Report\Daftar_Upah_baru\payroll_daftar_upah\refactor_production\backend\src\db\client.ts:156:31)
[2026-04-04T08:07:46.499Z]   at async <anonymous> (D:\Gawean Rebinmas\PORTAL_ESTATE\Plantware_Auto_Report\Daftar_Upah_baru\payroll_daftar_upah\refactor_production\backend\src\services\historySeederService.ts:662:37)
[2026-04-04T08:07:46.500Z]   at async withRetry (D:\Gawean Rebinmas\PORTAL_ESTATE\Plantware_Auto_Report\Daftar_Upah_baru\payroll_daftar_upah\refactor_production\backend\src\services\historySeederService.ts:245:30)
[2026-04-04T08:07:47.538Z] [08:07:47.538] [ERROR] [DB] Gateway Error (500): {"success":false,"db":"db_ptrj","server":"SERVER_PROFILE_2","execution_ms":19.723800000734627,"data":null,"error":"Database error: Invalid column name 'EmpCode'."} Error: HTTP 500
[2026-04-04T08:07:47.539Z]   at query (D:\Gawean Rebinmas\PORTAL_ESTATE\Plantware_Auto_Report\Daftar_Upah_baru\payroll_daftar_upah\refactor_production\backend\src\db\client.ts:155:92)
[2026-04-04T08:07:47.539Z]   at async <anonymous> (D:\Gawean Rebinmas\PORTAL_ESTATE\Plantware_Auto_Report\Daftar_Upah_baru\payroll_daftar_upah\refactor_production\backend\src\services\historySeederService.ts:662:37)
[2026-04-04T08:07:47.539Z]   at async withRetry (D:\Gawean Rebinmas\PORTAL_ESTATE\Plantware_Auto_Report\Daftar_Upah_baru\payroll_daftar_upah\refactor_production\backend\src\services\historySeederService.ts:245:30)
[2026-04-04T08:07:47.540Z] [08:07:47.540] [ERROR] [DB] Query failed (Attempt 3/4) Error: Gateway returned 500: Internal Server Error - {"success":false,"db":"db_ptrj","server":"SERVER_PROFILE_2","execution_ms":19.723800000734627,"data":null,"error":"Database error: Invalid column name 'EmpCode'."}
[2026-04-04T08:07:47.540Z]   at query (D:\Gawean Rebinmas\PORTAL_ESTATE\Plantware_Auto_Report\Daftar_Upah_baru\payroll_daftar_upah\refactor_production\backend\src\db\client.ts:156:31)
[2026-04-04T08:07:47.540Z]   at async <anonymous> (D:\Gawean Rebinmas\PORTAL_ESTATE\Plantware_Auto_Report\Daftar_Upah_baru\payroll_daftar_upah\refactor_production\backend\src\services\historySeederService.ts:662:37)
[2026-04-04T08:07:47.541Z]   at async withRetry (D:\Gawean Rebinmas\PORTAL_ESTATE\Plantware_Auto_Report\Daftar_Upah_baru\payroll_daftar_upah\refactor_production\backend\src\services\historySeederService.ts:245:30)
[2026-04-04T08:07:49.588Z] [08:07:49.588] [ERROR] [DB] Gateway Error (500): {"success":false,"db":"db_ptrj","server":"SERVER_PROFILE_2","execution_ms":22.95880000013858,"data":null,"error":"Database error: Invalid column name 'EmpCode'."} Error: HTTP 500
[2026-04-04T08:07:49.589Z]   at query (D:\Gawean Rebinmas\PORTAL_ESTATE\Plantware_Auto_Report\Daftar_Upah_baru\payroll_daftar_upah\refactor_production\backend\src\db\client.ts:155:92)
[2026-04-04T08:07:49.589Z]   at async <anonymous> (D:\Gawean Rebinmas\PORTAL_ESTATE\Plantware_Auto_Report\Daftar_Upah_baru\payroll_daftar_upah\refactor_production\backend\src\services\historySeederService.ts:662:37)
[2026-04-04T08:07:49.590Z]   at async withRetry (D:\Gawean Rebinmas\PORTAL_ESTATE\Plantware_Auto_Report\Daftar_Upah_baru\payroll_daftar_upah\refactor_production\backend\src\services\historySeederService.ts:245:30)
[2026-04-04T08:07:49.590Z] [08:07:49.590] [ERROR] [DB] Query failed (Attempt 4/4) Error: Gateway returned 500: Internal Server Error - {"success":false,"db":"db_ptrj","server":"SERVER_PROFILE_2","execution_ms":22.95880000013858,"data":null,"error":"Database error: Invalid column name 'EmpCode'."}
[2026-04-04T08:07:49.590Z]   at query (D:\Gawean Rebinmas\PORTAL_ESTATE\Plantware_Auto_Report\Daftar_Upah_baru\payroll_daftar_upah\refactor_production\backend\src\db\client.ts:156:31)
[2026-04-04T08:07:49.591Z]   at async <anonymous> (D:\Gawean Rebinmas\PORTAL_ESTATE\Plantware_Auto_Report\Daftar_Upah_baru\payroll_daftar_upah\refactor_production\backend\src\services\historySeederService.ts:662:37)
[2026-04-04T08:07:49.591Z]   at async withRetry (D:\Gawean Rebinmas\PORTAL_ESTATE\Plantware_Auto_Report\Daftar_Upah_baru\payroll_daftar_upah\refactor_production\backend\src\services\historySeederService.ts:245:30)
[2026-04-04T08:07:51.626Z] [08:07:51.626] [ERROR] [DB] Gateway Error (500): {"success":false,"db":"db_ptrj","server":"SERVER_PROFILE_2","execution_ms":16.593800000846386,"data":null,"error":"Database error: Invalid column name 'EmpCode'."} Error: HTTP 500
[2026-04-04T08:07:51.627Z]   at query (D:\Gawean Rebinmas\PORTAL_ESTATE\Plantware_Auto_Report\Daftar_Upah_baru\payroll_daftar_upah\refactor_production\backend\src\db\client.ts:155:92)
[2026-04-04T08:07:51.627Z]   at async <anonymous> (D:\Gawean Rebinmas\PORTAL_ESTATE\Plantware_Auto_Report\Daftar_Upah_baru\payroll_daftar_upah\refactor_production\backend\src\services\historySeederService.ts:662:37)
[2026-04-04T08:07:51.627Z]   at async withRetry (D:\Gawean Rebinmas\PORTAL_ESTATE\Plantware_Auto_Report\Daftar_Upah_baru\payroll_daftar_upah\refactor_production\backend\src\services\historySeederService.ts:245:30)
[2026-04-04T08:07:51.628Z] [08:07:51.628] [ERROR] [DB] Query failed (Attempt 1/4) Error: Gateway returned 500: Internal Server Error - {"success":false,"db":"db_ptrj","server":"SERVER_PROFILE_2","execution_ms":16.593800000846386,"data":null,"error":"Database error: Invalid column name 'EmpCode'."}
[2026-04-04T08:07:51.628Z]   at query (D:\Gawean Rebinmas\PORTAL_ESTATE\Plantware_Auto_Report\Daftar_Upah_baru\payroll_daftar_upah\refactor_production\backend\src\db\client.ts:156:31)
[2026-04-04T08:07:51.628Z]   at async <anonymous> (D:\Gawean Rebinmas\PORTAL_ESTATE\Plantware_Auto_Report\Daftar_Upah_baru\payroll_daftar_upah\refactor_production\backend\src\services\historySeederService.ts:662:37)
[2026-04-04T08:07:51.628Z]   at async withRetry (D:\Gawean Rebinmas\PORTAL_ESTATE\Plantware_Auto_Report\Daftar_Upah_baru\payroll_daftar_upah\refactor_production\backend\src\services\historySeederService.ts:245:30)
[2026-04-04T08:07:52.175Z] [08:07:52.175] [ERROR] [DB] Gateway Error (500): {"success":false,"db":"db_ptrj","server":"SERVER_PROFILE_2","execution_ms":19.231999999843538,"data":null,"error":"Database error: Invalid column name 'EmpCode'."} Error: HTTP 500
[2026-04-04T08:07:52.176Z]   at query (D:\Gawean Rebinmas\PORTAL_ESTATE\Plantware_Auto_Report\Daftar_Upah_baru\payroll_daftar_upah\refactor_production\backend\src\db\client.ts:155:92)
[2026-04-04T08:07:52.176Z]   at async <anonymous> (D:\Gawean Rebinmas\PORTAL_ESTATE\Plantware_Auto_Report\Daftar_Upah_baru\payroll_daftar_upah\refactor_production\backend\src\services\historySeederService.ts:662:37)
[2026-04-04T08:07:52.176Z]   at async withRetry (D:\Gawean Rebinmas\PORTAL_ESTATE\Plantware_Auto_Report\Daftar_Upah_baru\payroll_daftar_upah\refactor_production\backend\src\services\historySeederService.ts:245:30)
[2026-04-04T08:07:52.176Z] [08:07:52.176] [ERROR] [DB] Query failed (Attempt 2/4) Error: Gateway returned 500: Internal Server Error - {"success":false,"db":"db_ptrj","server":"SERVER_PROFILE_2","execution_ms":19.231999999843538,"data":null,"error":"Database error: Invalid column name 'EmpCode'."}
[2026-04-04T08:07:52.177Z]   at query (D:\Gawean Rebinmas\PORTAL_ESTATE\Plantware_Auto_Report\Daftar_Upah_baru\payroll_daftar_upah\refactor_production\backend\src\db\client.ts:156:31)
[2026-04-04T08:07:52.177Z]   at async <anonymous> (D:\Gawean Rebinmas\PORTAL_ESTATE\Plantware_Auto_Report\Daftar_Upah_baru\payroll_daftar_upah\refactor_production\backend\src\services\historySeederService.ts:662:37)
[2026-04-04T08:07:52.177Z]   at async withRetry (D:\Gawean Rebinmas\PORTAL_ESTATE\Plantware_Auto_Report\Daftar_Upah_baru\payroll_daftar_upah\refactor_production\backend\src\services\historySeederService.ts:245:30)
[2026-04-04T08:07:53.218Z] [08:07:53.218] [ERROR] [DB] Gateway Error (500): {"success":false,"db":"db_ptrj","server":"SERVER_PROFILE_2","execution_ms":14.0871000001207,"data":null,"error":"Database error: Invalid column name 'EmpCode'."} Error: HTTP 500
[2026-04-04T08:07:53.219Z]   at query (D:\Gawean Rebinmas\PORTAL_ESTATE\Plantware_Auto_Report\Daftar_Upah_baru\payroll_daftar_upah\refactor_production\backend\src\db\client.ts:155:92)
[2026-04-04T08:07:53.219Z]   at async <anonymous> (D:\Gawean Rebinmas\PORTAL_ESTATE\Plantware_Auto_Report\Daftar_Upah_baru\payroll_daftar_upah\refactor_production\backend\src\services\historySeederService.ts:662:37)
[2026-04-04T08:07:53.220Z]   at async withRetry (D:\Gawean Rebinmas\PORTAL_ESTATE\Plantware_Auto_Report\Daftar_Upah_baru\payroll_daftar_upah\refactor_production\backend\src\services\historySeederService.ts:245:30)
[2026-04-04T08:07:53.220Z] [08:07:53.220] [ERROR] [DB] Query failed (Attempt 3/4) Error: Gateway returned 500: Internal Server Error - {"success":false,"db":"db_ptrj","server":"SERVER_PROFILE_2","execution_ms":14.0871000001207,"data":null,"error":"Database error: Invalid column name 'EmpCode'."}
[2026-04-04T08:07:53.220Z]   at query (D:\Gawean Rebinmas\PORTAL_ESTATE\Plantware_Auto_Report\Daftar_Upah_baru\payroll_daftar_upah\refactor_production\backend\src\db\client.ts:156:31)
[2026-04-04T08:07:53.220Z]   at async <anonymous> (D:\Gawean Rebinmas\PORTAL_ESTATE\Plantware_Auto_Report\Daftar_Upah_baru\payroll_daftar_upah\refactor_production\backend\src\services\historySeederService.ts:662:37)
[2026-04-04T08:07:53.221Z]   at async withRetry (D:\Gawean Rebinmas\PORTAL_ESTATE\Plantware_Auto_Report\Daftar_Upah_baru\payroll_daftar_upah\refactor_production\backend\src\services\historySeederService.ts:245:30)
[2026-04-04T08:07:55.260Z] [08:07:55.259] [ERROR] [DB] Gateway Error (500): {"success":false,"db":"db_ptrj","server":"SERVER_PROFILE_2","execution_ms":21.471299999393523,"data":null,"error":"Database error: Invalid column name 'EmpCode'."} Error: HTTP 500
[2026-04-04T08:07:55.260Z]   at query (D:\Gawean Rebinmas\PORTAL_ESTATE\Plantware_Auto_Report\Daftar_Upah_baru\payroll_daftar_upah\refactor_production\backend\src\db\client.ts:155:92)
[2026-04-04T08:07:55.260Z]   at async <anonymous> (D:\Gawean Rebinmas\PORTAL_ESTATE\Plantware_Auto_Report\Daftar_Upah_baru\payroll_daftar_upah\refactor_production\backend\src\services\historySeederService.ts:662:37)
[2026-04-04T08:07:55.261Z]   at async withRetry (D:\Gawean Rebinmas\PORTAL_ESTATE\Plantware_Auto_Report\Daftar_Upah_baru\payroll_daftar_upah\refactor_production\backend\src\services\historySeederService.ts:245:30)
[2026-04-04T08:07:55.261Z] [08:07:55.261] [ERROR] [DB] Query failed (Attempt 4/4) Error: Gateway returned 500: Internal Server Error - {"success":false,"db":"db_ptrj","server":"SERVER_PROFILE_2","execution_ms":21.471299999393523,"data":null,"error":"Database error: Invalid column name 'EmpCode'."}
[2026-04-04T08:07:55.261Z]   at query (D:\Gawean Rebinmas\PORTAL_ESTATE\Plantware_Auto_Report\Daftar_Upah_baru\payroll_daftar_upah\refactor_production\backend\src\db\client.ts:156:31)
[2026-04-04T08:07:55.262Z]   at async <anonymous> (D:\Gawean Rebinmas\PORTAL_ESTATE\Plantware_Auto_Report\Daftar_Upah_baru\payroll_daftar_upah\refactor_production\backend\src\services\historySeederService.ts:662:37)
[2026-04-04T08:07:55.262Z]   at async withRetry (D:\Gawean Rebinmas\PORTAL_ESTATE\Plantware_Auto_Report\Daftar_Upah_baru\payroll_daftar_upah\refactor_production\backend\src\services\historySeederService.ts:245:30)
[2026-04-04T08:07:59.300Z] [08:07:59.300] [ERROR] [DB] Gateway Error (500): {"success":false,"db":"db_ptrj","server":"SERVER_PROFILE_2","execution_ms":15.447999999858439,"data":null,"error":"Database error: Invalid column name 'EmpCode'."} Error: HTTP 500
[2026-04-04T08:07:59.300Z]   at query (D:\Gawean Rebinmas\PORTAL_ESTATE\Plantware_Auto_Report\Daftar_Upah_baru\payroll_daftar_upah\refactor_production\backend\src\db\client.ts:155:92)
[2026-04-04T08:07:59.300Z]   at async <anonymous> (D:\Gawean Rebinmas\PORTAL_ESTATE\Plantware_Auto_Report\Daftar_Upah_baru\payroll_daftar_upah\refactor_production\backend\src\services\historySeederService.ts:662:37)
[2026-04-04T08:07:59.300Z]   at async withRetry (D:\Gawean Rebinmas\PORTAL_ESTATE\Plantware_Auto_Report\Daftar_Upah_baru\payroll_daftar_upah\refactor_production\backend\src\services\historySeederService.ts:245:30)
[2026-04-04T08:07:59.300Z] [08:07:59.300] [ERROR] [DB] Query failed (Attempt 1/4) Error: Gateway returned 500: Internal Server Error - {"success":false,"db":"db_ptrj","server":"SERVER_PROFILE_2","execution_ms":15.447999999858439,"data":null,"error":"Database error: Invalid column name 'EmpCode'."}
[2026-04-04T08:07:59.301Z]   at query (D:\Gawean Rebinmas\PORTAL_ESTATE\Plantware_Auto_Report\Daftar_Upah_baru\payroll_daftar_upah\refactor_production\backend\src\db\client.ts:156:31)
[2026-04-04T08:07:59.301Z]   at async <anonymous> (D:\Gawean Rebinmas\PORTAL_ESTATE\Plantware_Auto_Report\Daftar_Upah_baru\payroll_daftar_upah\refactor_production\backend\src\services\historySeederService.ts:662:37)
[2026-04-04T08:07:59.301Z]   at async withRetry (D:\Gawean Rebinmas\PORTAL_ESTATE\Plantware_Auto_Report\Daftar_Upah_baru\payroll_daftar_upah\refactor_production\backend\src\services\historySeederService.ts:245:30)
[2026-04-04T08:07:59.827Z] [08:07:59.827] [ERROR] [DB] Gateway Error (500): {"success":false,"db":"db_ptrj","server":"SERVER_PROFILE_2","execution_ms":20.42009999975562,"data":null,"error":"Database error: Invalid column name 'EmpCode'."} Error: HTTP 500
[2026-04-04T08:07:59.827Z]   at query (D:\Gawean Rebinmas\PORTAL_ESTATE\Plantware_Auto_Report\Daftar_Upah_baru\payroll_daftar_upah\refactor_production\backend\src\db\client.ts:155:92)
[2026-04-04T08:07:59.828Z]   at async <anonymous> (D:\Gawean Rebinmas\PORTAL_ESTATE\Plantware_Auto_Report\Daftar_Upah_baru\payroll_daftar_upah\refactor_production\backend\src\services\historySeederService.ts:662:37)
[2026-04-04T08:07:59.828Z]   at async withRetry (D:\Gawean Rebinmas\PORTAL_ESTATE\Plantware_Auto_Report\Daftar_Upah_baru\payroll_daftar_upah\refactor_production\backend\src\services\historySeederService.ts:245:30)
[2026-04-04T08:07:59.828Z] [08:07:59.828] [ERROR] [DB] Query failed (Attempt 2/4) Error: Gateway returned 500: Internal Server Error - {"success":false,"db":"db_ptrj","server":"SERVER_PROFILE_2","execution_ms":20.42009999975562,"data":null,"error":"Database error: Invalid column name 'EmpCode'."}
[2026-04-04T08:07:59.829Z]   at query (D:\Gawean Rebinmas\PORTAL_ESTATE\Plantware_Auto_Report\Daftar_Upah_baru\payroll_daftar_upah\refactor_production\backend\src\db\client.ts:156:31)
[2026-04-04T08:07:59.829Z]   at async <anonymous> (D:\Gawean Rebinmas\PORTAL_ESTATE\Plantware_Auto_Report\Daftar_Upah_baru\payroll_daftar_upah\refactor_production\backend\src\services\historySeederService.ts:662:37)
[2026-04-04T08:07:59.829Z]   at async withRetry (D:\Gawean Rebinmas\PORTAL_ESTATE\Plantware_Auto_Report\Daftar_Upah_baru\payroll_daftar_upah\refactor_production\backend\src\services\historySeederService.ts:245:30)
[2026-04-04T08:08:00.884Z] [08:08:00.884] [ERROR] [DB] Gateway Error (500): {"success":false,"db":"db_ptrj","server":"SERVER_PROFILE_2","execution_ms":14.581999999471009,"data":null,"error":"Database error: Invalid column name 'EmpCode'."} Error: HTTP 500
[2026-04-04T08:08:00.885Z]   at query (D:\Gawean Rebinmas\PORTAL_ESTATE\Plantware_Auto_Report\Daftar_Upah_baru\payroll_daftar_upah\refactor_production\backend\src\db\client.ts:155:92)
[2026-04-04T08:08:00.885Z]   at async <anonymous> (D:\Gawean Rebinmas\PORTAL_ESTATE\Plantware_Auto_Report\Daftar_Upah_baru\payroll_daftar_upah\refactor_production\backend\src\services\historySeederService.ts:662:37)
[2026-04-04T08:08:00.885Z]   at async withRetry (D:\Gawean Rebinmas\PORTAL_ESTATE\Plantware_Auto_Report\Daftar_Upah_baru\payroll_daftar_upah\refactor_production\backend\src\services\historySeederService.ts:245:30)
[2026-04-04T08:08:00.886Z] [08:08:00.886] [ERROR] [DB] Query failed (Attempt 3/4) Error: Gateway returned 500: Internal Server Error - {"success":false,"db":"db_ptrj","server":"SERVER_PROFILE_2","execution_ms":14.581999999471009,"data":null,"error":"Database error: Invalid column name 'EmpCode'."}
[2026-04-04T08:08:00.886Z]   at query (D:\Gawean Rebinmas\PORTAL_ESTATE\Plantware_Auto_Report\Daftar_Upah_baru\payroll_daftar_upah\refactor_production\backend\src\db\client.ts:156:31)
[2026-04-04T08:08:00.886Z]   at async <anonymous> (D:\Gawean Rebinmas\PORTAL_ESTATE\Plantware_Auto_Report\Daftar_Upah_baru\payroll_daftar_upah\refactor_production\backend\src\services\historySeederService.ts:662:37)
[2026-04-04T08:08:00.886Z]   at async withRetry (D:\Gawean Rebinmas\PORTAL_ESTATE\Plantware_Auto_Report\Daftar_Upah_baru\payroll_daftar_upah\refactor_production\backend\src\services\historySeederService.ts:245:30)
[2026-04-04T08:08:02.935Z] [08:08:02.935] [ERROR] [DB] Gateway Error (500): {"success":false,"db":"db_ptrj","server":"SERVER_PROFILE_2","execution_ms":23.10340000037104,"data":null,"error":"Database error: Invalid column name 'EmpCode'."} Error: HTTP 500
[2026-04-04T08:08:02.935Z]   at query (D:\Gawean Rebinmas\PORTAL_ESTATE\Plantware_Auto_Report\Daftar_Upah_baru\payroll_daftar_upah\refactor_production\backend\src\db\client.ts:155:92)
[2026-04-04T08:08:02.936Z]   at async <anonymous> (D:\Gawean Rebinmas\PORTAL_ESTATE\Plantware_Auto_Report\Daftar_Upah_baru\payroll_daftar_upah\refactor_production\backend\src\services\historySeederService.ts:662:37)
[2026-04-04T08:08:02.936Z]   at async withRetry (D:\Gawean Rebinmas\PORTAL_ESTATE\Plantware_Auto_Report\Daftar_Upah_baru\payroll_daftar_upah\refactor_production\backend\src\services\historySeederService.ts:245:30)
[2026-04-04T08:08:02.936Z] [08:08:02.936] [ERROR] [DB] Query failed (Attempt 4/4) Error: Gateway returned 500: Internal Server Error - {"success":false,"db":"db_ptrj","server":"SERVER_PROFILE_2","execution_ms":23.10340000037104,"data":null,"error":"Database error: Invalid column name 'EmpCode'."}
[2026-04-04T08:08:02.937Z]   at query (D:\Gawean Rebinmas\PORTAL_ESTATE\Plantware_Auto_Report\Daftar_Upah_baru\payroll_daftar_upah\refactor_production\backend\src\db\client.ts:156:31)
[2026-04-04T08:08:02.937Z]   at async <anonymous> (D:\Gawean Rebinmas\PORTAL_ESTATE\Plantware_Auto_Report\Daftar_Upah_baru\payroll_daftar_upah\refactor_production\backend\src\services\historySeederService.ts:662:37)
[2026-04-04T08:08:02.937Z]   at async withRetry (D:\Gawean Rebinmas\PORTAL_ESTATE\Plantware_Auto_Report\Daftar_Upah_baru\payroll_daftar_upah\refactor_production\backend\src\services\historySeederService.ts:245:30)
