2025-11-17 23:23:38,884 - INFO - context_portal_mcp.main - File logging configured to: D:\Gawean Rebinmas\Monitoring Database\Plantware_Auto_Report\Daftar_Upah_Reporting\refactor_production\context_portal\./logs/conport.log
2025-11-17 23:23:38,884 - INFO - context_portal_mcp.core.config - Database filename set to: context.db
2025-11-17 23:23:38,884 - INFO - context_portal_mcp.main - Using database filename: context.db
2025-11-17 23:23:38,884 - INFO - context_portal_mcp.main - Parsed CLI args: Namespace(host='127.0.0.1', port=8000, workspace_id='D:\\Gawean Rebinmas\\Monitoring Database\\Plantware_Auto_Report\\Daftar_Upah_Reporting\\refactor_production', auto_detect_workspace=True, workspace_search_start=None, no_auto_detect=False, mode='stdio', log_file='./logs/conport.log', db_path=None, base_path=None, db_filename='context.db', log_level='INFO')
2025-11-17 23:23:38,884 - INFO - context_portal_mcp.main - Starting ConPort in STDIO mode with workspace detection enabled
2025-11-17 23:23:38,884 - WARNING - context_portal_mcp.core.workspace_detector - No workspace indicators found, using start path: C:\Users\nbgmf
2025-11-17 23:23:38,884 - INFO - context_portal_mcp.main - Workspace detection details: {'start_path': 'C:\\Users\\nbgmf', 'detected_workspace': 'C:\\Users\\nbgmf', 'context_portal_path': 'C:\\Users\\nbgmf\\context_portal', 'detection_method': 'fallback', 'indicators_found': [], 'environment_variables': {'VSCODE_WORKSPACE_FOLDER': None, 'CONPORT_WORKSPACE': None, 'PWD': None, 'CWD': 'C:\\Users\\nbgmf'}}
2025-11-17 23:23:38,884 - INFO - context_portal_mcp.main - Effective workspace ID: D:\Gawean Rebinmas\Monitoring Database\Plantware_Auto_Report\Daftar_Upah_Reporting\refactor_production
2025-11-17 23:23:38,884 - INFO - context_portal_mcp.main - Pre-warming database connection for workspace: D:\Gawean Rebinmas\Monitoring Database\Plantware_Auto_Report\Daftar_Upah_Reporting\refactor_production
2025-11-17 23:23:38,891 - INFO - context_portal_mcp.db.database - Alembic.ini not found. Creating at D:\Gawean Rebinmas\Monitoring Database\Plantware_Auto_Report\Daftar_Upah_Reporting\refactor_production\context_portal\alembic.ini
2025-11-17 23:23:38,892 - INFO - context_portal_mcp.db.database - Alembic env.py not found. Creating at D:\Gawean Rebinmas\Monitoring Database\Plantware_Auto_Report\Daftar_Upah_Reporting\refactor_production\context_portal\alembic\env.py
2025-11-17 23:23:38,892 - INFO - context_portal_mcp.db.database - Initial schema not found. Creating at D:\Gawean Rebinmas\Monitoring Database\Plantware_Auto_Report\Daftar_Upah_Reporting\refactor_production\context_portal\alembic\versions\2025_06_17_initial_schema.py
2025-11-17 23:23:38,896 - INFO - context_portal_mcp.db.database - Alembic: Script directory D:\Gawean Rebinmas\Monitoring Database\Plantware_Auto_Report\Daftar_Upah_Reporting\refactor_production\context_portal\alembic confirmed to exist by Python.
2025-11-17 23:23:38,896 - INFO - context_portal_mcp.db.database - Running Alembic migrations for database: D:\Gawean Rebinmas\Monitoring Database\Plantware_Auto_Report\Daftar_Upah_Reporting\refactor_production\context_portal\context.db
2025-11-18 12:13:54,753 - INFO - context_portal_mcp.main - File logging configured to: D:\Gawean Rebinmas\Monitoring Database\Plantware_Auto_Report\Daftar_Upah_Reporting\refactor_production\context_portal\./logs/conport.log
2025-11-18 12:13:54,753 - INFO - context_portal_mcp.core.config - Database filename set to: context.db
2025-11-18 12:13:54,754 - INFO - context_portal_mcp.main - Using database filename: context.db
2025-11-18 12:13:54,754 - INFO - context_portal_mcp.main - Parsed CLI args: Namespace(host='127.0.0.1', port=8000, workspace_id='D:\\Gawean Rebinmas\\Monitoring Database\\Plantware_Auto_Report\\Daftar_Upah_Reporting\\refactor_production', auto_detect_workspace=True, workspace_search_start=None, no_auto_detect=False, mode='stdio', log_file='./logs/conport.log', db_path=None, base_path=None, db_filename='context.db', log_level='INFO')
2025-11-18 12:13:54,754 - INFO - context_portal_mcp.main - Starting ConPort in STDIO mode with workspace detection enabled
2025-11-18 12:13:54,754 - WARNING - context_portal_mcp.core.workspace_detector - No workspace indicators found, using start path: C:\Users\nbgmf
2025-11-18 12:13:54,754 - INFO - context_portal_mcp.main - Workspace detection details: {'start_path': 'C:\\Users\\nbgmf', 'detected_workspace': 'C:\\Users\\nbgmf', 'context_portal_path': 'C:\\Users\\nbgmf\\context_portal', 'detection_method': 'fallback', 'indicators_found': [], 'environment_variables': {'VSCODE_WORKSPACE_FOLDER': None, 'CONPORT_WORKSPACE': None, 'PWD': None, 'CWD': 'C:\\Users\\nbgmf'}}
2025-11-18 12:13:54,754 - INFO - context_portal_mcp.main - Effective workspace ID: D:\Gawean Rebinmas\Monitoring Database\Plantware_Auto_Report\Daftar_Upah_Reporting\refactor_production
2025-11-18 12:13:54,756 - INFO - context_portal_mcp.main - Pre-warming database connection for workspace: D:\Gawean Rebinmas\Monitoring Database\Plantware_Auto_Report\Daftar_Upah_Reporting\refactor_production
2025-11-18 12:13:54,757 - INFO - context_portal_mcp.db.database - Alembic: Script directory D:\Gawean Rebinmas\Monitoring Database\Plantware_Auto_Report\Daftar_Upah_Reporting\refactor_production\context_portal\alembic confirmed to exist by Python.
2025-11-18 12:13:54,757 - INFO - context_portal_mcp.db.database - Running Alembic migrations for database: D:\Gawean Rebinmas\Monitoring Database\Plantware_Auto_Report\Daftar_Upah_Reporting\refactor_production\context_portal\context.db
2025-11-19 10:13:06,523 - INFO - context_portal_mcp.main - File logging configured to: D:\Gawean Rebinmas\Monitoring Database\Plantware_Auto_Report\Daftar_Upah_Reporting\refactor_production\context_portal\./logs/conport.log
2025-11-19 10:13:06,532 - INFO - context_portal_mcp.core.config - Database filename set to: context.db
2025-11-19 10:13:06,532 - INFO - context_portal_mcp.main - Using database filename: context.db
2025-11-19 10:13:06,532 - INFO - context_portal_mcp.main - Parsed CLI args: Namespace(host='127.0.0.1', port=8000, workspace_id='D:\\Gawean Rebinmas\\Monitoring Database\\Plantware_Auto_Report\\Daftar_Upah_Reporting\\refactor_production', auto_detect_workspace=True, workspace_search_start=None, no_auto_detect=False, mode='stdio', log_file='./logs/conport.log', db_path=None, base_path=None, db_filename='context.db', log_level='INFO')
2025-11-19 10:13:06,532 - INFO - context_portal_mcp.main - Starting ConPort in STDIO mode with workspace detection enabled
2025-11-19 10:13:06,542 - WARNING - context_portal_mcp.core.workspace_detector - No workspace indicators found, using start path: C:\Users\nbgmf
2025-11-19 10:13:06,545 - INFO - context_portal_mcp.main - Workspace detection details: {'start_path': 'C:\\Users\\nbgmf', 'detected_workspace': 'C:\\Users\\nbgmf', 'context_portal_path': 'C:\\Users\\nbgmf\\context_portal', 'detection_method': 'fallback', 'indicators_found': [], 'environment_variables': {'VSCODE_WORKSPACE_FOLDER': None, 'CONPORT_WORKSPACE': None, 'PWD': None, 'CWD': 'C:\\Users\\nbgmf'}}
2025-11-19 10:13:06,545 - INFO - context_portal_mcp.main - Effective workspace ID: D:\Gawean Rebinmas\Monitoring Database\Plantware_Auto_Report\Daftar_Upah_Reporting\refactor_production
2025-11-19 10:13:06,545 - INFO - context_portal_mcp.main - Pre-warming database connection for workspace: D:\Gawean Rebinmas\Monitoring Database\Plantware_Auto_Report\Daftar_Upah_Reporting\refactor_production
2025-11-19 10:13:06,545 - INFO - context_portal_mcp.db.database - Alembic: Script directory D:\Gawean Rebinmas\Monitoring Database\Plantware_Auto_Report\Daftar_Upah_Reporting\refactor_production\context_portal\alembic confirmed to exist by Python.
2025-11-19 10:13:06,545 - INFO - context_portal_mcp.db.database - Running Alembic migrations for database: D:\Gawean Rebinmas\Monitoring Database\Plantware_Auto_Report\Daftar_Upah_Reporting\refactor_production\context_portal\context.db
2025-11-20 15:20:03,471 - INFO - context_portal_mcp.main - File logging configured to: D:\Gawean Rebinmas\Monitoring Database\Plantware_Auto_Report\Daftar_Upah_Reporting\refactor_production\context_portal\./logs/conport.log
2025-11-20 15:20:03,486 - INFO - context_portal_mcp.core.config - Database filename set to: context.db
2025-11-20 15:20:03,486 - INFO - context_portal_mcp.main - Using database filename: context.db
2025-11-20 15:20:03,491 - INFO - context_portal_mcp.main - Parsed CLI args: Namespace(host='127.0.0.1', port=8000, workspace_id='D:\\Gawean Rebinmas\\Monitoring Database\\Plantware_Auto_Report\\Daftar_Upah_Reporting\\refactor_production', auto_detect_workspace=True, workspace_search_start=None, no_auto_detect=False, mode='stdio', log_file='./logs/conport.log', db_path=None, base_path=None, db_filename='context.db', log_level='INFO')
2025-11-20 15:20:03,491 - INFO - context_portal_mcp.main - Starting ConPort in STDIO mode with workspace detection enabled
2025-11-20 15:20:03,491 - WARNING - context_portal_mcp.core.workspace_detector - No workspace indicators found, using start path: C:\Users\nbgmf
2025-11-20 15:20:03,491 - INFO - context_portal_mcp.main - Workspace detection details: {'start_path': 'C:\\Users\\nbgmf', 'detected_workspace': 'C:\\Users\\nbgmf', 'context_portal_path': 'C:\\Users\\nbgmf\\context_portal', 'detection_method': 'fallback', 'indicators_found': [], 'environment_variables': {'VSCODE_WORKSPACE_FOLDER': None, 'CONPORT_WORKSPACE': None, 'PWD': None, 'CWD': 'C:\\Users\\nbgmf'}}
2025-11-20 15:20:03,491 - INFO - context_portal_mcp.main - Effective workspace ID: D:\Gawean Rebinmas\Monitoring Database\Plantware_Auto_Report\Daftar_Upah_Reporting\refactor_production
2025-11-20 15:20:03,491 - INFO - context_portal_mcp.main - Pre-warming database connection for workspace: D:\Gawean Rebinmas\Monitoring Database\Plantware_Auto_Report\Daftar_Upah_Reporting\refactor_production
2025-11-20 15:20:03,501 - INFO - context_portal_mcp.db.database - Alembic: Script directory D:\Gawean Rebinmas\Monitoring Database\Plantware_Auto_Report\Daftar_Upah_Reporting\refactor_production\context_portal\alembic confirmed to exist by Python.
2025-11-20 15:20:03,501 - INFO - context_portal_mcp.db.database - Running Alembic migrations for database: D:\Gawean Rebinmas\Monitoring Database\Plantware_Auto_Report\Daftar_Upah_Reporting\refactor_production\context_portal\context.db
2025-11-24 09:29:08,478 - INFO - context_portal_mcp.main - File logging configured to: D:\Gawean Rebinmas\Monitoring Database\Plantware_Auto_Report\Daftar_Upah_Reporting\refactor_production\context_portal\./logs/conport.log
2025-11-24 09:29:08,479 - INFO - context_portal_mcp.core.config - Database filename set to: context.db
2025-11-24 09:29:08,479 - INFO - context_portal_mcp.main - Using database filename: context.db
2025-11-24 09:29:08,479 - INFO - context_portal_mcp.main - Parsed CLI args: Namespace(host='127.0.0.1', port=8000, workspace_id='D:\\Gawean Rebinmas\\Monitoring Database\\Plantware_Auto_Report\\Daftar_Upah_Reporting\\refactor_production', auto_detect_workspace=True, workspace_search_start=None, no_auto_detect=False, mode='stdio', log_file='./logs/conport.log', db_path=None, base_path=None, db_filename='context.db', log_level='INFO')
2025-11-24 09:29:08,479 - INFO - context_portal_mcp.main - Starting ConPort in STDIO mode with workspace detection enabled
2025-11-24 09:29:08,480 - WARNING - context_portal_mcp.core.workspace_detector - No workspace indicators found, using start path: C:\Users\nbgmf
2025-11-24 09:29:08,480 - INFO - context_portal_mcp.main - Workspace detection details: {'start_path': 'C:\\Users\\nbgmf', 'detected_workspace': 'C:\\Users\\nbgmf', 'context_portal_path': 'C:\\Users\\nbgmf\\context_portal', 'detection_method': 'fallback', 'indicators_found': [], 'environment_variables': {'VSCODE_WORKSPACE_FOLDER': None, 'CONPORT_WORKSPACE': None, 'PWD': None, 'CWD': 'C:\\Users\\nbgmf'}}
2025-11-24 09:29:08,482 - INFO - context_portal_mcp.main - Effective workspace ID: D:\Gawean Rebinmas\Monitoring Database\Plantware_Auto_Report\Daftar_Upah_Reporting\refactor_production
2025-11-24 09:29:08,482 - INFO - context_portal_mcp.main - Pre-warming database connection for workspace: D:\Gawean Rebinmas\Monitoring Database\Plantware_Auto_Report\Daftar_Upah_Reporting\refactor_production
2025-11-24 09:29:08,487 - INFO - context_portal_mcp.db.database - Alembic: Script directory D:\Gawean Rebinmas\Monitoring Database\Plantware_Auto_Report\Daftar_Upah_Reporting\refactor_production\context_portal\alembic confirmed to exist by Python.
2025-11-24 09:29:08,487 - INFO - context_portal_mcp.db.database - Running Alembic migrations for database: D:\Gawean Rebinmas\Monitoring Database\Plantware_Auto_Report\Daftar_Upah_Reporting\refactor_production\context_portal\context.db
2025-11-24 09:33:59,570 - INFO - context_portal_mcp.main - File logging configured to: D:\Gawean Rebinmas\Monitoring Database\Plantware_Auto_Report\Daftar_Upah_Reporting\refactor_production\context_portal\./logs/conport.log
2025-11-24 09:33:59,571 - INFO - context_portal_mcp.core.config - Database filename set to: context.db
2025-11-24 09:33:59,571 - INFO - context_portal_mcp.main - Using database filename: context.db
2025-11-24 09:33:59,571 - INFO - context_portal_mcp.main - Parsed CLI args: Namespace(host='127.0.0.1', port=8000, workspace_id='D:\\Gawean Rebinmas\\Monitoring Database\\Plantware_Auto_Report\\Daftar_Upah_Reporting\\refactor_production', auto_detect_workspace=True, workspace_search_start=None, no_auto_detect=False, mode='stdio', log_file='./logs/conport.log', db_path=None, base_path=None, db_filename='context.db', log_level='INFO')
2025-11-24 09:33:59,571 - INFO - context_portal_mcp.main - Starting ConPort in STDIO mode with workspace detection enabled
2025-11-24 09:33:59,572 - WARNING - context_portal_mcp.core.workspace_detector - No workspace indicators found, using start path: C:\Users\nbgmf
2025-11-24 09:33:59,573 - INFO - context_portal_mcp.main - Workspace detection details: {'start_path': 'C:\\Users\\nbgmf', 'detected_workspace': 'C:\\Users\\nbgmf', 'context_portal_path': 'C:\\Users\\nbgmf\\context_portal', 'detection_method': 'fallback', 'indicators_found': [], 'environment_variables': {'VSCODE_WORKSPACE_FOLDER': None, 'CONPORT_WORKSPACE': None, 'PWD': None, 'CWD': 'C:\\Users\\nbgmf'}}
2025-11-24 09:33:59,574 - INFO - context_portal_mcp.main - Effective workspace ID: D:\Gawean Rebinmas\Monitoring Database\Plantware_Auto_Report\Daftar_Upah_Reporting\refactor_production
2025-11-24 09:33:59,574 - INFO - context_portal_mcp.main - Pre-warming database connection for workspace: D:\Gawean Rebinmas\Monitoring Database\Plantware_Auto_Report\Daftar_Upah_Reporting\refactor_production
2025-11-24 09:33:59,575 - INFO - context_portal_mcp.db.database - Alembic: Script directory D:\Gawean Rebinmas\Monitoring Database\Plantware_Auto_Report\Daftar_Upah_Reporting\refactor_production\context_portal\alembic confirmed to exist by Python.
2025-11-24 09:33:59,575 - INFO - context_portal_mcp.db.database - Running Alembic migrations for database: D:\Gawean Rebinmas\Monitoring Database\Plantware_Auto_Report\Daftar_Upah_Reporting\refactor_production\context_portal\context.db
2025-12-01 10:01:53,440 - INFO - context_portal_mcp.main - File logging configured to: D:\Gawean Rebinmas\Monitoring Database\Plantware_Auto_Report\Daftar_Upah_baru\payroll_daftar_upah\refactor_production\context_portal\./logs/conport.log
2025-12-01 10:01:53,440 - INFO - context_portal_mcp.core.config - Database filename set to: context.db
2025-12-01 10:01:53,441 - INFO - context_portal_mcp.main - Using database filename: context.db
2025-12-01 10:01:53,441 - INFO - context_portal_mcp.main - Parsed CLI args: Namespace(host='127.0.0.1', port=8000, workspace_id='D:\\Gawean Rebinmas\\Monitoring Database\\Plantware_Auto_Report\\Daftar_Upah_baru\\payroll_daftar_upah\\refactor_production', auto_detect_workspace=True, workspace_search_start=None, no_auto_detect=False, mode='stdio', log_file='./logs/conport.log', db_path=None, base_path=None, db_filename='context.db', log_level='INFO')
2025-12-01 10:01:53,441 - INFO - context_portal_mcp.main - Starting ConPort in STDIO mode with workspace detection enabled
2025-12-01 10:01:53,442 - WARNING - context_portal_mcp.core.workspace_detector - No workspace indicators found, using start path: C:\Users\nbgmf
2025-12-01 10:01:53,443 - INFO - context_portal_mcp.main - Workspace detection details: {'start_path': 'C:\\Users\\nbgmf', 'detected_workspace': 'C:\\Users\\nbgmf', 'context_portal_path': 'C:\\Users\\nbgmf\\context_portal', 'detection_method': 'fallback', 'indicators_found': [], 'environment_variables': {'VSCODE_WORKSPACE_FOLDER': None, 'CONPORT_WORKSPACE': None, 'PWD': None, 'CWD': 'C:\\Users\\nbgmf'}}
2025-12-01 10:01:53,443 - INFO - context_portal_mcp.main - Effective workspace ID: D:\Gawean Rebinmas\Monitoring Database\Plantware_Auto_Report\Daftar_Upah_baru\payroll_daftar_upah\refactor_production
2025-12-01 10:01:53,443 - INFO - context_portal_mcp.main - Pre-warming database connection for workspace: D:\Gawean Rebinmas\Monitoring Database\Plantware_Auto_Report\Daftar_Upah_baru\payroll_daftar_upah\refactor_production
2025-12-01 10:01:53,446 - INFO - context_portal_mcp.db.database - Alembic: Script directory D:\Gawean Rebinmas\Monitoring Database\Plantware_Auto_Report\Daftar_Upah_baru\payroll_daftar_upah\refactor_production\context_portal\alembic confirmed to exist by Python.
2025-12-01 10:01:53,446 - INFO - context_portal_mcp.db.database - Running Alembic migrations for database: D:\Gawean Rebinmas\Monitoring Database\Plantware_Auto_Report\Daftar_Upah_baru\payroll_daftar_upah\refactor_production\context_portal\context.db
2025-12-04 16:03:12,401 - INFO - context_portal_mcp.main - File logging configured to: D:\Gawean Rebinmas\Monitoring Database\Plantware_Auto_Report\Daftar_Upah_baru\payroll_daftar_upah\refactor_production\context_portal\./logs/conport.log
2025-12-04 16:03:12,401 - INFO - context_portal_mcp.core.config - Database filename set to: context.db
2025-12-04 16:03:12,401 - INFO - context_portal_mcp.main - Using database filename: context.db
2025-12-04 16:03:12,401 - INFO - context_portal_mcp.main - Parsed CLI args: Namespace(host='127.0.0.1', port=8000, workspace_id='D:\\Gawean Rebinmas\\Monitoring Database\\Plantware_Auto_Report\\Daftar_Upah_baru\\payroll_daftar_upah\\refactor_production', auto_detect_workspace=True, workspace_search_start=None, no_auto_detect=False, mode='stdio', log_file='./logs/conport.log', db_path=None, base_path=None, db_filename='context.db', log_level='INFO')
2025-12-04 16:03:12,401 - INFO - context_portal_mcp.main - Starting ConPort in STDIO mode with workspace detection enabled
2025-12-04 16:03:12,401 - WARNING - context_portal_mcp.core.workspace_detector - No workspace indicators found, using start path: C:\Users\nbgmf
2025-12-04 16:03:12,401 - INFO - context_portal_mcp.main - Workspace detection details: {'start_path': 'C:\\Users\\nbgmf', 'detected_workspace': 'C:\\Users\\nbgmf', 'context_portal_path': 'C:\\Users\\nbgmf\\context_portal', 'detection_method': 'fallback', 'indicators_found': [], 'environment_variables': {'VSCODE_WORKSPACE_FOLDER': None, 'CONPORT_WORKSPACE': None, 'PWD': None, 'CWD': 'C:\\Users\\nbgmf'}}
2025-12-04 16:03:12,401 - INFO - context_portal_mcp.main - Effective workspace ID: D:\Gawean Rebinmas\Monitoring Database\Plantware_Auto_Report\Daftar_Upah_baru\payroll_daftar_upah\refactor_production
2025-12-04 16:03:12,401 - INFO - context_portal_mcp.main - Pre-warming database connection for workspace: D:\Gawean Rebinmas\Monitoring Database\Plantware_Auto_Report\Daftar_Upah_baru\payroll_daftar_upah\refactor_production
2025-12-04 16:03:12,408 - INFO - context_portal_mcp.db.database - Alembic: Script directory D:\Gawean Rebinmas\Monitoring Database\Plantware_Auto_Report\Daftar_Upah_baru\payroll_daftar_upah\refactor_production\context_portal\alembic confirmed to exist by Python.
2025-12-04 16:03:12,408 - INFO - context_portal_mcp.db.database - Running Alembic migrations for database: D:\Gawean Rebinmas\Monitoring Database\Plantware_Auto_Report\Daftar_Upah_baru\payroll_daftar_upah\refactor_production\context_portal\context.db
2025-12-05 09:25:31,828 - INFO - context_portal_mcp.main - File logging configured to: D:\Gawean Rebinmas\Monitoring Database\Plantware_Auto_Report\Daftar_Upah_baru\payroll_daftar_upah\refactor_production\context_portal\./logs/conport.log
2025-12-05 09:25:31,837 - INFO - context_portal_mcp.core.config - Database filename set to: context.db
2025-12-05 09:25:31,838 - INFO - context_portal_mcp.main - Using database filename: context.db
2025-12-05 09:25:31,838 - INFO - context_portal_mcp.main - Parsed CLI args: Namespace(host='127.0.0.1', port=8000, workspace_id='D:\\Gawean Rebinmas\\Monitoring Database\\Plantware_Auto_Report\\Daftar_Upah_baru\\payroll_daftar_upah\\refactor_production', auto_detect_workspace=True, workspace_search_start=None, no_auto_detect=False, mode='stdio', log_file='./logs/conport.log', db_path=None, base_path=None, db_filename='context.db', log_level='INFO')
2025-12-05 09:25:31,838 - INFO - context_portal_mcp.main - Starting ConPort in STDIO mode with workspace detection enabled
2025-12-05 09:25:31,843 - WARNING - context_portal_mcp.core.workspace_detector - No workspace indicators found, using start path: C:\Users\nbgmf
2025-12-05 09:25:31,843 - INFO - context_portal_mcp.main - Workspace detection details: {'start_path': 'C:\\Users\\nbgmf', 'detected_workspace': 'C:\\Users\\nbgmf', 'context_portal_path': 'C:\\Users\\nbgmf\\context_portal', 'detection_method': 'fallback', 'indicators_found': [], 'environment_variables': {'VSCODE_WORKSPACE_FOLDER': None, 'CONPORT_WORKSPACE': None, 'PWD': None, 'CWD': 'C:\\Users\\nbgmf'}}
2025-12-05 09:25:31,843 - INFO - context_portal_mcp.main - Effective workspace ID: D:\Gawean Rebinmas\Monitoring Database\Plantware_Auto_Report\Daftar_Upah_baru\payroll_daftar_upah\refactor_production
2025-12-05 09:25:31,843 - INFO - context_portal_mcp.main - Pre-warming database connection for workspace: D:\Gawean Rebinmas\Monitoring Database\Plantware_Auto_Report\Daftar_Upah_baru\payroll_daftar_upah\refactor_production
2025-12-05 09:25:31,847 - INFO - context_portal_mcp.db.database - Alembic: Script directory D:\Gawean Rebinmas\Monitoring Database\Plantware_Auto_Report\Daftar_Upah_baru\payroll_daftar_upah\refactor_production\context_portal\alembic confirmed to exist by Python.
2025-12-05 09:25:31,847 - INFO - context_portal_mcp.db.database - Running Alembic migrations for database: D:\Gawean Rebinmas\Monitoring Database\Plantware_Auto_Report\Daftar_Upah_baru\payroll_daftar_upah\refactor_production\context_portal\context.db
2025-12-06 00:27:53,774 - INFO - context_portal_mcp.main - File logging configured to: D:\Gawean Rebinmas\Monitoring Database\Plantware_Auto_Report\Daftar_Upah_baru\payroll_daftar_upah\refactor_production\context_portal\./logs/conport.log
2025-12-06 00:27:53,777 - INFO - context_portal_mcp.core.config - Database filename set to: context.db
2025-12-06 00:27:53,777 - INFO - context_portal_mcp.main - Using database filename: context.db
2025-12-06 00:27:53,777 - INFO - context_portal_mcp.main - Parsed CLI args: Namespace(host='127.0.0.1', port=8000, workspace_id='D:\\Gawean Rebinmas\\Monitoring Database\\Plantware_Auto_Report\\Daftar_Upah_baru\\payroll_daftar_upah\\refactor_production', auto_detect_workspace=True, workspace_search_start=None, no_auto_detect=False, mode='stdio', log_file='./logs/conport.log', db_path=None, base_path=None, db_filename='context.db', log_level='INFO')
2025-12-06 00:27:53,777 - INFO - context_portal_mcp.main - Starting ConPort in STDIO mode with workspace detection enabled
2025-12-06 00:27:53,778 - WARNING - context_portal_mcp.core.workspace_detector - No workspace indicators found, using start path: C:\Users\nbgmf
2025-12-06 00:27:53,779 - INFO - context_portal_mcp.main - Workspace detection details: {'start_path': 'C:\\Users\\nbgmf', 'detected_workspace': 'C:\\Users\\nbgmf', 'context_portal_path': 'C:\\Users\\nbgmf\\context_portal', 'detection_method': 'fallback', 'indicators_found': [], 'environment_variables': {'VSCODE_WORKSPACE_FOLDER': None, 'CONPORT_WORKSPACE': None, 'PWD': None, 'CWD': 'C:\\Users\\nbgmf'}}
2025-12-06 00:27:53,779 - INFO - context_portal_mcp.main - Effective workspace ID: D:\Gawean Rebinmas\Monitoring Database\Plantware_Auto_Report\Daftar_Upah_baru\payroll_daftar_upah\refactor_production
2025-12-06 00:27:53,779 - INFO - context_portal_mcp.main - Pre-warming database connection for workspace: D:\Gawean Rebinmas\Monitoring Database\Plantware_Auto_Report\Daftar_Upah_baru\payroll_daftar_upah\refactor_production
2025-12-06 00:27:53,786 - INFO - context_portal_mcp.db.database - Alembic: Script directory D:\Gawean Rebinmas\Monitoring Database\Plantware_Auto_Report\Daftar_Upah_baru\payroll_daftar_upah\refactor_production\context_portal\alembic confirmed to exist by Python.
2025-12-06 00:27:53,786 - INFO - context_portal_mcp.db.database - Running Alembic migrations for database: D:\Gawean Rebinmas\Monitoring Database\Plantware_Auto_Report\Daftar_Upah_baru\payroll_daftar_upah\refactor_production\context_portal\context.db
2025-12-10 12:04:45,143 - INFO - context_portal_mcp.main - File logging configured to: D:\Gawean Rebinmas\Monitoring Database\Plantware_Auto_Report\Daftar_Upah_baru\payroll_daftar_upah\refactor_production\context_portal\./logs/conport.log
2025-12-10 12:04:45,144 - INFO - context_portal_mcp.core.config - Database filename set to: context.db
2025-12-10 12:04:45,145 - INFO - context_portal_mcp.main - Using database filename: context.db
2025-12-10 12:04:45,145 - INFO - context_portal_mcp.main - Parsed CLI args: Namespace(host='127.0.0.1', port=8000, workspace_id='D:\\Gawean Rebinmas\\Monitoring Database\\Plantware_Auto_Report\\Daftar_Upah_baru\\payroll_daftar_upah\\refactor_production', auto_detect_workspace=True, workspace_search_start=None, no_auto_detect=False, mode='stdio', log_file='./logs/conport.log', db_path=None, base_path=None, db_filename='context.db', log_level='INFO')
2025-12-10 12:04:45,146 - INFO - context_portal_mcp.main - Starting ConPort in STDIO mode with workspace detection enabled
2025-12-10 12:04:45,152 - WARNING - context_portal_mcp.core.workspace_detector - No workspace indicators found, using start path: C:\Users\nbgmf
2025-12-10 12:04:45,154 - INFO - context_portal_mcp.main - Workspace detection details: {'start_path': 'C:\\Users\\nbgmf', 'detected_workspace': 'C:\\Users\\nbgmf', 'context_portal_path': 'C:\\Users\\nbgmf\\context_portal', 'detection_method': 'fallback', 'indicators_found': [], 'environment_variables': {'VSCODE_WORKSPACE_FOLDER': None, 'CONPORT_WORKSPACE': None, 'PWD': None, 'CWD': 'C:\\Users\\nbgmf'}}
2025-12-10 12:04:45,155 - INFO - context_portal_mcp.main - Effective workspace ID: D:\Gawean Rebinmas\Monitoring Database\Plantware_Auto_Report\Daftar_Upah_baru\payroll_daftar_upah\refactor_production
2025-12-10 12:04:45,155 - INFO - context_portal_mcp.main - Pre-warming database connection for workspace: D:\Gawean Rebinmas\Monitoring Database\Plantware_Auto_Report\Daftar_Upah_baru\payroll_daftar_upah\refactor_production
2025-12-10 12:04:45,162 - INFO - context_portal_mcp.db.database - Alembic: Script directory D:\Gawean Rebinmas\Monitoring Database\Plantware_Auto_Report\Daftar_Upah_baru\payroll_daftar_upah\refactor_production\context_portal\alembic confirmed to exist by Python.
2025-12-10 12:04:45,163 - INFO - context_portal_mcp.db.database - Running Alembic migrations for database: D:\Gawean Rebinmas\Monitoring Database\Plantware_Auto_Report\Daftar_Upah_baru\payroll_daftar_upah\refactor_production\context_portal\context.db
2025-12-10 14:00:13,440 - INFO - context_portal_mcp.main - File logging configured to: D:\Gawean Rebinmas\Monitoring Database\Plantware_Auto_Report\Daftar_Upah_baru\payroll_daftar_upah\refactor_production\context_portal\./logs/conport.log
2025-12-10 14:00:13,441 - INFO - context_portal_mcp.core.config - Database filename set to: context.db
2025-12-10 14:00:13,441 - INFO - context_portal_mcp.main - Using database filename: context.db
2025-12-10 14:00:13,441 - INFO - context_portal_mcp.main - Parsed CLI args: Namespace(host='127.0.0.1', port=8000, workspace_id='D:\\Gawean Rebinmas\\Monitoring Database\\Plantware_Auto_Report\\Daftar_Upah_baru\\payroll_daftar_upah\\refactor_production', auto_detect_workspace=True, workspace_search_start=None, no_auto_detect=False, mode='stdio', log_file='./logs/conport.log', db_path=None, base_path=None, db_filename='context.db', log_level='INFO')
2025-12-10 14:00:13,441 - INFO - context_portal_mcp.main - Starting ConPort in STDIO mode with workspace detection enabled
2025-12-10 14:00:13,443 - WARNING - context_portal_mcp.core.workspace_detector - No workspace indicators found, using start path: C:\Users\nbgmf
2025-12-10 14:00:13,443 - INFO - context_portal_mcp.main - Workspace detection details: {'start_path': 'C:\\Users\\nbgmf', 'detected_workspace': 'C:\\Users\\nbgmf', 'context_portal_path': 'C:\\Users\\nbgmf\\context_portal', 'detection_method': 'fallback', 'indicators_found': [], 'environment_variables': {'VSCODE_WORKSPACE_FOLDER': None, 'CONPORT_WORKSPACE': None, 'PWD': None, 'CWD': 'C:\\Users\\nbgmf'}}
2025-12-10 14:00:13,443 - INFO - context_portal_mcp.main - Effective workspace ID: D:\Gawean Rebinmas\Monitoring Database\Plantware_Auto_Report\Daftar_Upah_baru\payroll_daftar_upah\refactor_production
2025-12-10 14:00:13,443 - INFO - context_portal_mcp.main - Pre-warming database connection for workspace: D:\Gawean Rebinmas\Monitoring Database\Plantware_Auto_Report\Daftar_Upah_baru\payroll_daftar_upah\refactor_production
2025-12-10 14:00:13,445 - INFO - context_portal_mcp.db.database - Alembic: Script directory D:\Gawean Rebinmas\Monitoring Database\Plantware_Auto_Report\Daftar_Upah_baru\payroll_daftar_upah\refactor_production\context_portal\alembic confirmed to exist by Python.
2025-12-10 14:00:13,445 - INFO - context_portal_mcp.db.database - Running Alembic migrations for database: D:\Gawean Rebinmas\Monitoring Database\Plantware_Auto_Report\Daftar_Upah_baru\payroll_daftar_upah\refactor_production\context_portal\context.db
2025-12-12 13:59:58,357 - INFO - context_portal_mcp.main - File logging configured to: D:\Gawean Rebinmas\Monitoring Database\Plantware_Auto_Report\Daftar_Upah_baru\payroll_daftar_upah\refactor_production\context_portal\./logs/conport.log
2025-12-12 13:59:58,357 - INFO - context_portal_mcp.core.config - Database filename set to: context.db
2025-12-12 13:59:58,357 - INFO - context_portal_mcp.main - Using database filename: context.db
2025-12-12 13:59:58,357 - INFO - context_portal_mcp.main - Parsed CLI args: Namespace(host='127.0.0.1', port=8000, workspace_id='D:\\Gawean Rebinmas\\Monitoring Database\\Plantware_Auto_Report\\Daftar_Upah_baru\\payroll_daftar_upah\\refactor_production', auto_detect_workspace=True, workspace_search_start=None, no_auto_detect=False, mode='stdio', log_file='./logs/conport.log', db_path=None, base_path=None, db_filename='context.db', log_level='INFO')
2025-12-12 13:59:58,357 - INFO - context_portal_mcp.main - Starting ConPort in STDIO mode with workspace detection enabled
2025-12-12 13:59:58,364 - WARNING - context_portal_mcp.core.workspace_detector - No workspace indicators found, using start path: C:\Users\nbgmf
2025-12-12 13:59:58,364 - INFO - context_portal_mcp.main - Workspace detection details: {'start_path': 'C:\\Users\\nbgmf', 'detected_workspace': 'C:\\Users\\nbgmf', 'context_portal_path': 'C:\\Users\\nbgmf\\context_portal', 'detection_method': 'fallback', 'indicators_found': [], 'environment_variables': {'VSCODE_WORKSPACE_FOLDER': None, 'CONPORT_WORKSPACE': None, 'PWD': None, 'CWD': 'C:\\Users\\nbgmf'}}
2025-12-12 13:59:58,364 - INFO - context_portal_mcp.main - Effective workspace ID: D:\Gawean Rebinmas\Monitoring Database\Plantware_Auto_Report\Daftar_Upah_baru\payroll_daftar_upah\refactor_production
2025-12-12 13:59:58,364 - INFO - context_portal_mcp.main - Pre-warming database connection for workspace: D:\Gawean Rebinmas\Monitoring Database\Plantware_Auto_Report\Daftar_Upah_baru\payroll_daftar_upah\refactor_production
2025-12-12 13:59:58,364 - INFO - context_portal_mcp.db.database - Alembic: Script directory D:\Gawean Rebinmas\Monitoring Database\Plantware_Auto_Report\Daftar_Upah_baru\payroll_daftar_upah\refactor_production\context_portal\alembic confirmed to exist by Python.
2025-12-12 13:59:58,364 - INFO - context_portal_mcp.db.database - Running Alembic migrations for database: D:\Gawean Rebinmas\Monitoring Database\Plantware_Auto_Report\Daftar_Upah_baru\payroll_daftar_upah\refactor_production\context_portal\context.db
2025-12-12 15:39:39,454 - INFO - context_portal_mcp.main - File logging configured to: D:\Gawean Rebinmas\Monitoring Database\Plantware_Auto_Report\Daftar_Upah_baru\payroll_daftar_upah\refactor_production\context_portal\./logs/conport.log
2025-12-12 15:39:39,457 - INFO - context_portal_mcp.core.config - Database filename set to: context.db
2025-12-12 15:39:39,458 - INFO - context_portal_mcp.main - Using database filename: context.db
2025-12-12 15:39:39,458 - INFO - context_portal_mcp.main - Parsed CLI args: Namespace(host='127.0.0.1', port=8000, workspace_id='D:\\Gawean Rebinmas\\Monitoring Database\\Plantware_Auto_Report\\Daftar_Upah_baru\\payroll_daftar_upah\\refactor_production', auto_detect_workspace=True, workspace_search_start=None, no_auto_detect=False, mode='stdio', log_file='./logs/conport.log', db_path=None, base_path=None, db_filename='context.db', log_level='INFO')
2025-12-12 15:39:39,458 - INFO - context_portal_mcp.main - Starting ConPort in STDIO mode with workspace detection enabled
2025-12-12 15:39:39,462 - WARNING - context_portal_mcp.core.workspace_detector - No workspace indicators found, using start path: C:\Users\nbgmf
2025-12-12 15:39:39,463 - INFO - context_portal_mcp.main - Workspace detection details: {'start_path': 'C:\\Users\\nbgmf', 'detected_workspace': 'C:\\Users\\nbgmf', 'context_portal_path': 'C:\\Users\\nbgmf\\context_portal', 'detection_method': 'fallback', 'indicators_found': [], 'environment_variables': {'VSCODE_WORKSPACE_FOLDER': None, 'CONPORT_WORKSPACE': None, 'PWD': None, 'CWD': 'C:\\Users\\nbgmf'}}
2025-12-12 15:39:39,463 - INFO - context_portal_mcp.main - Effective workspace ID: D:\Gawean Rebinmas\Monitoring Database\Plantware_Auto_Report\Daftar_Upah_baru\payroll_daftar_upah\refactor_production
2025-12-12 15:39:39,464 - INFO - context_portal_mcp.main - Pre-warming database connection for workspace: D:\Gawean Rebinmas\Monitoring Database\Plantware_Auto_Report\Daftar_Upah_baru\payroll_daftar_upah\refactor_production
2025-12-12 15:39:39,467 - INFO - context_portal_mcp.db.database - Alembic: Script directory D:\Gawean Rebinmas\Monitoring Database\Plantware_Auto_Report\Daftar_Upah_baru\payroll_daftar_upah\refactor_production\context_portal\alembic confirmed to exist by Python.
2025-12-12 15:39:39,467 - INFO - context_portal_mcp.db.database - Running Alembic migrations for database: D:\Gawean Rebinmas\Monitoring Database\Plantware_Auto_Report\Daftar_Upah_baru\payroll_daftar_upah\refactor_production\context_portal\context.db
2025-12-13 07:56:06,946 - INFO - context_portal_mcp.main - File logging configured to: D:\Gawean Rebinmas\Monitoring Database\Plantware_Auto_Report\Daftar_Upah_baru\payroll_daftar_upah\refactor_production\context_portal\./logs/conport.log
2025-12-13 07:56:06,946 - INFO - context_portal_mcp.core.config - Database filename set to: context.db
2025-12-13 07:56:06,946 - INFO - context_portal_mcp.main - Using database filename: context.db
2025-12-13 07:56:06,946 - INFO - context_portal_mcp.main - Parsed CLI args: Namespace(host='127.0.0.1', port=8000, workspace_id='D:\\Gawean Rebinmas\\Monitoring Database\\Plantware_Auto_Report\\Daftar_Upah_baru\\payroll_daftar_upah\\refactor_production', auto_detect_workspace=True, workspace_search_start=None, no_auto_detect=False, mode='stdio', log_file='./logs/conport.log', db_path=None, base_path=None, db_filename='context.db', log_level='INFO')
2025-12-13 07:56:06,946 - INFO - context_portal_mcp.main - Starting ConPort in STDIO mode with workspace detection enabled
2025-12-13 07:56:06,946 - WARNING - context_portal_mcp.core.workspace_detector - No workspace indicators found, using start path: C:\Users\nbgmf
2025-12-13 07:56:06,946 - INFO - context_portal_mcp.main - Workspace detection details: {'start_path': 'C:\\Users\\nbgmf', 'detected_workspace': 'C:\\Users\\nbgmf', 'context_portal_path': 'C:\\Users\\nbgmf\\context_portal', 'detection_method': 'fallback', 'indicators_found': [], 'environment_variables': {'VSCODE_WORKSPACE_FOLDER': None, 'CONPORT_WORKSPACE': None, 'PWD': None, 'CWD': 'C:\\Users\\nbgmf'}}
2025-12-13 07:56:06,946 - INFO - context_portal_mcp.main - Effective workspace ID: D:\Gawean Rebinmas\Monitoring Database\Plantware_Auto_Report\Daftar_Upah_baru\payroll_daftar_upah\refactor_production
2025-12-13 07:56:06,946 - INFO - context_portal_mcp.main - Pre-warming database connection for workspace: D:\Gawean Rebinmas\Monitoring Database\Plantware_Auto_Report\Daftar_Upah_baru\payroll_daftar_upah\refactor_production
2025-12-13 07:56:06,954 - INFO - context_portal_mcp.db.database - Alembic: Script directory D:\Gawean Rebinmas\Monitoring Database\Plantware_Auto_Report\Daftar_Upah_baru\payroll_daftar_upah\refactor_production\context_portal\alembic confirmed to exist by Python.
2025-12-13 07:56:06,954 - INFO - context_portal_mcp.db.database - Running Alembic migrations for database: D:\Gawean Rebinmas\Monitoring Database\Plantware_Auto_Report\Daftar_Upah_baru\payroll_daftar_upah\refactor_production\context_portal\context.db
2025-12-22 09:30:46,573 - INFO - context_portal_mcp.main - File logging configured to: D:\Gawean Rebinmas\Monitoring Database\Plantware_Auto_Report\Daftar_Upah_baru\payroll_daftar_upah\refactor_production\context_portal\./logs/conport.log
2025-12-22 09:30:46,576 - INFO - context_portal_mcp.core.config - Database filename set to: context.db
2025-12-22 09:30:46,576 - INFO - context_portal_mcp.main - Using database filename: context.db
2025-12-22 09:30:46,576 - INFO - context_portal_mcp.main - Parsed CLI args: Namespace(host='127.0.0.1', port=8000, workspace_id='D:\\Gawean Rebinmas\\Monitoring Database\\Plantware_Auto_Report\\Daftar_Upah_baru\\payroll_daftar_upah\\refactor_production', auto_detect_workspace=True, workspace_search_start=None, no_auto_detect=False, mode='stdio', log_file='./logs/conport.log', db_path=None, base_path=None, db_filename='context.db', log_level='INFO')
2025-12-22 09:30:46,577 - INFO - context_portal_mcp.main - Starting ConPort in STDIO mode with workspace detection enabled
2025-12-22 09:30:46,582 - WARNING - context_portal_mcp.core.workspace_detector - No workspace indicators found, using start path: C:\Users\nbgmf
2025-12-22 09:30:46,584 - INFO - context_portal_mcp.main - Workspace detection details: {'start_path': 'C:\\Users\\nbgmf', 'detected_workspace': 'C:\\Users\\nbgmf', 'context_portal_path': 'C:\\Users\\nbgmf\\context_portal', 'detection_method': 'fallback', 'indicators_found': [], 'environment_variables': {'VSCODE_WORKSPACE_FOLDER': None, 'CONPORT_WORKSPACE': None, 'PWD': None, 'CWD': 'C:\\Users\\nbgmf'}}
2025-12-22 09:30:46,585 - INFO - context_portal_mcp.main - Effective workspace ID: D:\Gawean Rebinmas\Monitoring Database\Plantware_Auto_Report\Daftar_Upah_baru\payroll_daftar_upah\refactor_production
2025-12-22 09:30:46,586 - INFO - context_portal_mcp.main - Pre-warming database connection for workspace: D:\Gawean Rebinmas\Monitoring Database\Plantware_Auto_Report\Daftar_Upah_baru\payroll_daftar_upah\refactor_production
2025-12-22 09:30:46,590 - INFO - context_portal_mcp.db.database - Alembic: Script directory D:\Gawean Rebinmas\Monitoring Database\Plantware_Auto_Report\Daftar_Upah_baru\payroll_daftar_upah\refactor_production\context_portal\alembic confirmed to exist by Python.
2025-12-22 09:30:46,590 - INFO - context_portal_mcp.db.database - Running Alembic migrations for database: D:\Gawean Rebinmas\Monitoring Database\Plantware_Auto_Report\Daftar_Upah_baru\payroll_daftar_upah\refactor_production\context_portal\context.db
2025-12-30 08:01:49,981 - INFO - context_portal_mcp.main - File logging configured to: D:\Gawean Rebinmas\Monitoring Database\Plantware_Auto_Report\Daftar_Upah_baru\payroll_daftar_upah\refactor_production\context_portal\./logs/conport.log
2025-12-30 08:01:49,982 - INFO - context_portal_mcp.core.config - Database filename set to: context.db
2025-12-30 08:01:49,983 - INFO - context_portal_mcp.main - Using database filename: context.db
2025-12-30 08:01:49,983 - INFO - context_portal_mcp.main - Parsed CLI args: Namespace(host='127.0.0.1', port=8000, workspace_id='D:\\Gawean Rebinmas\\Monitoring Database\\Plantware_Auto_Report\\Daftar_Upah_baru\\payroll_daftar_upah\\refactor_production', auto_detect_workspace=True, workspace_search_start=None, no_auto_detect=False, mode='stdio', log_file='./logs/conport.log', db_path=None, base_path=None, db_filename='context.db', log_level='INFO')
2025-12-30 08:01:49,983 - INFO - context_portal_mcp.main - Starting ConPort in STDIO mode with workspace detection enabled
2025-12-30 08:01:49,984 - WARNING - context_portal_mcp.core.workspace_detector - No workspace indicators found, using start path: C:\Users\nbgmf
2025-12-30 08:01:49,985 - INFO - context_portal_mcp.main - Workspace detection details: {'start_path': 'C:\\Users\\nbgmf', 'detected_workspace': 'C:\\Users\\nbgmf', 'context_portal_path': 'C:\\Users\\nbgmf\\context_portal', 'detection_method': 'fallback', 'indicators_found': [], 'environment_variables': {'VSCODE_WORKSPACE_FOLDER': None, 'CONPORT_WORKSPACE': None, 'PWD': None, 'CWD': 'C:\\Users\\nbgmf'}}
2025-12-30 08:01:49,985 - INFO - context_portal_mcp.main - Effective workspace ID: D:\Gawean Rebinmas\Monitoring Database\Plantware_Auto_Report\Daftar_Upah_baru\payroll_daftar_upah\refactor_production
2025-12-30 08:01:49,985 - INFO - context_portal_mcp.main - Pre-warming database connection for workspace: D:\Gawean Rebinmas\Monitoring Database\Plantware_Auto_Report\Daftar_Upah_baru\payroll_daftar_upah\refactor_production
2025-12-30 08:01:49,987 - INFO - context_portal_mcp.db.database - Alembic: Script directory D:\Gawean Rebinmas\Monitoring Database\Plantware_Auto_Report\Daftar_Upah_baru\payroll_daftar_upah\refactor_production\context_portal\alembic confirmed to exist by Python.
2025-12-30 08:01:49,987 - INFO - context_portal_mcp.db.database - Running Alembic migrations for database: D:\Gawean Rebinmas\Monitoring Database\Plantware_Auto_Report\Daftar_Upah_baru\payroll_daftar_upah\refactor_production\context_portal\context.db
