[2026-04-09T12:14:48.680Z] === LOGS CLEARED ON STARTUP ===

[2026-04-09T12:14:49.160Z] [12:14:49.160] [ERROR] [DB] Gateway Error (500): {"success":false,"db":"db_ptrj","server":"SERVER_PROFILE_2","execution_ms":5.123400000389665,"data":null,"error":"Database error: Invalid column name 'HK'."} Error: HTTP 500
[2026-04-09T12:14:49.161Z]   at query (D:\Gawean Rebinmas\PORTAL_ESTATE\Plantware_Auto_Report\Daftar_Upah_baru\payroll_daftar_upah\refactor_production\backend\src\db\client.ts:155:92)
[2026-04-09T12:14:49.161Z]   at async <anonymous> (D:\Gawean Rebinmas\PORTAL_ESTATE\Plantware_Auto_Report\Daftar_Upah_baru\payroll_daftar_upah\refactor_production\[eval]:1:125)
[2026-04-09T12:14:49.162Z] [12:14:49.162] [ERROR] [DB] Query failed (Attempt 1/4) Error: Gateway returned 500: Internal Server Error - {"success":false,"db":"db_ptrj","server":"SERVER_PROFILE_2","execution_ms":5.123400000389665,"data":null,"error":"Database error: Invalid column name 'HK'."}
[2026-04-09T12:14:49.162Z]   at query (D:\Gawean Rebinmas\PORTAL_ESTATE\Plantware_Auto_Report\Daftar_Upah_baru\payroll_daftar_upah\refactor_production\backend\src\db\client.ts:156:31)
[2026-04-09T12:14:49.162Z]   at async <anonymous> (D:\Gawean Rebinmas\PORTAL_ESTATE\Plantware_Auto_Report\Daftar_Upah_baru\payroll_daftar_upah\refactor_production\[eval]:1:125)
[2026-04-09T12:14:49.705Z] [12:14:49.705] [ERROR] [DB] Gateway Error (500): {"success":false,"db":"db_ptrj","server":"SERVER_PROFILE_2","execution_ms":23.27639999985695,"data":null,"error":"Database error: Invalid column name 'HK'."} Error: HTTP 500
[2026-04-09T12:14:49.706Z]   at query (D:\Gawean Rebinmas\PORTAL_ESTATE\Plantware_Auto_Report\Daftar_Upah_baru\payroll_daftar_upah\refactor_production\backend\src\db\client.ts:155:92)
[2026-04-09T12:14:49.706Z]   at async <anonymous> (D:\Gawean Rebinmas\PORTAL_ESTATE\Plantware_Auto_Report\Daftar_Upah_baru\payroll_daftar_upah\refactor_production\[eval]:1:125)
[2026-04-09T12:14:49.706Z] [12:14:49.706] [ERROR] [DB] Query failed (Attempt 2/4) Error: Gateway returned 500: Internal Server Error - {"success":false,"db":"db_ptrj","server":"SERVER_PROFILE_2","execution_ms":23.27639999985695,"data":null,"error":"Database error: Invalid column name 'HK'."}
[2026-04-09T12:14:49.706Z]   at query (D:\Gawean Rebinmas\PORTAL_ESTATE\Plantware_Auto_Report\Daftar_Upah_baru\payroll_daftar_upah\refactor_production\backend\src\db\client.ts:156:31)
[2026-04-09T12:14:49.706Z]   at async <anonymous> (D:\Gawean Rebinmas\PORTAL_ESTATE\Plantware_Auto_Report\Daftar_Upah_baru\payroll_daftar_upah\refactor_production\[eval]:1:125)
[2026-04-09T12:14:50.731Z] [12:14:50.731] [ERROR] [DB] Gateway Error (500): {"success":false,"db":"db_ptrj","server":"SERVER_PROFILE_2","execution_ms":4.762099999934435,"data":null,"error":"Database error: Invalid column name 'HK'."} Error: HTTP 500
[2026-04-09T12:14:50.731Z]   at query (D:\Gawean Rebinmas\PORTAL_ESTATE\Plantware_Auto_Report\Daftar_Upah_baru\payroll_daftar_upah\refactor_production\backend\src\db\client.ts:155:92)
[2026-04-09T12:14:50.732Z]   at async <anonymous> (D:\Gawean Rebinmas\PORTAL_ESTATE\Plantware_Auto_Report\Daftar_Upah_baru\payroll_daftar_upah\refactor_production\[eval]:1:125)
[2026-04-09T12:14:50.732Z] [12:14:50.732] [ERROR] [DB] Query failed (Attempt 3/4) Error: Gateway returned 500: Internal Server Error - {"success":false,"db":"db_ptrj","server":"SERVER_PROFILE_2","execution_ms":4.762099999934435,"data":null,"error":"Database error: Invalid column name 'HK'."}
[2026-04-09T12:14:50.732Z]   at query (D:\Gawean Rebinmas\PORTAL_ESTATE\Plantware_Auto_Report\Daftar_Upah_baru\payroll_daftar_upah\refactor_production\backend\src\db\client.ts:156:31)
[2026-04-09T12:14:50.732Z]   at async <anonymous> (D:\Gawean Rebinmas\PORTAL_ESTATE\Plantware_Auto_Report\Daftar_Upah_baru\payroll_daftar_upah\refactor_production\[eval]:1:125)
[2026-04-09T12:14:52.764Z] [12:14:52.764] [ERROR] [DB] Gateway Error (500): {"success":false,"db":"db_ptrj","server":"SERVER_PROFILE_2","execution_ms":12.28359999973327,"data":null,"error":"Database error: Invalid column name 'HK'."} Error: HTTP 500
[2026-04-09T12:14:52.773Z]   at query (D:\Gawean Rebinmas\PORTAL_ESTATE\Plantware_Auto_Report\Daftar_Upah_baru\payroll_daftar_upah\refactor_production\backend\src\db\client.ts:155:92)
[2026-04-09T12:14:52.773Z]   at async <anonymous> (D:\Gawean Rebinmas\PORTAL_ESTATE\Plantware_Auto_Report\Daftar_Upah_baru\payroll_daftar_upah\refactor_production\[eval]:1:125)
[2026-04-09T12:14:52.774Z] [12:14:52.774] [ERROR] [DB] Query failed (Attempt 4/4) Error: Gateway returned 500: Internal Server Error - {"success":false,"db":"db_ptrj","server":"SERVER_PROFILE_2","execution_ms":12.28359999973327,"data":null,"error":"Database error: Invalid column name 'HK'."}
[2026-04-09T12:14:52.774Z]   at query (D:\Gawean Rebinmas\PORTAL_ESTATE\Plantware_Auto_Report\Daftar_Upah_baru\payroll_daftar_upah\refactor_production\backend\src\db\client.ts:156:31)
[2026-04-09T12:14:52.774Z]   at async <anonymous> (D:\Gawean Rebinmas\PORTAL_ESTATE\Plantware_Auto_Report\Daftar_Upah_baru\payroll_daftar_upah\refactor_production\[eval]:1:125)
